09-13 17:47:29.431  1859  1912 E KernelCpuSpeedReader: Failed to read cpu-freq: /sys/devices/system/cpu/cpu7/cpufreq/stats/time_in_state: open failed: ENOENT (No such file or directory)
09-13 17:47:43.863  1859  1905 D CompatibilityChangeReporter: Compat change id reported: 168419799; UID 10420; state: DISABLED
09-13 17:47:43.863  1859  1905 D CompatibilityChangeReporter: Compat change id reported: 273564678; UID 10420; state: DISABLED
09-13 17:47:44.048  1859  5523 W AppOps  : Noting op not finished: uid 10361 pkg com.google.android.gms code 79 startTime of in progress event=1694615388358
09-13 17:47:44.055  1859  5637 W AppOps  : Noting op not finished: uid 10361 pkg com.google.android.gms code 79 startTime of in progress event=1694619620645
09-13 17:47:44.058  1859  5637 W AppOps  : Noting op not finished: uid 10361 pkg com.google.android.gms code 113 startTime of in progress event=1694615388358
09-13 17:47:44.062  1859  5523 W AppOps  : Noting op not finished: uid 10361 pkg com.google.android.gms code 113 startTime of in progress event=1694615388358
09-13 17:47:44.066  1859  5637 W AppOps  : Noting op not finished: uid 10361 pkg com.google.android.gms code 113 startTime of in progress event=1694615388358
09-13 17:47:44.070  1859  5523 W AppOps  : Noting op not finished: uid 10361 pkg com.google.android.gms code 113 startTime of in progress event=1694615388358
09-13 17:48:02.395  1859  5519 W ContextImpl: Calling a method in the system process without a qualified user: android.app.ContextImpl.sendBroadcastMultiplePermissions:1222 com.android.server.TelephonyRegistry.broadcastServiceStateChanged:3092 com.android.server.TelephonyRegistry.notifyServiceStateForPhoneId:1618 com.android.internal.telephony.ITelephonyRegistry$Stub.onTransact:492 android.os.Binder.execTransactInternal:1280 
09-13 17:48:02.395  1859  5519 W ContextImpl: Calling a method in the system process without a qualified user: android.app.ContextImpl.sendBroadcastMultiplePermissions:1272 android.content.Context.sendBroadcastMultiplePermissions:2273 com.android.server.TelephonyRegistry.broadcastServiceStateChanged:3096 com.android.server.TelephonyRegistry.notifyServiceStateForPhoneId:1618 com.android.internal.telephony.ITelephonyRegistry$Stub.onTransact:492 
09-13 17:48:02.396  1859  1905 W BroadcastQueue: Permission Denial: receiving Intent { act=android.intent.action.SERVICE_STATE flg=0x1000010 (has extras) } to ProcessRecord{9883f40 2525:com.android.systemui/u0a389} (pid=2525, uid=10389) requires android.permission.ACCESS_FINE_LOCATION due to sender android (uid 1000)
09-13 17:48:02.396  1859  1905 W BroadcastQueue: Permission Denial: receiving Intent { act=android.intent.action.SERVICE_STATE flg=0x1000010 (has extras) } to com.android.cellbroadcastreceiver.module/com.android.cellbroadcastreceiver.CellBroadcastReceiver requires android.permission.ACCESS_FINE_LOCATION due to sender android (uid 1000)
09-13 17:48:02.396  1859  1905 W BroadcastQueue: Permission Denial: receiving Intent { act=android.intent.action.SERVICE_STATE flg=0x1000010 (has extras) } to ProcessRecord{9883f40 2525:com.android.systemui/u0a389} (pid=2525, uid=10389) requires android.permission.ACCESS_FINE_LOCATION due to sender android (uid 1000)
09-13 17:48:02.397  1859  5519 W ContextImpl: Calling a method in the system process without a qualified user: android.app.ContextImpl.sendBroadcastMultiplePermissions:1272 android.content.Context.sendBroadcastMultiplePermissions:2273 com.android.server.TelephonyRegistry.broadcastServiceStateChanged:3103 com.android.server.TelephonyRegistry.notifyServiceStateForPhoneId:1618 com.android.internal.telephony.ITelephonyRegistry$Stub.onTransact:492 
09-13 17:48:02.397  1859  5519 W ContextImpl: Calling a method in the system process without a qualified user: android.app.ContextImpl.sendBroadcastMultiplePermissions:1272 android.content.Context.sendBroadcastMultiplePermissions:2273 com.android.server.TelephonyRegistry.broadcastServiceStateChanged:3107 com.android.server.TelephonyRegistry.notifyServiceStateForPhoneId:1618 com.android.internal.telephony.ITelephonyRegistry$Stub.onTransact:492 
09-13 17:48:02.400  1859  1905 W BroadcastQueue: Appop Denial: receiving Intent { act=android.intent.action.SERVICE_STATE flg=0x1000010 (has extras) } to ProcessRecord{9883f40 2525:com.android.systemui/u0a389} (pid=2525, uid=10389) excludes appop android:read_phone_state due to sender android (uid 1000)
09-13 17:48:07.088  1859  1877 I ActivityManager: Killing 8243:com.facebook.katana/u0a422 (adj 999): empty for 1801s
09-13 17:48:07.212  1859  5637 E AppOps  : package audioserver not found, can't check for attributionTag null
09-13 17:48:19.058  1859  1859 W Looper  : Slow delivery took 1407ms main h=android.os.Handler c=com.android.internal.os.BinderCallsStats$1@8fd4733 m=0
09-13 17:48:19.067  1859  1859 W Looper  : Drained
09-13 17:48:27.806  1859  1859 I SoundTriggerHelper: Recognition success
09-13 17:48:27.806 21295  6055 I AlwaysOnHotwordDetector: onDetected
09-13 17:48:27.830  1859  4370 E AppOps  : package audioserver not found, can't check for attributionTag null
09-13 17:48:27.833  1859  4370 E AppOps  : package audioserver not found, can't check for attributionTag null
09-13 17:48:27.836  1859  4370 E AppOps  : package audioserver not found, can't check for attributionTag null
09-13 17:48:27.837  1859  4370 E AppOps  : package audioserver not found, can't check for attributionTag null
09-13 17:48:28.919  1859  4370 E AppOps  : package audioserver not found, can't check for attributionTag null
09-13 17:48:29.043  1859  4370 E AppOps  : package audioserver not found, can't check for attributionTag null
09-13 17:48:29.053  1859  4370 E AppOps  : package audioserver not found, can't check for attributionTag null
09-13 17:48:29.053  1859  5534 D CompatibilityChangeReporter: Compat change id reported: 168419799; UID 10362; state: DISABLED
09-13 17:48:29.053  1859  5534 D CompatibilityChangeReporter: Compat change id reported: 273564678; UID 10362; state: DISABLED
09-13 17:48:29.054  1859  5637 E AppOps  : package audioserver not found, can't check for attributionTag null
09-13 17:48:29.121  1859  4370 I SoundTriggerHelper: startRecognition successful.
09-13 17:48:43.872  1859  1912 E KernelCpuSpeedReader: Failed to read cpu-freq: /sys/devices/system/cpu/cpu0/cpufreq/stats/time_in_state: open failed: ENOENT (No such file or directory)
09-13 17:48:43.872  1859  1912 E KernelCpuSpeedReader: Failed to read cpu-freq: /sys/devices/system/cpu/cpu4/cpufreq/stats/time_in_state: open failed: ENOENT (No such file or directory)
09-13 17:48:43.872  1859  1912 E KernelCpuSpeedReader: Failed to read cpu-freq: /sys/devices/system/cpu/cpu7/cpufreq/stats/time_in_state: open failed: ENOENT (No such file or directory)
09-13 17:48:51.826  1859  4370 W AppOps  : Noting op not finished: uid 10361 pkg com.google.android.gms code 79 startTime of in progress event=1694615388358
09-13 17:48:51.832  1859  5637 W AppOps  : Noting op not finished: uid 10361 pkg com.google.android.gms code 79 startTime of in progress event=1694619620645
09-13 17:48:51.836  1859  1877 W AppOps  : Noting op not finished: uid 10361 pkg com.google.android.gms code 113 startTime of in progress event=1694615388358
09-13 17:48:51.839  1859  4370 W AppOps  : Noting op not finished: uid 10361 pkg com.google.android.gms code 113 startTime of in progress event=1694615388358
09-13 17:48:51.843  1859  5534 W AppOps  : Noting op not finished: uid 10361 pkg com.google.android.gms code 113 startTime of in progress event=1694615388358
09-13 17:48:51.846  1859  5534 W AppOps  : Noting op not finished: uid 10361 pkg com.google.android.gms code 113 startTime of in progress event=1694615388358
09-13 17:48:51.868  1859  4370 W AlarmManager: Alarms must either supply a PendingIntent or an AlarmReceiver
09-13 17:48:52.194  1502  1502 I wificond: Regulatory domain changed to country: DE on wiphy_index: 0
09-13 17:48:52.194  1502  1502 I wificond: UpdateBandInfo
09-13 17:48:52.197  1502  1502 I wificond: 2.4Ghz frequencies: 2412 2417 2422 2427 2432 2437 2442 2447 2452 2457 2462 2467 2472
09-13 17:48:52.197  1502  1502 I wificond: 5Ghz non-DFS frequencies: 5180 5200 5220 5240 5745 5765 5785 5805 5825 5845 5865
09-13 17:48:52.198  1502  1502 I wificond: 5Ghz DFS frequencies: 5260 5280 5300 5320 5500 5520 5540 5560 5580 5600 5620 5640 5660 5680 5700 5720
09-13 17:48:52.198  1502  1502 I wificond: 6Ghz frequencies:
09-13 17:48:52.198  1502  1502 I wificond: 60Ghz frequencies:
09-13 17:48:52.510  1859  1877 W AlarmManager: Alarms must either supply a PendingIntent or an AlarmReceiver
09-13 17:49:20.499  1859  1859 W Looper  : Slow delivery took 1405ms main h=android.os.Handler c=com.android.internal.os.BinderCallsStats$1@8fd4733 m=0
09-13 17:49:20.508  1859  1859 W Looper  : Drained
09-13 17:49:25.619  1859  1905 D CompatibilityChangeReporter: Compat change id reported: 135634846; UID 10466; state: DISABLED
09-13 17:49:25.619  1859  1905 D CompatibilityChangeReporter: Compat change id reported: 177438394; UID 10466; state: DISABLED
09-13 17:49:25.619  1859  1905 D CompatibilityChangeReporter: Compat change id reported: 135772972; UID 10466; state: DISABLED
09-13 17:49:25.619  1859  1905 D CompatibilityChangeReporter: Compat change id reported: 135754954; UID 10466; state: ENABLED
09-13 17:49:25.620  1859  1906 D CompatibilityChangeReporter: Compat change id reported: 143937733; UID 10466; state: ENABLED
09-13 17:49:25.630  1859  1906 I ActivityManager: Start proc 14667:de.materna.bbk.mobile.app/u0a466 for broadcast {de.materna.bbk.mobile.app/com.google.firebase.iid.FirebaseInstanceIdReceiver}
09-13 17:49:25.890  1859  4370 D CompatibilityChangeReporter: Compat change id reported: 161145287; UID 10466; state: DISABLED
09-13 17:49:49.454  1859  1859 I SoundTriggerHelper: Recognition success
09-13 17:49:49.455 21295  6055 I AlwaysOnHotwordDetector: onDetected
09-13 17:49:49.479  1859  1877 E AppOps  : package audioserver not found, can't check for attributionTag null
09-13 17:49:49.481  1859  1877 E AppOps  : package audioserver not found, can't check for attributionTag null
09-13 17:49:49.485  1859  1877 E AppOps  : package audioserver not found, can't check for attributionTag null
09-13 17:49:49.486  1859  1877 E AppOps  : package audioserver not found, can't check for attributionTag null
09-13 17:49:50.566  1859  5637 E AppOps  : package audioserver not found, can't check for attributionTag null
09-13 17:49:50.691  1859  5637 E AppOps  : package audioserver not found, can't check for attributionTag null
09-13 17:49:50.702  1859  1877 E AppOps  : package audioserver not found, can't check for attributionTag null
09-13 17:49:50.704  1859  1877 E AppOps  : package audioserver not found, can't check for attributionTag null
09-13 17:49:50.769  1859  1877 I SoundTriggerHelper: startRecognition successful.
09-13 17:49:51.591  1859  1912 E KernelCpuSpeedReader: Failed to read cpu-freq: /sys/devices/system/cpu/cpu0/cpufreq/stats/time_in_state: open failed: ENOENT (No such file or directory)
09-13 17:49:51.591  1859  1912 E KernelCpuSpeedReader: Failed to read cpu-freq: /sys/devices/system/cpu/cpu4/cpufreq/stats/time_in_state: open failed: ENOENT (No such file or directory)
09-13 17:49:51.592  1859  1912 E KernelCpuSpeedReader: Failed to read cpu-freq: /sys/devices/system/cpu/cpu7/cpufreq/stats/time_in_state: open failed: ENOENT (No such file or directory)
09-13 17:49:59.544  1859  2405 I DropBoxManagerService: add tag=platform_stats_bookmark isTagEnabled=true flags=0x2
09-13 17:49:59.555  1859  1905 W BroadcastQueue: Background execution not allowed: receiving Intent { act=android.intent.action.DROPBOX_ENTRY_ADDED flg=0x10 (has extras) } to com.google.android.gms/.stats.service.DropBoxEntryAddedReceiver
09-13 17:49:59.555  1859  1905 W BroadcastQueue: Background execution not allowed: receiving Intent { act=android.intent.action.DROPBOX_ENTRY_ADDED flg=0x10 (has extras) } to com.google.android.gms/.chimera.GmsIntentOperationService$PersistentTrustedReceiver
09-13 17:49:59.609  1859  2696 W AppOps  : Noting op not finished: uid 10361 pkg com.google.android.gms code 79 startTime of in progress event=1694615388358
09-13 17:49:59.614  1859  5534 W AppOps  : Noting op not finished: uid 10361 pkg com.google.android.gms code 79 startTime of in progress event=1694619620645
09-13 17:49:59.618  1859  2696 W AppOps  : Noting op not finished: uid 10361 pkg com.google.android.gms code 113 startTime of in progress event=1694615388358
09-13 17:49:59.623  1859  2696 W AppOps  : Noting op not finished: uid 10361 pkg com.google.android.gms code 113 startTime of in progress event=1694615388358
09-13 17:49:59.626  1859  2838 W AppOps  : Noting op not finished: uid 10361 pkg com.google.android.gms code 113 startTime of in progress event=1694615388358
09-13 17:49:59.629  1859  2696 W AppOps  : Noting op not finished: uid 10361 pkg com.google.android.gms code 113 startTime of in progress event=1694615388358
09-13 17:49:59.810  1859  2838 W ActivityManager: Background start not allowed: service Intent { act=com.whatsapp.messaging.MessageService.START cmp=com.whatsapp/.messaging.MessageService } to com.whatsapp/.messaging.MessageService from pid=5093 uid=10427 pkg=com.whatsapp startFg?=false
09-13 17:50:02.369  1859  1859 D CompatibilityChangeReporter: Compat change id reported: 135634846; UID 10453; state: DISABLED
09-13 17:50:02.370  1859  1859 D CompatibilityChangeReporter: Compat change id reported: 177438394; UID 10453; state: DISABLED
09-13 17:50:02.370  1859  1859 D CompatibilityChangeReporter: Compat change id reported: 135772972; UID 10453; state: DISABLED
09-13 17:50:02.370  1859  1859 D CompatibilityChangeReporter: Compat change id reported: 135754954; UID 10453; state: ENABLED
09-13 17:50:02.370  1859  1906 D CompatibilityChangeReporter: Compat change id reported: 143937733; UID 10453; state: ENABLED
09-13 17:50:02.381  1859  1906 I ActivityManager: Start proc 14812:de.bayer04.newone/u0a453 for service {de.bayer04.newone/com.gimbal.android.jobs.JobManagerService}
09-13 17:50:02.517  1859  2405 D CompatibilityChangeReporter: Compat change id reported: 194532703; UID 10453; state: ENABLED
09-13 17:50:02.559  1859  2696 D CompatibilityChangeReporter: Compat change id reported: 161145287; UID 10453; state: DISABLED
09-13 17:50:02.684  1859  2405 W ActivityManager: Unable to start service Intent { act=de.bayer04.newone pkg=de.bayer04.newone } U=0: not found
09-13 17:50:02.706  1859  1859 W JobScheduler: Job didn't exist in JobStore: 6fefce1 #u0a453/95305998 de.bayer04.newone/com.gimbal.android.jobs.JobManagerService
09-13 17:50:02.713  1859  2696 W JobScheduler: Job didn't exist in JobStore: 12fe049 #u0a453/95305998 de.bayer04.newone/com.gimbal.android.jobs.JobManagerService
09-13 17:50:03.519  1859  2210 D CompatibilityChangeReporter: Compat change id reported: 218533173; UID 10453; state: ENABLED
09-13 17:50:03.523  1859  1859 I Telecom : DefaultDialerCache: Refreshing default dialer for user 0: now com.android.dialer: DDC.oR@EbU
09-13 17:50:03.531  1859  1895 D CompatibilityChangeReporter: Compat change id reported: 135634846; UID 10405; state: DISABLED
09-13 17:50:03.531  1859  1895 D CompatibilityChangeReporter: Compat change id reported: 177438394; UID 10405; state: DISABLED
09-13 17:50:03.531  1859  1895 D CompatibilityChangeReporter: Compat change id reported: 135772972; UID 10405; state: DISABLED
09-13 17:50:03.531  1859  1895 D CompatibilityChangeReporter: Compat change id reported: 135754954; UID 10405; state: ENABLED
09-13 17:50:03.532  1859  1906 D CompatibilityChangeReporter: Compat change id reported: 143937733; UID 10405; state: ENABLED
09-13 17:50:03.539  1859  1906 I ActivityManager: Start proc 14906:com.android.permissioncontroller/u0a405 for service {com.android.permissioncontroller/com.android.permissioncontroller.permission.service.PermissionControllerServiceImpl}
09-13 17:50:03.590  1859  5534 D CompatibilityChangeReporter: Compat change id reported: 161252188; UID 10453; state: DISABLED
09-13 17:50:03.673  1859  2696 D CompatibilityChangeReporter: Compat change id reported: 161145287; UID 10405; state: DISABLED
09-13 17:50:13.053   673 14846 I keystore2: keystore2::watchdog: Watchdog thread idle -> terminating. Have a great day.
09-13 17:50:21.937  1859  1859 W Looper  : Slow delivery took 1409ms main h=android.os.Handler c=com.android.internal.os.BinderCallsStats$1@8fd4733 m=0
09-13 17:50:21.946  1859  1859 W Looper  : Drained
09-13 17:50:51.880  1859  2838 W AlarmManager: Alarms must either supply a PendingIntent or an AlarmReceiver
09-13 17:50:52.052  1859  2696 W AppOps  : Noting op not finished: uid 10361 pkg com.google.android.gms code 79 startTime of in progress event=1694615388358
09-13 17:50:52.059  1859  2696 W AppOps  : Noting op not finished: uid 10361 pkg com.google.android.gms code 79 startTime of in progress event=1694619620645
09-13 17:50:52.064  1859  5637 W AppOps  : Noting op not finished: uid 10361 pkg com.google.android.gms code 113 startTime of in progress event=1694615388358
09-13 17:50:52.067  1859  2838 W AppOps  : Noting op not finished: uid 10361 pkg com.google.android.gms code 113 startTime of in progress event=1694615388358
09-13 17:50:52.071  1859  5637 W AppOps  : Noting op not finished: uid 10361 pkg com.google.android.gms code 113 startTime of in progress event=1694615388358
09-13 17:50:52.077  1859  2696 W AppOps  : Noting op not finished: uid 10361 pkg com.google.android.gms code 113 startTime of in progress event=1694615388358
09-13 17:50:53.013  1859  5534 W AlarmManager: Alarms must either supply a PendingIntent or an AlarmReceiver
09-13 17:50:55.943  1859  1912 E KernelCpuSpeedReader: Failed to read cpu-freq: /sys/devices/system/cpu/cpu0/cpufreq/stats/time_in_state: open failed: ENOENT (No such file or directory)
09-13 17:50:55.943  1859  1912 E KernelCpuSpeedReader: Failed to read cpu-freq: /sys/devices/system/cpu/cpu4/cpufreq/stats/time_in_state: open failed: ENOENT (No such file or directory)
09-13 17:50:55.943  1859  1912 E KernelCpuSpeedReader: Failed to read cpu-freq: /sys/devices/system/cpu/cpu7/cpufreq/stats/time_in_state: open failed: ENOENT (No such file or directory)
09-13 17:50:57.482  1859  1859 I SoundTriggerHelper: Recognition success
09-13 17:50:57.483 21295 21536 I AlwaysOnHotwordDetector: onDetected
09-13 17:50:57.531  1859  5534 E AppOps  : package audioserver not found, can't check for attributionTag null
09-13 17:50:57.532  1859  5534 E AppOps  : package audioserver not found, can't check for attributionTag null
09-13 17:50:57.538  1859  5534 E AppOps  : package audioserver not found, can't check for attributionTag null
09-13 17:50:57.539  1859  5534 E AppOps  : package audioserver not found, can't check for attributionTag null
09-13 17:50:58.596  1859  2696 E AppOps  : package audioserver not found, can't check for attributionTag null
09-13 17:50:58.721  1859  5534 E AppOps  : package audioserver not found, can't check for attributionTag null
09-13 17:50:58.732  1859  5534 E AppOps  : package audioserver not found, can't check for attributionTag null
09-13 17:50:58.734  1859  5534 E AppOps  : package audioserver not found, can't check for attributionTag null
09-13 17:50:58.803  1859  2696 I SoundTriggerHelper: startRecognition successful.
09-13 17:51:20.837  1859  1905 D CompatibilityChangeReporter: Compat change id reported: 168419799; UID 10466; state: DISABLED
09-13 17:51:20.837  1859  1905 D CompatibilityChangeReporter: Compat change id reported: 273564678; UID 10466; state: DISABLED
09-13 17:51:22.419  1859  1859 W Looper  : Slow delivery took 453ms main h=android.os.Handler c=com.android.internal.os.BinderCallsStats$1@8fd4733 m=0
09-13 17:51:22.426  1859  1859 W Looper  : Drained
09-13 17:51:55.896  1859  1912 E KernelCpuSpeedReader: Failed to read cpu-freq: /sys/devices/system/cpu/cpu0/cpufreq/stats/time_in_state: open failed: ENOENT (No such file or directory)
09-13 17:51:55.897  1859  1912 E KernelCpuSpeedReader: Failed to read cpu-freq: /sys/devices/system/cpu/cpu4/cpufreq/stats/time_in_state: open failed: ENOENT (No such file or directory)
09-13 17:51:55.897  1859  1912 E KernelCpuSpeedReader: Failed to read cpu-freq: /sys/devices/system/cpu/cpu7/cpufreq/stats/time_in_state: open failed: ENOENT (No such file or directory)
09-13 17:51:59.589  1859  2250 W AlarmManager: Attempt to decrement existing alarm count 0 by 1 for uid 1000
09-13 17:51:59.605  1859  2426 D CompatibilityChangeReporter: Compat change id reported: 135634846; UID 10440; state: DISABLED
09-13 17:51:59.606  1859  2426 D CompatibilityChangeReporter: Compat change id reported: 177438394; UID 10440; state: DISABLED
09-13 17:51:59.606  1859  2426 D CompatibilityChangeReporter: Compat change id reported: 135772972; UID 10440; state: DISABLED
09-13 17:51:59.606  1859  2426 D CompatibilityChangeReporter: Compat change id reported: 135754954; UID 10440; state: ENABLED
09-13 17:51:59.607  1859  1906 D CompatibilityChangeReporter: Compat change id reported: 143937733; UID 10440; state: ENABLED
09-13 17:51:59.615  1859  1906 I ActivityManager: Start proc 15128:de.wetteronline.wetterapp/u0a440 for broadcast {de.wetteronline.wetterapp/de.wetteronline.wetterapp.widget.WidgetProvider4x2}
09-13 17:51:59.689  1859  2405 E ThermalHalWrapper: Couldn't get temperatures because of HAL error: ThermalHAL not initialized properly.
09-13 17:51:59.760  1859  2405 D CompatibilityChangeReporter: Compat change id reported: 161145287; UID 10440; state: DISABLED
09-13 17:51:59.781  1859  2696 D CompatibilityChangeReporter: Compat change id reported: 194532703; UID 10440; state: ENABLED
09-13 17:51:59.940  1859  1956 E VerityUtils: Failed to measure fs-verity, errno 1: /data/app/~~4QBHsQ_GtZaCY9KgRQ_UNw==/de.wetteronline.wetterapp--LPYs4pMS2RnGilIvl-Z1Q==/base.apk
09-13 17:52:00.084  1859  2838 D CompatibilityChangeReporter: Compat change id reported: 135634846; UID 99171; state: DISABLED
09-13 17:52:00.084  1859  1906 D CompatibilityChangeReporter: Compat change id reported: 143937733; UID 10440; state: ENABLED
09-13 17:52:00.092  1859  1906 I ActivityManager: Start proc 15239:com.android.webview:sandboxed_process0:org.chromium.content.app.SandboxedProcessService0:0/u0i171 for  {de.wetteronline.wetterapp/org.chromium.content.app.SandboxedProcessService0:0}
09-13 17:52:00.114  1859  2838 E AppOps  : package audioserver not found, can't check for attributionTag null
09-13 17:52:00.190  1859  2838 D CompatibilityChangeReporter: Compat change id reported: 168419799; UID 10318; state: DISABLED
09-13 17:52:00.190  1859  2838 D CompatibilityChangeReporter: Compat change id reported: 273564678; UID 10318; state: DISABLED
09-13 17:52:00.197  1859  2696 D CompatibilityChangeReporter: Compat change id reported: 194532703; UID 10318; state: ENABLED
09-13 17:52:00.434   673  6458 E keystore2: keystore2::metrics_store: In pull_attestation_pool_stats: Failed to retrieve pool status for security level: SecurityLevel(2)
09-13 17:52:00.578  1859  4370 W AppOps  : Noting op not finished: uid 10361 pkg com.google.android.gms code 79 startTime of in progress event=1694615388358
09-13 17:52:00.584  1859  2405 W AppOps  : Noting op not finished: uid 10361 pkg com.google.android.gms code 79 startTime of in progress event=1694619620645
09-13 17:52:00.604  1859  2405 W AppOps  : Noting op not finished: uid 10361 pkg com.google.android.gms code 113 startTime of in progress event=1694615388358
09-13 17:52:00.623  1859  4370 W AppOps  : Noting op not finished: uid 10361 pkg com.google.android.gms code 113 startTime of in progress event=1694615388358
09-13 17:52:00.640  1859  2405 W AppOps  : Noting op not finished: uid 10361 pkg com.google.android.gms code 113 startTime of in progress event=1694615388358
09-13 17:52:00.649  1859  4370 W AppOps  : Noting op not finished: uid 10361 pkg com.google.android.gms code 113 startTime of in progress event=1694615388358
09-13 17:52:00.660  1859  4370 W AlarmManager: Alarms must either supply a PendingIntent or an AlarmReceiver
09-13 17:52:00.668  1859  4370 W AlarmManager: Alarms must either supply a PendingIntent or an AlarmReceiver
09-13 17:52:00.678  1859  5534 D CompatibilityChangeReporter: Compat change id reported: 168936375; UID 10361; state: ENABLED
09-13 17:52:00.679  1859  5534 D CompatibilityChangeReporter: Compat change id reported: 73144566; UID 10361; state: ENABLED
09-13 17:52:00.681  1859  5534 W AlarmManager: Alarms must either supply a PendingIntent or an AlarmReceiver
09-13 17:52:00.683  1859  5534 W AlarmManager: Alarms must either supply a PendingIntent or an AlarmReceiver
09-13 17:52:01.330  1859  2405 W AlarmManager: Alarms must either supply a PendingIntent or an AlarmReceiver
09-13 17:52:10.954   673 15325 I keystore2: keystore2::watchdog: Watchdog thread idle -> terminating. Have a great day.
09-13 17:52:13.568  1859  1895 D CompatibilityChangeReporter: Compat change id reported: 168936375; UID 1000; state: ENABLED
09-13 17:52:13.569  1859  1895 D CompatibilityChangeReporter: Compat change id reported: 168936375; UID 1000; state: DISABLED
09-13 17:52:13.570  1859  1895 D CompatibilityChangeReporter: Compat change id reported: 73144566; UID 1000; state: ENABLED
09-13 17:52:13.571  1859  1895 D CompatibilityChangeReporter: Compat change id reported: 73144566; UID 1000; state: DISABLED
09-13 17:52:13.583  1859  2405 W AlarmManager: Alarms must either supply a PendingIntent or an AlarmReceiver
09-13 17:52:15.803  1859  1905 W BroadcastQueue: Background execution not allowed: receiving Intent { act=android.net.wifi.SCAN_RESULTS flg=0x4000010 (has extras) } to de.payback.client.android/net.payback.proximity.sdk.wifi.receiver.WifiScanReceiver
09-13 17:52:15.845  1859  4370 W AlarmManager: Alarms must either supply a PendingIntent or an AlarmReceiver
09-13 17:52:15.847  1859  2696 W AlarmManager: Alarms must either supply a PendingIntent or an AlarmReceiver
09-13 17:52:15.874  1859  2696 W AlarmManager: Alarms must either supply a PendingIntent or an AlarmReceiver
09-13 17:52:16.375  1502  1502 I wificond: Regulatory domain changed to country: DE on wiphy_index: 0
09-13 17:52:16.375  1502  1502 I wificond: UpdateBandInfo
09-13 17:52:16.379  1502  1502 I wificond: 2.4Ghz frequencies: 2412 2417 2422 2427 2432 2437 2442 2447 2452 2457 2462 2467 2472
09-13 17:52:16.379  1502  1502 I wificond: 5Ghz non-DFS frequencies: 5180 5200 5220 5240 5745 5765 5785 5805 5825 5845 5865
09-13 17:52:16.379  1502  1502 I wificond: 5Ghz DFS frequencies: 5260 5280 5300 5320 5500 5520 5540 5560 5580 5600 5620 5640 5660 5680 5700 5720
09-13 17:52:16.379  1502  1502 I wificond: 6Ghz frequencies:
09-13 17:52:16.379  1502  1502 I wificond: 60Ghz frequencies:
09-13 17:52:16.834  1859  2696 W AlarmManager: Alarms must either supply a PendingIntent or an AlarmReceiver
09-13 17:52:17.840  1859  2838 W AlarmManager: Alarms must either supply a PendingIntent or an AlarmReceiver
09-13 17:52:18.106  1859  1905 W BroadcastQueue: Background execution not allowed: receiving Intent { act=android.net.wifi.SCAN_RESULTS flg=0x4000010 (has extras) } to de.payback.client.android/net.payback.proximity.sdk.wifi.receiver.WifiScanReceiver
09-13 17:52:18.117  1859  2838 W AlarmManager: Alarms must either supply a PendingIntent or an AlarmReceiver
09-13 17:52:18.838  1859  2696 W AlarmManager: Alarms must either supply a PendingIntent or an AlarmReceiver
09-13 17:52:19.842  1859  2696 W AlarmManager: Alarms must either supply a PendingIntent or an AlarmReceiver
09-13 17:52:20.842  1859  5534 W AlarmManager: Alarms must either supply a PendingIntent or an AlarmReceiver
09-13 17:52:21.836  1859  2405 W AlarmManager: Alarms must either supply a PendingIntent or an AlarmReceiver
09-13 17:52:22.839  1859  2838 W AlarmManager: Alarms must either supply a PendingIntent or an AlarmReceiver
09-13 17:52:23.837  1859  2405 W AlarmManager: Alarms must either supply a PendingIntent or an AlarmReceiver
09-13 17:52:24.839  1859  1912 E KernelCpuSpeedReader: Failed to read cpu-freq: /sys/devices/system/cpu/cpu0/cpufreq/stats/time_in_state: open failed: ENOENT (No such file or directory)
09-13 17:52:24.839  1859  1912 E KernelCpuSpeedReader: Failed to read cpu-freq: /sys/devices/system/cpu/cpu4/cpufreq/stats/time_in_state: open failed: ENOENT (No such file or directory)
09-13 17:52:24.839  1859  1912 E KernelCpuSpeedReader: Failed to read cpu-freq: /sys/devices/system/cpu/cpu7/cpufreq/stats/time_in_state: open failed: ENOENT (No such file or directory)
09-13 17:52:24.840  1859  2405 W AlarmManager: Alarms must either supply a PendingIntent or an AlarmReceiver
09-13 17:52:25.842  1859  1877 W AlarmManager: Alarms must either supply a PendingIntent or an AlarmReceiver
09-13 17:52:26.839  1859  2696 W AlarmManager: Alarms must either supply a PendingIntent or an AlarmReceiver
09-13 17:52:27.840  1859  2696 W AlarmManager: Alarms must either supply a PendingIntent or an AlarmReceiver
09-13 17:52:28.844  1859  2696 W AlarmManager: Alarms must either supply a PendingIntent or an AlarmReceiver
09-13 17:52:29.838  1859  2696 W AlarmManager: Alarms must either supply a PendingIntent or an AlarmReceiver
09-13 17:52:30.846  1859  1877 W AlarmManager: Alarms must either supply a PendingIntent or an AlarmReceiver
09-13 17:52:31.850  1859  2696 W AlarmManager: Alarms must either supply a PendingIntent or an AlarmReceiver
09-13 17:52:32.847  1859  1877 W AlarmManager: Alarms must either supply a PendingIntent or an AlarmReceiver
09-13 17:52:33.847  1859  1877 W AlarmManager: Alarms must either supply a PendingIntent or an AlarmReceiver
09-13 17:52:34.853  1859  1877 W AlarmManager: Alarms must either supply a PendingIntent or an AlarmReceiver
09-13 17:52:35.845  1859  2696 W AlarmManager: Alarms must either supply a PendingIntent or an AlarmReceiver
09-13 17:52:36.846  1859  1877 W AlarmManager: Alarms must either supply a PendingIntent or an AlarmReceiver
09-13 17:52:37.853  1859  1877 W AlarmManager: Alarms must either supply a PendingIntent or an AlarmReceiver
09-13 17:52:38.850  1859  1877 W AlarmManager: Alarms must either supply a PendingIntent or an AlarmReceiver
09-13 17:52:39.853  1859  2696 W AlarmManager: Alarms must either supply a PendingIntent or an AlarmReceiver
09-13 17:52:40.854  1859  2696 W AlarmManager: Alarms must either supply a PendingIntent or an AlarmReceiver
09-13 17:52:41.847  1859  1877 W AlarmManager: Alarms must either supply a PendingIntent or an AlarmReceiver
09-13 17:52:42.850  1859  1877 W AlarmManager: Alarms must either supply a PendingIntent or an AlarmReceiver
09-13 17:52:43.846  1859  2696 W AlarmManager: Alarms must either supply a PendingIntent or an AlarmReceiver
09-13 17:52:44.852  1859  2696 W AlarmManager: Alarms must either supply a PendingIntent or an AlarmReceiver
09-13 17:52:45.849  1859  2696 W AlarmManager: Alarms must either supply a PendingIntent or an AlarmReceiver
09-13 17:52:46.853  1859  2696 W AlarmManager: Alarms must either supply a PendingIntent or an AlarmReceiver
09-13 17:52:47.848  1859  1877 W AlarmManager: Alarms must either supply a PendingIntent or an AlarmReceiver
09-13 17:52:48.846  1859  2696 W AlarmManager: Alarms must either supply a PendingIntent or an AlarmReceiver
09-13 17:52:49.857  1859  2696 W AlarmManager: Alarms must either supply a PendingIntent or an AlarmReceiver
09-13 17:52:50.838  1859  2405 W AlarmManager: Alarms must either supply a PendingIntent or an AlarmReceiver
09-13 17:52:50.862  1859  1877 D CompatibilityChangeReporter: Compat change id reported: 194532703; UID 10362; state: ENABLED
09-13 17:52:51.841  1859  2696 W AlarmManager: Alarms must either supply a PendingIntent or an AlarmReceiver
09-13 17:52:52.846  1859  2696 W AlarmManager: Alarms must either supply a PendingIntent or an AlarmReceiver
09-13 17:52:53.838  1859  1877 W AlarmManager: Alarms must either supply a PendingIntent or an AlarmReceiver
09-13 17:52:54.842  1859  2696 W AlarmManager: Alarms must either supply a PendingIntent or an AlarmReceiver
09-13 17:52:55.846  1859  2405 W AlarmManager: Alarms must either supply a PendingIntent or an AlarmReceiver
09-13 17:52:56.841  1859  2838 W AlarmManager: Alarms must either supply a PendingIntent or an AlarmReceiver
09-13 17:52:57.841  1859  2696 W AlarmManager: Alarms must either supply a PendingIntent or an AlarmReceiver
09-13 17:52:58.844  1859  2696 W AlarmManager: Alarms must either supply a PendingIntent or an AlarmReceiver
09-13 17:52:59.842  1859  2838 W AlarmManager: Alarms must either supply a PendingIntent or an AlarmReceiver
09-13 17:53:00.848  1859  2838 W AlarmManager: Alarms must either supply a PendingIntent or an AlarmReceiver
09-13 17:53:01.853  1859  2838 W AlarmManager: Alarms must either supply a PendingIntent or an AlarmReceiver
09-13 17:53:02.848  1859  2405 W AlarmManager: Alarms must either supply a PendingIntent or an AlarmReceiver
09-13 17:53:03.850  1859  2405 W AlarmManager: Alarms must either supply a PendingIntent or an AlarmReceiver
09-13 17:53:04.851  1859  2838 W AlarmManager: Alarms must either supply a PendingIntent or an AlarmReceiver
09-13 17:53:05.851  1859  2838 W AlarmManager: Alarms must either supply a PendingIntent or an AlarmReceiver
09-13 17:53:06.839  1859  2405 W AlarmManager: Alarms must either supply a PendingIntent or an AlarmReceiver
09-13 17:53:07.848  1859  2838 W AlarmManager: Alarms must either supply a PendingIntent or an AlarmReceiver
09-13 17:53:08.170  1859  2838 D CompatibilityChangeReporter: Compat change id reported: 135634846; UID 10384; state: DISABLED
09-13 17:53:08.170  1859  2838 D CompatibilityChangeReporter: Compat change id reported: 177438394; UID 10384; state: DISABLED
09-13 17:53:08.170  1859  2838 D CompatibilityChangeReporter: Compat change id reported: 135772972; UID 10384; state: DISABLED
09-13 17:53:08.170  1859  2838 D CompatibilityChangeReporter: Compat change id reported: 135754954; UID 10384; state: ENABLED
09-13 17:53:08.171  1859  1906 D CompatibilityChangeReporter: Compat change id reported: 143937733; UID 10384; state: ENABLED
09-13 17:53:08.181  1859  1906 I ActivityManager: Start proc 15458:org.risingos.updater/u0a384 for broadcast {org.risingos.updater/org.risingos.updater.UpdatesCheckReceiver}
09-13 17:53:08.210  1859  2696 D CompatibilityChangeReporter: Compat change id reported: 135634846; UID 10315; state: DISABLED
09-13 17:53:08.210  1859  2696 D CompatibilityChangeReporter: Compat change id reported: 177438394; UID 10315; state: DISABLED
09-13 17:53:08.211  1859  2696 D CompatibilityChangeReporter: Compat change id reported: 135772972; UID 10315; state: DISABLED
09-13 17:53:08.211  1859  2696 D CompatibilityChangeReporter: Compat change id reported: 135754954; UID 10315; state: ENABLED
09-13 17:53:08.211  1859  1906 D CompatibilityChangeReporter: Compat change id reported: 143937733; UID 10315; state: ENABLED
09-13 17:53:08.218  1859  1906 I ActivityManager: Start proc 15474:android.process.media/u0a315 for content provider {com.android.providers.downloads/com.android.providers.downloads.DownloadProvider}
09-13 17:53:08.223  1859  2696 D CompatibilityChangeReporter: Compat change id reported: 168419799; UID 10384; state: DISABLED
09-13 17:53:08.223  1859  2696 D CompatibilityChangeReporter: Compat change id reported: 273564678; UID 10384; state: DISABLED
09-13 17:53:08.241  1859  2696 D CompatibilityChangeReporter: Compat change id reported: 168419799; UID 10315; state: DISABLED
09-13 17:53:08.242  1859  2696 D CompatibilityChangeReporter: Compat change id reported: 273564678; UID 10315; state: DISABLED
09-13 17:53:08.378  1859  2405 W AppOps  : Noting op not finished: uid 10361 pkg com.google.android.gms code 79 startTime of in progress event=1694615388358
09-13 17:53:08.383  1859  2838 W AppOps  : Noting op not finished: uid 10361 pkg com.google.android.gms code 79 startTime of in progress event=1694619620645
09-13 17:53:08.387  1859  2838 W AppOps  : Noting op not finished: uid 10361 pkg com.google.android.gms code 113 startTime of in progress event=1694615388358
09-13 17:53:08.391  1859  2838 W AppOps  : Noting op not finished: uid 10361 pkg com.google.android.gms code 113 startTime of in progress event=1694615388358
09-13 17:53:08.395  1859  2838 W AppOps  : Noting op not finished: uid 10361 pkg com.google.android.gms code 113 startTime of in progress event=1694615388358
09-13 17:53:08.399  1859  2838 W AppOps  : Noting op not finished: uid 10361 pkg com.google.android.gms code 113 startTime of in progress event=1694615388358
09-13 17:53:08.842  1859  2838 W AlarmManager: Alarms must either supply a PendingIntent or an AlarmReceiver
09-13 17:53:09.839  1859  2838 W AlarmManager: Alarms must either supply a PendingIntent or an AlarmReceiver
09-13 17:53:10.841  1859  2838 W AlarmManager: Alarms must either supply a PendingIntent or an AlarmReceiver
09-13 17:53:11.842  1859  2696 W AlarmManager: Alarms must either supply a PendingIntent or an AlarmReceiver
09-13 17:53:12.842  1859  1877 W AlarmManager: Alarms must either supply a PendingIntent or an AlarmReceiver
09-13 17:53:13.845  1859  2696 W AlarmManager: Alarms must either supply a PendingIntent or an AlarmReceiver
09-13 17:53:14.842  1859  2696 W AlarmManager: Alarms must either supply a PendingIntent or an AlarmReceiver
09-13 17:53:15.844  1859  1877 W AlarmManager: Alarms must either supply a PendingIntent or an AlarmReceiver
09-13 17:53:16.853  1859  2696 W AlarmManager: Alarms must either supply a PendingIntent or an AlarmReceiver
09-13 17:53:17.852  1859  2696 W AlarmManager: Alarms must either supply a PendingIntent or an AlarmReceiver
09-13 17:53:18.849  1859  2696 W AlarmManager: Alarms must either supply a PendingIntent or an AlarmReceiver
09-13 17:53:19.851  1859  1877 W AlarmManager: Alarms must either supply a PendingIntent or an AlarmReceiver
09-13 17:53:20.852  1859  2696 W AlarmManager: Alarms must either supply a PendingIntent or an AlarmReceiver
09-13 17:53:21.846  1859  2696 W AlarmManager: Alarms must either supply a PendingIntent or an AlarmReceiver
09-13 17:53:22.852  1859  2696 W AlarmManager: Alarms must either supply a PendingIntent or an AlarmReceiver
09-13 17:53:23.848  1859  2696 W AlarmManager: Alarms must either supply a PendingIntent or an AlarmReceiver
09-13 17:53:24.846  1859  2696 W AlarmManager: Alarms must either supply a PendingIntent or an AlarmReceiver
09-13 17:53:24.896  1859  1912 E KernelCpuSpeedReader: Failed to read cpu-freq: /sys/devices/system/cpu/cpu0/cpufreq/stats/time_in_state: open failed: ENOENT (No such file or directory)
09-13 17:53:24.897  1859  1912 E KernelCpuSpeedReader: Failed to read cpu-freq: /sys/devices/system/cpu/cpu4/cpufreq/stats/time_in_state: open failed: ENOENT (No such file or directory)
09-13 17:53:24.897  1859  1912 E KernelCpuSpeedReader: Failed to read cpu-freq: /sys/devices/system/cpu/cpu7/cpufreq/stats/time_in_state: open failed: ENOENT (No such file or directory)
09-13 17:53:25.853  1859  1877 W AlarmManager: Alarms must either supply a PendingIntent or an AlarmReceiver
09-13 17:53:26.850  1859  1877 W AlarmManager: Alarms must either supply a PendingIntent or an AlarmReceiver
09-13 17:53:27.846  1859  1877 W AlarmManager: Alarms must either supply a PendingIntent or an AlarmReceiver
09-13 17:53:28.852  1859  2696 W AlarmManager: Alarms must either supply a PendingIntent or an AlarmReceiver
09-13 17:53:29.850  1859  2696 W AlarmManager: Alarms must either supply a PendingIntent or an AlarmReceiver
09-13 17:53:30.969  1859  2696 W AlarmManager: Alarms must either supply a PendingIntent or an AlarmReceiver
09-13 17:53:31.845  1859  2696 W AlarmManager: Alarms must either supply a PendingIntent or an AlarmReceiver
09-13 17:53:32.850  1859  2838 W AlarmManager: Alarms must either supply a PendingIntent or an AlarmReceiver
09-13 17:53:33.846  1859  2696 W AlarmManager: Alarms must either supply a PendingIntent or an AlarmReceiver
09-13 17:53:34.853  1859  2696 W AlarmManager: Alarms must either supply a PendingIntent or an AlarmReceiver
09-13 17:53:35.847  1859  2696 W AlarmManager: Alarms must either supply a PendingIntent or an AlarmReceiver
09-13 17:53:36.846  1859  2838 W AlarmManager: Alarms must either supply a PendingIntent or an AlarmReceiver
09-13 17:53:37.853  1859  2838 W AlarmManager: Alarms must either supply a PendingIntent or an AlarmReceiver
09-13 17:53:38.849  1859  2405 W AlarmManager: Alarms must either supply a PendingIntent or an AlarmReceiver
09-13 17:53:39.849  1859  2696 W AlarmManager: Alarms must either supply a PendingIntent or an AlarmReceiver
09-13 17:53:40.854  1859  2405 W AlarmManager: Alarms must either supply a PendingIntent or an AlarmReceiver
09-13 17:53:41.836  1859  2405 W AlarmManager: Alarms must either supply a PendingIntent or an AlarmReceiver
09-13 17:53:42.842  1859  2696 W AlarmManager: Alarms must either supply a PendingIntent or an AlarmReceiver
09-13 17:53:43.843  1859  2696 W AlarmManager: Alarms must either supply a PendingIntent or an AlarmReceiver
09-13 17:53:44.495  1502  1502 I wificond: Regulatory domain changed to country: DE on wiphy_index: 0
09-13 17:53:44.496  1502  1502 I wificond: UpdateBandInfo
09-13 17:53:44.500  1502  1502 I wificond: 2.4Ghz frequencies: 2412 2417 2422 2427 2432 2437 2442 2447 2452 2457 2462 2467 2472
09-13 17:53:44.500  1502  1502 I wificond: 5Ghz non-DFS frequencies: 5180 5200 5220 5240 5745 5765 5785 5805 5825 5845 5865
09-13 17:53:44.500  1502  1502 I wificond: 5Ghz DFS frequencies: 5260 5280 5300 5320 5500 5520 5540 5560 5580 5600 5620 5640 5660 5680 5700 5720
09-13 17:53:44.500  1502  1502 I wificond: 6Ghz frequencies:
09-13 17:53:44.500  1502  1502 I wificond: 60Ghz frequencies:
09-13 17:53:44.849  1859  2696 W AlarmManager: Alarms must either supply a PendingIntent or an AlarmReceiver
09-13 17:53:45.843  1859  2696 W AlarmManager: Alarms must either supply a PendingIntent or an AlarmReceiver
09-13 17:53:46.840  1859  2696 W AlarmManager: Alarms must either supply a PendingIntent or an AlarmReceiver
09-13 17:53:47.840  1859  2696 W AlarmManager: Alarms must either supply a PendingIntent or an AlarmReceiver
09-13 17:53:48.843  1859  2838 W AlarmManager: Alarms must either supply a PendingIntent or an AlarmReceiver
09-13 17:53:49.836  1859  2838 W AlarmManager: Alarms must either supply a PendingIntent or an AlarmReceiver
09-13 17:53:50.844  1859  2838 W AlarmManager: Alarms must either supply a PendingIntent or an AlarmReceiver
09-13 17:53:51.847  1859  2405 W AlarmManager: Alarms must either supply a PendingIntent or an AlarmReceiver
09-13 17:53:52.857  1859  2405 W AlarmManager: Alarms must either supply a PendingIntent or an AlarmReceiver
09-13 17:53:53.847  1859  2696 W AlarmManager: Alarms must either supply a PendingIntent or an AlarmReceiver
09-13 17:53:54.847  1859  2405 W AlarmManager: Alarms must either supply a PendingIntent or an AlarmReceiver
09-13 17:53:55.845  1859  2696 W AlarmManager: Alarms must either supply a PendingIntent or an AlarmReceiver
09-13 17:53:56.841  1859  2696 W AlarmManager: Alarms must either supply a PendingIntent or an AlarmReceiver
09-13 17:53:57.836  1859  2696 W AlarmManager: Alarms must either supply a PendingIntent or an AlarmReceiver
09-13 17:53:58.835  1859  2838 W AlarmManager: Alarms must either supply a PendingIntent or an AlarmReceiver
09-13 17:53:59.845  1859  2838 W AlarmManager: Alarms must either supply a PendingIntent or an AlarmReceiver
09-13 17:54:00.846  1859  2696 W AlarmManager: Alarms must either supply a PendingIntent or an AlarmReceiver
09-13 17:54:15.879  1859  1905 D CompatibilityChangeReporter: Compat change id reported: 135634846; UID 10442; state: DISABLED
09-13 17:54:15.880  1859  1905 D CompatibilityChangeReporter: Compat change id reported: 177438394; UID 10442; state: DISABLED
09-13 17:54:15.880  1859  1905 D CompatibilityChangeReporter: Compat change id reported: 135772972; UID 10442; state: DISABLED
09-13 17:54:15.880  1859  1905 D CompatibilityChangeReporter: Compat change id reported: 135754954; UID 10442; state: ENABLED
09-13 17:54:15.880  1859  1906 D CompatibilityChangeReporter: Compat change id reported: 143937733; UID 10442; state: ENABLED
09-13 17:54:15.889  1859  2838 W AlarmManager: Alarms must either supply a PendingIntent or an AlarmReceiver
09-13 17:54:15.891  1859  1906 I ActivityManager: Start proc 15578:com.google.android.apps.authenticator2/u0a442 for broadcast {com.google.android.apps.authenticator2/com.google.android.apps.authenticator.auditlog.AuditLogTimerReceiver}
09-13 17:54:15.921  1859  2696 D CompatibilityChangeReporter: Compat change id reported: 168419799; UID 10442; state: DISABLED
09-13 17:54:15.921  1859  2696 D CompatibilityChangeReporter: Compat change id reported: 273564678; UID 10442; state: DISABLED
09-13 17:54:16.109  1859  2696 W AppOps  : Noting op not finished: uid 10361 pkg com.google.android.gms code 79 startTime of in progress event=1694615388358
09-13 17:54:16.118  1859  2405 W AppOps  : Noting op not finished: uid 10361 pkg com.google.android.gms code 79 startTime of in progress event=1694619620645
09-13 17:54:16.121  1859  1877 W AppOps  : Noting op not finished: uid 10361 pkg com.google.android.gms code 113 startTime of in progress event=1694615388358
09-13 17:54:16.126  1859  2838 W AppOps  : Noting op not finished: uid 10361 pkg com.google.android.gms code 113 startTime of in progress event=1694615388358
09-13 17:54:16.129  1859  2405 W AppOps  : Noting op not finished: uid 10361 pkg com.google.android.gms code 113 startTime of in progress event=1694615388358
09-13 17:54:16.132  1859  2405 W AppOps  : Noting op not finished: uid 10361 pkg com.google.android.gms code 113 startTime of in progress event=1694615388358
09-13 17:54:16.820  1859  2405 W AlarmManager: Alarms must either supply a PendingIntent or an AlarmReceiver
09-13 17:54:16.840  1859  5534 E AppOps  : package com.google.android.gms.location.history not found, can't check for attributionTag null
09-13 17:54:23.002  1859  5534 D CompatibilityChangeReporter: Compat change id reported: 161145287; UID 10442; state: DISABLED
09-13 17:54:24.863  1859  1912 E KernelCpuSpeedReader: Failed to read cpu-freq: /sys/devices/system/cpu/cpu0/cpufreq/stats/time_in_state: open failed: ENOENT (No such file or directory)
09-13 17:54:24.863  1859  1912 E KernelCpuSpeedReader: Failed to read cpu-freq: /sys/devices/system/cpu/cpu4/cpufreq/stats/time_in_state: open failed: ENOENT (No such file or directory)
09-13 17:54:24.863  1859  1912 E KernelCpuSpeedReader: Failed to read cpu-freq: /sys/devices/system/cpu/cpu7/cpufreq/stats/time_in_state: open failed: ENOENT (No such file or directory)
09-13 17:54:37.944  1859  1859 W Looper  : Slow delivery took 5464ms main h=android.os.Handler c=com.android.internal.os.BinderCallsStats$1@8fd4733 m=0
09-13 17:54:37.952  1859  1859 W Looper  : Drained
09-13 17:55:23.654  1859  5534 W AlarmManager: Alarms must either supply a PendingIntent or an AlarmReceiver
09-13 17:55:23.871  1859  5534 W AppOps  : Noting op not finished: uid 10361 pkg com.google.android.gms code 79 startTime of in progress event=1694615388358
09-13 17:55:23.879  1859  1877 W AppOps  : Noting op not finished: uid 10361 pkg com.google.android.gms code 79 startTime of in progress event=1694619620645
09-13 17:55:23.882  1859  5534 W AppOps  : Noting op not finished: uid 10361 pkg com.google.android.gms code 113 startTime of in progress event=1694615388358
09-13 17:55:23.886  1859  5534 W AppOps  : Noting op not finished: uid 10361 pkg com.google.android.gms code 113 startTime of in progress event=1694615388358
09-13 17:55:23.889  1859  2696 W AppOps  : Noting op not finished: uid 10361 pkg com.google.android.gms code 113 startTime of in progress event=1694615388358
09-13 17:55:23.893  1859  4370 W AppOps  : Noting op not finished: uid 10361 pkg com.google.android.gms code 113 startTime of in progress event=1694615388358
09-13 17:55:27.161  1859  1912 E KernelCpuSpeedReader: Failed to read cpu-freq: /sys/devices/system/cpu/cpu0/cpufreq/stats/time_in_state: open failed: ENOENT (No such file or directory)
09-13 17:55:27.161  1859  1912 E KernelCpuSpeedReader: Failed to read cpu-freq: /sys/devices/system/cpu/cpu4/cpufreq/stats/time_in_state: open failed: ENOENT (No such file or directory)
09-13 17:55:27.161  1859  1912 E KernelCpuSpeedReader: Failed to read cpu-freq: /sys/devices/system/cpu/cpu7/cpufreq/stats/time_in_state: open failed: ENOENT (No such file or directory)
09-13 17:55:39.382  1859  1859 W Looper  : Slow delivery took 1399ms main h=android.os.Handler c=com.android.internal.os.BinderCallsStats$1@8fd4733 m=0
09-13 17:55:44.384  1859  1859 W Looper  : Drained
09-13 17:56:15.893  1859  2696 E ThermalHalWrapper: Couldn't get temperatures because of HAL error: ThermalHAL not initialized properly.
09-13 17:56:15.901  1859  2696 W AlarmManager: Alarms must either supply a PendingIntent or an AlarmReceiver
09-13 17:56:16.044  1859  2696 W AppOps  : Noting op not finished: uid 10361 pkg com.google.android.gms code 79 startTime of in progress event=1694615388358
09-13 17:56:16.053  1859  4370 W AppOps  : Noting op not finished: uid 10361 pkg com.google.android.gms code 79 startTime of in progress event=1694619620645
09-13 17:56:16.055  1859  2696 W AppOps  : Noting op not finished: uid 10361 pkg com.google.android.gms code 113 startTime of in progress event=1694615388358
09-13 17:56:16.058  1859  2696 W AppOps  : Noting op not finished: uid 10361 pkg com.google.android.gms code 113 startTime of in progress event=1694615388358
09-13 17:56:16.061  1859  1877 W AppOps  : Noting op not finished: uid 10361 pkg com.google.android.gms code 113 startTime of in progress event=1694615388358
09-13 17:56:16.063  1859  4370 W AppOps  : Noting op not finished: uid 10361 pkg com.google.android.gms code 113 startTime of in progress event=1694615388358
