09-13 18:04:29.775  1859  1912 E KernelCpuSpeedReader: Failed to read cpu-freq: /sys/devices/system/cpu/cpu4/cpufreq/stats/time_in_state: open failed: ENOENT (No such file or directory)
09-13 18:04:29.775  1859  1912 E KernelCpuSpeedReader: Failed to read cpu-freq: /sys/devices/system/cpu/cpu7/cpufreq/stats/time_in_state: open failed: ENOENT (No such file or directory)
09-13 18:04:37.552  1859  2503 W AlarmManager: Alarms must either supply a PendingIntent or an AlarmReceiver
09-13 18:04:37.766  1859  2503 W AppOps  : Noting op not finished: uid 10361 pkg com.google.android.gms code 79 startTime of in progress event=1694615388358
09-13 18:04:37.774  1859  2652 W AppOps  : Noting op not finished: uid 10361 pkg com.google.android.gms code 79 startTime of in progress event=1694619620645
09-13 18:04:37.777  1859  2652 W AppOps  : Noting op not finished: uid 10361 pkg com.google.android.gms code 113 startTime of in progress event=1694615388358
09-13 18:04:37.781  1859  2652 W AppOps  : Noting op not finished: uid 10361 pkg com.google.android.gms code 113 startTime of in progress event=1694615388358
09-13 18:04:37.786  1859  2652 W AppOps  : Noting op not finished: uid 10361 pkg com.google.android.gms code 113 startTime of in progress event=1694615388358
09-13 18:04:37.789  1859  4307 W AppOps  : Noting op not finished: uid 10361 pkg com.google.android.gms code 113 startTime of in progress event=1694615388358
09-13 18:04:37.804  1859  5508 W AlarmManager: Alarms must either supply a PendingIntent or an AlarmReceiver
09-13 18:04:38.456  1859  2503 W AlarmManager: Alarms must either supply a PendingIntent or an AlarmReceiver
09-13 18:05:10.483  1859  3336 W ContextImpl: Calling a method in the system process without a qualified user: android.app.ContextImpl.sendBroadcastMultiplePermissions:1222 com.android.server.TelephonyRegistry.broadcastServiceStateChanged:3092 com.android.server.TelephonyRegistry.notifyServiceStateForPhoneId:1618 com.android.internal.telephony.ITelephonyRegistry$Stub.onTransact:492 android.os.Binder.execTransactInternal:1280 
09-13 18:05:10.484  1859  3336 W ContextImpl: Calling a method in the system process without a qualified user: android.app.ContextImpl.sendBroadcastMultiplePermissions:1272 android.content.Context.sendBroadcastMultiplePermissions:2273 com.android.server.TelephonyRegistry.broadcastServiceStateChanged:3096 com.android.server.TelephonyRegistry.notifyServiceStateForPhoneId:1618 com.android.internal.telephony.ITelephonyRegistry$Stub.onTransact:492 
09-13 18:05:10.484  1859  1905 W BroadcastQueue: Permission Denial: receiving Intent { act=android.intent.action.SERVICE_STATE flg=0x1000010 (has extras) } to ProcessRecord{9883f40 2525:com.android.systemui/u0a389} (pid=2525, uid=10389) requires android.permission.ACCESS_FINE_LOCATION due to sender android (uid 1000)
09-13 18:05:10.484  1859  1905 W BroadcastQueue: Permission Denial: receiving Intent { act=android.intent.action.SERVICE_STATE flg=0x1000010 (has extras) } to com.android.cellbroadcastreceiver.module/com.android.cellbroadcastreceiver.CellBroadcastReceiver requires android.permission.ACCESS_FINE_LOCATION due to sender android (uid 1000)
09-13 18:05:10.486  1859  1905 W BroadcastQueue: Permission Denial: receiving Intent { act=android.intent.action.SERVICE_STATE flg=0x1000010 (has extras) } to ProcessRecord{9883f40 2525:com.android.systemui/u0a389} (pid=2525, uid=10389) requires android.permission.ACCESS_FINE_LOCATION due to sender android (uid 1000)
09-13 18:05:10.486  1859  3336 W ContextImpl: Calling a method in the system process without a qualified user: android.app.ContextImpl.sendBroadcastMultiplePermissions:1272 android.content.Context.sendBroadcastMultiplePermissions:2273 com.android.server.TelephonyRegistry.broadcastServiceStateChanged:3103 com.android.server.TelephonyRegistry.notifyServiceStateForPhoneId:1618 com.android.internal.telephony.ITelephonyRegistry$Stub.onTransact:492 
09-13 18:05:10.486  1859  3336 W ContextImpl: Calling a method in the system process without a qualified user: android.app.ContextImpl.sendBroadcastMultiplePermissions:1272 android.content.Context.sendBroadcastMultiplePermissions:2273 com.android.server.TelephonyRegistry.broadcastServiceStateChanged:3107 com.android.server.TelephonyRegistry.notifyServiceStateForPhoneId:1618 com.android.internal.telephony.ITelephonyRegistry$Stub.onTransact:492 
09-13 18:05:10.488  1859  1905 D CompatibilityChangeReporter: Compat change id reported: 135634846; UID 10406; state: DISABLED
09-13 18:05:10.488  1859  1905 D CompatibilityChangeReporter: Compat change id reported: 177438394; UID 10406; state: DISABLED
09-13 18:05:10.488  1859  1905 D CompatibilityChangeReporter: Compat change id reported: 135772972; UID 10406; state: DISABLED
09-13 18:05:10.488  1859  1905 D CompatibilityChangeReporter: Compat change id reported: 135754954; UID 10406; state: ENABLED
09-13 18:05:10.489  1859  1906 D CompatibilityChangeReporter: Compat change id reported: 143937733; UID 10406; state: ENABLED
09-13 18:05:10.490  1859  1905 W BroadcastQueue: Appop Denial: receiving Intent { act=android.intent.action.SERVICE_STATE flg=0x1000010 (has extras) } to ProcessRecord{9883f40 2525:com.android.systemui/u0a389} (pid=2525, uid=10389) excludes appop android:read_phone_state due to sender android (uid 1000)
09-13 18:05:10.499  1859  1906 I ActivityManager: Start proc 17243:com.android.cellbroadcastreceiver.module/u0a406 for broadcast {com.android.cellbroadcastreceiver.module/com.android.cellbroadcastreceiver.CellBroadcastReceiver}
09-13 18:05:10.622  1859  3336 I ActivityManager: Killing 13271:com.android.webview:webview_service/u0a377 (adj 999): empty #31
09-13 18:05:10.663  1859  3336 E AppOps  : package audioserver not found, can't check for attributionTag null
09-13 18:05:37.553  1859  1912 E KernelCpuSpeedReader: Failed to read cpu-freq: /sys/devices/system/cpu/cpu0/cpufreq/stats/time_in_state: open failed: ENOENT (No such file or directory)
09-13 18:05:37.553  1859  1912 E KernelCpuSpeedReader: Failed to read cpu-freq: /sys/devices/system/cpu/cpu4/cpufreq/stats/time_in_state: open failed: ENOENT (No such file or directory)
09-13 18:05:37.553  1859  1912 E KernelCpuSpeedReader: Failed to read cpu-freq: /sys/devices/system/cpu/cpu7/cpufreq/stats/time_in_state: open failed: ENOENT (No such file or directory)
09-13 18:05:45.495  1859  2564 W AppOps  : Noting op not finished: uid 10361 pkg com.google.android.gms code 79 startTime of in progress event=1694615388358
09-13 18:05:45.501  1859  4307 W AppOps  : Noting op not finished: uid 10361 pkg com.google.android.gms code 79 startTime of in progress event=1694619620645
09-13 18:05:45.504  1859  2564 W AppOps  : Noting op not finished: uid 10361 pkg com.google.android.gms code 113 startTime of in progress event=1694615388358
09-13 18:05:45.509  1859  2564 W AppOps  : Noting op not finished: uid 10361 pkg com.google.android.gms code 113 startTime of in progress event=1694615388358
09-13 18:05:45.513  1859  3336 W AppOps  : Noting op not finished: uid 10361 pkg com.google.android.gms code 113 startTime of in progress event=1694615388358
09-13 18:05:45.515  1859  4307 W AppOps  : Noting op not finished: uid 10361 pkg com.google.android.gms code 113 startTime of in progress event=1694615388358
09-13 18:06:14.263  1859  1859 W Looper  : Slow delivery took 2486ms main h=android.os.Handler c=com.android.internal.os.BinderCallsStats$1@8fd4733 m=0
09-13 18:06:19.266  1859  1859 W Looper  : Drained
09-13 18:06:37.815  1859  2503 E ThermalHalWrapper: Couldn't get temperatures because of HAL error: ThermalHAL not initialized properly.
09-13 18:06:37.821  1859  2652 W AlarmManager: Alarms must either supply a PendingIntent or an AlarmReceiver
09-13 18:06:37.945  1859  2652 W AppOps  : Noting op not finished: uid 10361 pkg com.google.android.gms code 79 startTime of in progress event=1694615388358
09-13 18:06:37.954  1859  2564 W AppOps  : Noting op not finished: uid 10361 pkg com.google.android.gms code 79 startTime of in progress event=1694619620645
09-13 18:06:37.959  1859  2652 W AppOps  : Noting op not finished: uid 10361 pkg com.google.android.gms code 113 startTime of in progress event=1694615388358
09-13 18:06:37.963  1859  2564 W AppOps  : Noting op not finished: uid 10361 pkg com.google.android.gms code 113 startTime of in progress event=1694615388358
09-13 18:06:37.966  1859  4307 W AppOps  : Noting op not finished: uid 10361 pkg com.google.android.gms code 113 startTime of in progress event=1694615388358
09-13 18:06:37.970  1859  2652 W AppOps  : Noting op not finished: uid 10361 pkg com.google.android.gms code 113 startTime of in progress event=1694615388358
09-13 18:06:38.633  1859  2564 W AlarmManager: Alarms must either supply a PendingIntent or an AlarmReceiver
09-13 18:06:45.311  1859  1912 E KernelCpuSpeedReader: Failed to read cpu-freq: /sys/devices/system/cpu/cpu0/cpufreq/stats/time_in_state: open failed: ENOENT (No such file or directory)
09-13 18:06:45.311  1859  1912 E KernelCpuSpeedReader: Failed to read cpu-freq: /sys/devices/system/cpu/cpu4/cpufreq/stats/time_in_state: open failed: ENOENT (No such file or directory)
09-13 18:06:45.311  1859  1912 E KernelCpuSpeedReader: Failed to read cpu-freq: /sys/devices/system/cpu/cpu7/cpufreq/stats/time_in_state: open failed: ENOENT (No such file or directory)
09-13 18:06:45.318  1859  1912 D KernelCpuUidUserSysTimeReader: Removing uids 90000-90000
09-13 18:07:15.384  1859  1859 W Looper  : Slow delivery took 1072ms main h=android.os.Handler c=com.android.internal.os.BinderCallsStats$1@8fd4733 m=0
09-13 18:07:20.246  1859  1859 W Looper  : Drained
09-13 18:07:45.709  1859  4307 W AppOps  : Noting op not finished: uid 10361 pkg com.google.android.gms code 79 startTime of in progress event=1694615388358
09-13 18:07:45.719  1859  2652 W AppOps  : Noting op not finished: uid 10361 pkg com.google.android.gms code 79 startTime of in progress event=1694619620645
09-13 18:07:45.723  1859  5508 W AppOps  : Noting op not finished: uid 10361 pkg com.google.android.gms code 113 startTime of in progress event=1694615388358
09-13 18:07:45.727  1859  4307 W AppOps  : Noting op not finished: uid 10361 pkg com.google.android.gms code 113 startTime of in progress event=1694615388358
09-13 18:07:45.731  1859  4307 W AppOps  : Noting op not finished: uid 10361 pkg com.google.android.gms code 113 startTime of in progress event=1694615388358
09-13 18:07:45.735  1859  4307 W AppOps  : Noting op not finished: uid 10361 pkg com.google.android.gms code 113 startTime of in progress event=1694615388358
09-13 18:08:13.769  1859  1912 E KernelCpuSpeedReader: Failed to read cpu-freq: /sys/devices/system/cpu/cpu0/cpufreq/stats/time_in_state: open failed: ENOENT (No such file or directory)
09-13 18:08:13.769  1859  1912 E KernelCpuSpeedReader: Failed to read cpu-freq: /sys/devices/system/cpu/cpu4/cpufreq/stats/time_in_state: open failed: ENOENT (No such file or directory)
09-13 18:08:13.770  1859  1912 E KernelCpuSpeedReader: Failed to read cpu-freq: /sys/devices/system/cpu/cpu7/cpufreq/stats/time_in_state: open failed: ENOENT (No such file or directory)
09-13 18:08:17.139  1859  1859 W Looper  : Slow delivery took 1712ms main h=android.os.Handler c=com.android.internal.os.BinderCallsStats$1@8fd4733 m=0
09-13 18:08:22.143  1859  1859 W Looper  : Drained
09-13 18:08:30.135  1859  2652 D CompatibilityChangeReporter: Compat change id reported: 161145287; UID 10362; state: DISABLED
09-13 18:08:30.548  1859  2503 W ContextImpl: Calling a method in the system process without a qualified user: android.app.ContextImpl.sendBroadcastMultiplePermissions:1222 com.android.server.TelephonyRegistry.broadcastServiceStateChanged:3092 com.android.server.TelephonyRegistry.notifyServiceStateForPhoneId:1618 com.android.internal.telephony.ITelephonyRegistry$Stub.onTransact:492 android.os.Binder.execTransactInternal:1280 
09-13 18:08:30.549  1859  2503 W ContextImpl: Calling a method in the system process without a qualified user: android.app.ContextImpl.sendBroadcastMultiplePermissions:1272 android.content.Context.sendBroadcastMultiplePermissions:2273 com.android.server.TelephonyRegistry.broadcastServiceStateChanged:3096 com.android.server.TelephonyRegistry.notifyServiceStateForPhoneId:1618 com.android.internal.telephony.ITelephonyRegistry$Stub.onTransact:492 
09-13 18:08:30.549  1859  1905 W BroadcastQueue: Permission Denial: receiving Intent { act=android.intent.action.SERVICE_STATE flg=0x1000010 (has extras) } to ProcessRecord{9883f40 2525:com.android.systemui/u0a389} (pid=2525, uid=10389) requires android.permission.ACCESS_FINE_LOCATION due to sender android (uid 1000)
09-13 18:08:30.549  1859  1905 W BroadcastQueue: Permission Denial: receiving Intent { act=android.intent.action.SERVICE_STATE flg=0x1000010 (has extras) } to com.android.cellbroadcastreceiver.module/com.android.cellbroadcastreceiver.CellBroadcastReceiver requires android.permission.ACCESS_FINE_LOCATION due to sender android (uid 1000)
09-13 18:08:30.550  1859  1905 W BroadcastQueue: Permission Denial: receiving Intent { act=android.intent.action.SERVICE_STATE flg=0x1000010 (has extras) } to ProcessRecord{9883f40 2525:com.android.systemui/u0a389} (pid=2525, uid=10389) requires android.permission.ACCESS_FINE_LOCATION due to sender android (uid 1000)
09-13 18:08:30.550  1859  2503 W ContextImpl: Calling a method in the system process without a qualified user: android.app.ContextImpl.sendBroadcastMultiplePermissions:1272 android.content.Context.sendBroadcastMultiplePermissions:2273 com.android.server.TelephonyRegistry.broadcastServiceStateChanged:3103 com.android.server.TelephonyRegistry.notifyServiceStateForPhoneId:1618 com.android.internal.telephony.ITelephonyRegistry$Stub.onTransact:492 
09-13 18:08:30.551  1859  2503 W ContextImpl: Calling a method in the system process without a qualified user: android.app.ContextImpl.sendBroadcastMultiplePermissions:1272 android.content.Context.sendBroadcastMultiplePermissions:2273 com.android.server.TelephonyRegistry.broadcastServiceStateChanged:3107 com.android.server.TelephonyRegistry.notifyServiceStateForPhoneId:1618 com.android.internal.telephony.ITelephonyRegistry$Stub.onTransact:492 
09-13 18:08:30.554  1859  1905 W BroadcastQueue: Appop Denial: receiving Intent { act=android.intent.action.SERVICE_STATE flg=0x1000010 (has extras) } to ProcessRecord{9883f40 2525:com.android.systemui/u0a389} (pid=2525, uid=10389) excludes appop android:read_phone_state due to sender android (uid 1000)
09-13 18:08:37.833  1859  5508 W AlarmManager: Alarms must either supply a PendingIntent or an AlarmReceiver
09-13 18:08:38.049  1859  5508 W AppOps  : Noting op not finished: uid 10361 pkg com.google.android.gms code 79 startTime of in progress event=1694615388358
09-13 18:08:38.055  1859  2503 W AppOps  : Noting op not finished: uid 10361 pkg com.google.android.gms code 79 startTime of in progress event=1694619620645
09-13 18:08:38.059  1859  2564 W AppOps  : Noting op not finished: uid 10361 pkg com.google.android.gms code 113 startTime of in progress event=1694615388358
09-13 18:08:38.062  1859  4307 W AppOps  : Noting op not finished: uid 10361 pkg com.google.android.gms code 113 startTime of in progress event=1694615388358
09-13 18:08:38.067  1859  4307 W AppOps  : Noting op not finished: uid 10361 pkg com.google.android.gms code 113 startTime of in progress event=1694615388358
09-13 18:08:38.069  1859  4307 W AppOps  : Noting op not finished: uid 10361 pkg com.google.android.gms code 113 startTime of in progress event=1694615388358
09-13 18:08:38.428  1502  1502 I wificond: Regulatory domain changed to country: DE on wiphy_index: 0
09-13 18:08:38.428  1502  1502 I wificond: UpdateBandInfo
09-13 18:08:38.432  1502  1502 I wificond: 2.4Ghz frequencies: 2412 2417 2422 2427 2432 2437 2442 2447 2452 2457 2462 2467 2472
09-13 18:08:38.432  1502  1502 I wificond: 5Ghz non-DFS frequencies: 5180 5200 5220 5240 5745 5765 5785 5805 5825 5845 5865
09-13 18:08:38.432  1502  1502 I wificond: 5Ghz DFS frequencies: 5260 5280 5300 5320 5500 5520 5540 5560 5580 5600 5620 5640 5660 5680 5700 5720
09-13 18:08:38.432  1502  1502 I wificond: 6Ghz frequencies:
09-13 18:08:38.432  1502  1502 I wificond: 60Ghz frequencies:
09-13 18:08:38.712  1859  2564 W AlarmManager: Alarms must either supply a PendingIntent or an AlarmReceiver
09-13 18:08:38.748  1502  1502 W wificond: Unexpected pno scan stopped event
09-13 18:08:38.787  1029  1029 D android.hardware.wifi@1.0-service: SetMacAddress succeeded on wlan0
09-13 18:08:38.792  1502  1502 W wificond: Scan is not started. Ignore abort request
09-13 18:08:38.802  1502  1502 W wificond: No pno scan started
09-13 18:08:38.965  1502  1502 W wificond: Scheduled scan is not running!
09-13 18:08:38.969  1502  1502 I wificond: Regulatory domain changed to country: DE on wiphy_index: 0
09-13 18:08:38.969  1502  1502 I wificond: UpdateBandInfo
09-13 18:08:38.970  1859  1905 W BroadcastQueue: Background execution not allowed: receiving Intent { act=android.net.wifi.STATE_CHANGE flg=0x4000010 (has extras) } to de.telekom.android.customercenter/de.telekom.android.connectivitymanagement.wifi.connection.WifiNetworkReceiver
09-13 18:08:38.973  1502  1502 I wificond: 2.4Ghz frequencies: 2412 2417 2422 2427 2432 2437 2442 2447 2452 2457 2462 2467 2472
09-13 18:08:38.973  1502  1502 I wificond: 5Ghz non-DFS frequencies: 5180 5200 5220 5240 5745 5765 5785 5805 5825 5845 5865
09-13 18:08:38.973  1502  1502 I wificond: 5Ghz DFS frequencies: 5260 5280 5300 5320 5500 5520 5540 5560 5580 5600 5620 5640 5660 5680 5700 5720
09-13 18:08:38.973  1502  1502 I wificond: 6Ghz frequencies:
09-13 18:08:38.973  1502  1502 I wificond: 60Ghz frequencies:
09-13 18:08:39.109  1859  1905 W BroadcastQueue: Background execution not allowed: receiving Intent { act=android.net.wifi.STATE_CHANGE flg=0x4000010 (has extras) } to de.telekom.android.customercenter/de.telekom.android.connectivitymanagement.wifi.connection.WifiNetworkReceiver
09-13 18:08:39.182  1859  1905 W BroadcastQueue: Background execution not allowed: receiving Intent { act=android.net.wifi.STATE_CHANGE flg=0x4000010 (has extras) } to de.telekom.android.customercenter/de.telekom.android.connectivitymanagement.wifi.connection.WifiNetworkReceiver
09-13 18:08:39.185  1859  1905 W BroadcastQueue: Background execution not allowed: receiving Intent { act=android.net.wifi.STATE_CHANGE flg=0x4000010 (has extras) } to de.telekom.android.customercenter/de.telekom.android.connectivitymanagement.wifi.connection.WifiNetworkReceiver
09-13 18:08:39.276  1859  1905 W BroadcastQueue: Background execution not allowed: receiving Intent { act=android.net.wifi.STATE_CHANGE flg=0x4000010 (has extras) } to de.telekom.android.customercenter/de.telekom.android.connectivitymanagement.wifi.connection.WifiNetworkReceiver
09-13 18:08:39.286  1859  1905 W BroadcastQueue: Background execution not allowed: receiving Intent { act=android.net.wifi.STATE_CHANGE flg=0x4000010 (has extras) } to de.telekom.android.customercenter/de.telekom.android.connectivitymanagement.wifi.connection.WifiNetworkReceiver
09-13 18:08:39.308  1859  2652 E AppOps  : package com.google.android.gms.location.history not found, can't check for attributionTag null
09-13 18:08:39.402  1859  2564 E AppOps  : package com.google.android.gms.location.history not found, can't check for attributionTag null
09-13 18:08:39.404  1859  3336 E AppOps  : package com.google.android.gms.location.history not found, can't check for attributionTag null
09-13 18:08:39.409  1859  2652 E AppOps  : package com.google.android.gms.location.history not found, can't check for attributionTag null
09-13 18:08:39.464   873   934 E NetlinkEvent: NetlinkEvent::FindParam(): Parameter 'INTERFACE' not found
09-13 18:08:39.464   873   934 E NetlinkEvent: NetlinkEvent::FindParam(): Parameter 'STATE' not found
09-13 18:08:39.464   873   934 E NetlinkEvent: NetlinkEvent::FindParam(): Parameter 'TIME_NS' not found
09-13 18:08:39.464   873   934 E NetlinkEvent: NetlinkEvent::FindParam(): Parameter 'UID' not found
09-13 18:08:39.486  1859  2437 W ContextImpl: Calling a method in the system process without a qualified user: android.app.ContextImpl.sendStickyBroadcast:1586 com.android.server.ConnectivityService.sendStickyBroadcast:3443 com.android.server.ConnectivityService.sendLegacyNetworkBroadcast:9863 com.android.server.ConnectivityService$LegacyTypeTracker.remove:1406 com.android.server.ConnectivityService.updateLegacyTypeTrackerAndVpnLockdownForRematch:9403 
09-13 18:08:39.487  1859  2437 W ContextImpl: Calling a method in the system process without a qualified user: android.app.ContextImpl.sendStickyBroadcast:1586 com.android.server.ConnectivityService.sendStickyBroadcast:3443 com.android.server.ConnectivityService.sendGeneralBroadcast:3416 com.android.server.ConnectivityService.sendConnectedBroadcast:3389 com.android.server.ConnectivityService.sendLegacyNetworkBroadcast:9835 
09-13 18:08:39.489  1859  1905 W BroadcastQueue: Target SDK mismatch: receiver ActivityInfo{72922a6 com.mattel.common.receiver.NetworkStateReceiver} targets 33 but delivery restricted to [0, 23] broadcasting Intent { act=android.net.conn.CONNECTIVITY_CHANGE flg=0x4200010 (has extras) } from android (pid=1859, uid=1000) to com.mattel163.phase10/com.mattel.common.receiver.NetworkStateReceiver
09-13 18:08:39.492  1859  1905 W BroadcastQueue: Target SDK mismatch: receiver ActivityInfo{77684e7 com.ss.android.ugc.aweme.common.net.NetWorkStateReceiver} targets 33 but delivery restricted to [0, 23] broadcasting Intent { act=android.net.conn.CONNECTIVITY_CHANGE flg=0x4200010 (has extras) } from android (pid=1859, uid=1000) to com.zhiliaoapp.musically/com.ss.android.ugc.aweme.common.net.NetWorkStateReceiver
09-13 18:08:39.492  1859  1905 W BroadcastQueue: Target SDK mismatch: receiver ActivityInfo{b9f2894 com.google.android.gms.gcm.ServiceAutoStarter} targets 34 but delivery restricted to [0, 23] broadcasting Intent { act=android.net.conn.CONNECTIVITY_CHANGE flg=0x4200010 (has extras) } from android (pid=1859, uid=1000) to com.google.android.gms/.gcm.ServiceAutoStarter
09-13 18:08:39.492  1859  1905 W BroadcastQueue: Target SDK mismatch: receiver ActivityInfo{7998f3d com.google.android.apps.photos.actionqueue.impl.SystemReceiver} targets 34 but delivery restricted to [0, 23] broadcasting Intent { act=android.net.conn.CONNECTIVITY_CHANGE flg=0x4200010 (has extras) } from android (pid=1859, uid=1000) to com.google.android.apps.photos/.actionqueue.impl.SystemReceiver
09-13 18:08:39.492  1859  1905 W BroadcastQueue: Target SDK mismatch: receiver ActivityInfo{c34c332 com.google.android.apps.photos.jobqueue.JobServiceBroadcastReceiver} targets 34 but delivery restricted to [0, 23] broadcasting Intent { act=android.net.conn.CONNECTIVITY_CHANGE flg=0x4200010 (has extras) } from android (pid=1859, uid=1000) to com.google.android.apps.photos/.jobqueue.JobServiceBroadcastReceiver
09-13 18:08:39.492  1859  1905 W BroadcastQueue: Target SDK mismatch: receiver ActivityInfo{9c8883 com.instagram.push.FbnsInitBroadcastReceiver} targets 33 but delivery restricted to [0, 23] broadcasting Intent { act=android.net.conn.CONNECTIVITY_CHANGE flg=0x4200010 (has extras) } from android (pid=1859, uid=1000) to com.instagram.android/com.instagram.push.FbnsInitBroadcastReceiver
09-13 18:08:39.492  1859  1905 W BroadcastQueue: Target SDK mismatch: receiver ActivityInfo{c903a00 com.ss.android.ugc.aweme.common.net.NetworkReceiver} targets 33 but delivery restricted to [0, 23] broadcasting Intent { act=android.net.conn.CONNECTIVITY_CHANGE flg=0x4200010 (has extras) } from android (pid=1859, uid=1000) to com.zhiliaoapp.musically/com.ss.android.ugc.aweme.common.net.NetworkReceiver
09-13 18:08:39.492  1859  1905 W BroadcastQueue: Target SDK mismatch: receiver ActivityInfo{714e239 com.ss.android.message.MessageReceiver} targets 33 but delivery restricted to [0, 23] broadcasting Intent { act=android.net.conn.CONNECTIVITY_CHANGE flg=0x4200010 (has extras) } from android (pid=1859, uid=1000) to com.zhiliaoapp.musically/com.ss.android.message.MessageReceiver
09-13 18:08:39.492  1859  1905 W BroadcastQueue: Target SDK mismatch: receiver ActivityInfo{1e7e07e com.mattel.common.receiver.NetworkStateReceiver} targets 33 but delivery restricted to [0, 23] broadcasting Intent { act=android.net.conn.CONNECTIVITY_CHANGE flg=0x4200010 (has extras) } from android (pid=1859, uid=1000) to com.mattel163.phase10/com.mattel.common.receiver.NetworkStateReceiver
09-13 18:08:39.492  1859  1905 W BroadcastQueue: Target SDK mismatch: receiver ActivityInfo{59529df com.ss.android.ugc.aweme.common.net.NetWorkStateReceiver} targets 33 but delivery restricted to [0, 23] broadcasting Intent { act=android.net.conn.CONNECTIVITY_CHANGE flg=0x4200010 (has extras) } from android (pid=1859, uid=1000) to com.zhiliaoapp.musically/com.ss.android.ugc.aweme.common.net.NetWorkStateReceiver
09-13 18:08:39.492  1859  1905 W BroadcastQueue: Target SDK mismatch: receiver ActivityInfo{4bef62c com.google.android.gms.gcm.ServiceAutoStarter} targets 34 but delivery restricted to [0, 23] broadcasting Intent { act=android.net.conn.CONNECTIVITY_CHANGE flg=0x4200010 (has extras) } from android (pid=1859, uid=1000) to com.google.android.gms/.gcm.ServiceAutoStarter
09-13 18:08:39.492  1859  1905 W BroadcastQueue: Target SDK mismatch: receiver ActivityInfo{65868f5 com.google.android.apps.photos.actionqueue.impl.SystemReceiver} targets 34 but delivery restricted to [0, 23] broadcasting Intent { act=android.net.conn.CONNECTIVITY_CHANGE flg=0x4200010 (has extras) } from android (pid=1859, uid=1000) to com.google.android.apps.photos/.actionqueue.impl.SystemReceiver
09-13 18:08:39.492  1859  1905 W BroadcastQueue: Target SDK mismatch: receiver ActivityInfo{61d868a com.google.android.apps.photos.jobqueue.JobServiceBroadcastReceiver} targets 34 but delivery restricted to [0, 23] broadcasting Intent { act=android.net.conn.CONNECTIVITY_CHANGE flg=0x4200010 (has extras) } from android (pid=1859, uid=1000) to com.google.android.apps.photos/.jobqueue.JobServiceBroadcastReceiver
09-13 18:08:39.492  1859  1905 W BroadcastQueue: Target SDK mismatch: receiver ActivityInfo{24c84fb com.instagram.push.FbnsInitBroadcastReceiver} targets 33 but delivery restricted to [0, 23] broadcasting Intent { act=android.net.conn.CONNECTIVITY_CHANGE flg=0x4200010 (has extras) } from android (pid=1859, uid=1000) to com.instagram.android/com.instagram.push.FbnsInitBroadcastReceiver
09-13 18:08:39.492  1859  1905 W BroadcastQueue: Target SDK mismatch: receiver ActivityInfo{3b4918 com.ss.android.ugc.aweme.common.net.NetworkReceiver} targets 33 but delivery restricted to [0, 23] broadcasting Intent { act=android.net.conn.CONNECTIVITY_CHANGE flg=0x4200010 (has extras) } from android (pid=1859, uid=1000) to com.zhiliaoapp.musically/com.ss.android.ugc.aweme.common.net.NetworkReceiver
09-13 18:08:39.492  1859  1905 W BroadcastQueue: Target SDK mismatch: receiver ActivityInfo{a139f71 com.ss.android.message.MessageReceiver} targets 33 but delivery restricted to [0, 23] broadcasting Intent { act=android.net.conn.CONNECTIVITY_CHANGE flg=0x4200010 (has extras) } from android (pid=1859, uid=1000) to com.zhiliaoapp.musically/com.ss.android.message.MessageReceiver
09-13 18:08:39.578  1859  4307 W ContextImpl: Calling a method in the system process without a qualified user: android.app.ContextImpl.sendBroadcastMultiplePermissions:1222 com.android.server.TelephonyRegistry.broadcastServiceStateChanged:3092 com.android.server.TelephonyRegistry.notifyServiceStateForPhoneId:1618 com.android.internal.telephony.ITelephonyRegistry$Stub.onTransact:492 android.os.Binder.execTransactInternal:1280 
09-13 18:08:39.587  1859  1905 W BroadcastQueue: Permission Denial: receiving Intent { act=android.intent.action.SERVICE_STATE flg=0x1000010 (has extras) } to ProcessRecord{9883f40 2525:com.android.systemui/u0a389} (pid=2525, uid=10389) requires android.permission.ACCESS_FINE_LOCATION due to sender android (uid 1000)
09-13 18:08:39.587  1859  4307 W ContextImpl: Calling a method in the system process without a qualified user: android.app.ContextImpl.sendBroadcastMultiplePermissions:1272 android.content.Context.sendBroadcastMultiplePermissions:2273 com.android.server.TelephonyRegistry.broadcastServiceStateChanged:3096 com.android.server.TelephonyRegistry.notifyServiceStateForPhoneId:1618 com.android.internal.telephony.ITelephonyRegistry$Stub.onTransact:492 
09-13 18:08:39.587  1859  1905 W BroadcastQueue: Permission Denial: receiving Intent { act=android.intent.action.SERVICE_STATE flg=0x1000010 (has extras) } to com.android.cellbroadcastreceiver.module/com.android.cellbroadcastreceiver.CellBroadcastReceiver requires android.permission.ACCESS_FINE_LOCATION due to sender android (uid 1000)
09-13 18:08:39.587  1859  1905 W BroadcastQueue: Permission Denial: receiving Intent { act=android.intent.action.SERVICE_STATE flg=0x1000010 (has extras) } to ProcessRecord{9883f40 2525:com.android.systemui/u0a389} (pid=2525, uid=10389) requires android.permission.ACCESS_FINE_LOCATION due to sender android (uid 1000)
09-13 18:08:39.587  1859  4307 W ContextImpl: Calling a method in the system process without a qualified user: android.app.ContextImpl.sendBroadcastMultiplePermissions:1272 android.content.Context.sendBroadcastMultiplePermissions:2273 com.android.server.TelephonyRegistry.broadcastServiceStateChanged:3103 com.android.server.TelephonyRegistry.notifyServiceStateForPhoneId:1618 com.android.internal.telephony.ITelephonyRegistry$Stub.onTransact:492 
09-13 18:08:39.587  1859  4307 W ContextImpl: Calling a method in the system process without a qualified user: android.app.ContextImpl.sendBroadcastMultiplePermissions:1272 android.content.Context.sendBroadcastMultiplePermissions:2273 com.android.server.TelephonyRegistry.broadcastServiceStateChanged:3107 com.android.server.TelephonyRegistry.notifyServiceStateForPhoneId:1618 com.android.internal.telephony.ITelephonyRegistry$Stub.onTransact:492 
09-13 18:08:39.591  1859  1905 W BroadcastQueue: Appop Denial: receiving Intent { act=android.intent.action.SERVICE_STATE flg=0x1000010 (has extras) } to ProcessRecord{9883f40 2525:com.android.systemui/u0a389} (pid=2525, uid=10389) excludes appop android:read_phone_state due to sender android (uid 1000)
09-13 18:08:39.599  1859  1877 W ContextImpl: Calling a method in the system process without a qualified user: android.app.ContextImpl.sendBroadcastMultiplePermissions:1272 android.content.Context.sendBroadcastMultiplePermissions:2273 com.android.server.TelephonyRegistry.broadcastDataConnectionStateChanged:3288 com.android.server.TelephonyRegistry.notifyDataConnectionForSubscriber:2041 com.android.internal.telephony.ITelephonyRegistry$Stub.onTransact:571 
09-13 18:08:39.599  1859  1905 W BroadcastQueue: Appop Denial: receiving Intent { act=android.intent.action.ANY_DATA_STATE flg=0x10 (has extras) } to ProcessRecord{640ee8f 3041:.qtidataservices/u0a346} (pid=3041, uid=10346) excludes appop android:read_phone_state due to sender android (uid 1001)
09-13 18:08:39.601  1859  5637 W ContextImpl: Calling a method in the system process without a qualified user: android.app.ContextImpl.sendBroadcastMultiplePermissions:1272 android.content.Context.sendBroadcastMultiplePermissions:2273 com.android.server.TelephonyRegistry.broadcastDataConnectionStateChanged:3288 com.android.server.TelephonyRegistry.notifyDataConnectionForSubscriber:2041 com.android.internal.telephony.ITelephonyRegistry$Stub.onTransact:571 
09-13 18:08:39.602  1859  1905 W BroadcastQueue: Appop Denial: receiving Intent { act=android.intent.action.ANY_DATA_STATE flg=0x10 (has extras) } to ProcessRecord{640ee8f 3041:.qtidataservices/u0a346} (pid=3041, uid=10346) excludes appop android:read_phone_state due to sender android (uid 1001)
09-13 18:08:39.659  1859  1905 D CompatibilityChangeReporter: Compat change id reported: 168419799; UID 10357; state: DISABLED
09-13 18:08:39.659  1859  1905 D CompatibilityChangeReporter: Compat change id reported: 273564678; UID 10357; state: DISABLED
09-13 18:08:40.181  1859  1877 W AppOps  : Noting op not finished: uid 10361 pkg com.google.android.gms code 79 startTime of in progress event=1694615388358
09-13 18:08:40.611  1859  1877 W ContextImpl: Calling a method in the system process without a qualified user: android.app.ContextImpl.sendBroadcastMultiplePermissions:1272 android.content.Context.sendBroadcastMultiplePermissions:2273 com.android.server.TelephonyRegistry.broadcastDataConnectionStateChanged:3288 com.android.server.TelephonyRegistry.notifyDataConnectionForSubscriber:2041 com.android.internal.telephony.ITelephonyRegistry$Stub.onTransact:571 
09-13 18:08:40.612  1859  1905 W BroadcastQueue: Appop Denial: receiving Intent { act=android.intent.action.ANY_DATA_STATE flg=0x10 (has extras) } to ProcessRecord{640ee8f 3041:.qtidataservices/u0a346} (pid=3041, uid=10346) excludes appop android:read_phone_state due to sender android (uid 1001)
09-13 18:08:40.614  1859  1877 W ContextImpl: Calling a method in the system process without a qualified user: android.app.ContextImpl.sendBroadcastMultiplePermissions:1272 android.content.Context.sendBroadcastMultiplePermissions:2273 com.android.server.TelephonyRegistry.broadcastDataConnectionStateChanged:3288 com.android.server.TelephonyRegistry.notifyDataConnectionForSubscriber:2041 com.android.internal.telephony.ITelephonyRegistry$Stub.onTransact:571 
09-13 18:08:40.615  1859  1905 W BroadcastQueue: Appop Denial: receiving Intent { act=android.intent.action.ANY_DATA_STATE flg=0x10 (has extras) } to ProcessRecord{640ee8f 3041:.qtidataservices/u0a346} (pid=3041, uid=10346) excludes appop android:read_phone_state due to sender android (uid 1001)
09-13 18:08:42.036  1859  4307 W ContextImpl: Calling a method in the system process without a qualified user: android.app.ContextImpl.sendBroadcastMultiplePermissions:1222 com.android.server.TelephonyRegistry.broadcastServiceStateChanged:3092 com.android.server.TelephonyRegistry.notifyServiceStateForPhoneId:1618 com.android.internal.telephony.ITelephonyRegistry$Stub.onTransact:492 android.os.Binder.execTransactInternal:1280 
09-13 18:08:42.037  1859  1905 W BroadcastQueue: Permission Denial: receiving Intent { act=android.intent.action.SERVICE_STATE flg=0x1000010 (has extras) } to ProcessRecord{9883f40 2525:com.android.systemui/u0a389} (pid=2525, uid=10389) requires android.permission.ACCESS_FINE_LOCATION due to sender android (uid 1000)
09-13 18:08:42.037  1859  4307 W ContextImpl: Calling a method in the system process without a qualified user: android.app.ContextImpl.sendBroadcastMultiplePermissions:1272 android.content.Context.sendBroadcastMultiplePermissions:2273 com.android.server.TelephonyRegistry.broadcastServiceStateChanged:3096 com.android.server.TelephonyRegistry.notifyServiceStateForPhoneId:1618 com.android.internal.telephony.ITelephonyRegistry$Stub.onTransact:492 
09-13 18:08:42.037  1859  1905 W BroadcastQueue: Permission Denial: receiving Intent { act=android.intent.action.SERVICE_STATE flg=0x1000010 (has extras) } to com.android.cellbroadcastreceiver.module/com.android.cellbroadcastreceiver.CellBroadcastReceiver requires android.permission.ACCESS_FINE_LOCATION due to sender android (uid 1000)
09-13 18:08:42.038  1859  1905 W BroadcastQueue: Permission Denial: receiving Intent { act=android.intent.action.SERVICE_STATE flg=0x1000010 (has extras) } to ProcessRecord{9883f40 2525:com.android.systemui/u0a389} (pid=2525, uid=10389) requires android.permission.ACCESS_FINE_LOCATION due to sender android (uid 1000)
09-13 18:08:42.038  1859  4307 W ContextImpl: Calling a method in the system process without a qualified user: android.app.ContextImpl.sendBroadcastMultiplePermissions:1272 android.content.Context.sendBroadcastMultiplePermissions:2273 com.android.server.TelephonyRegistry.broadcastServiceStateChanged:3103 com.android.server.TelephonyRegistry.notifyServiceStateForPhoneId:1618 com.android.internal.telephony.ITelephonyRegistry$Stub.onTransact:492 
09-13 18:08:42.038  1859  4307 W ContextImpl: Calling a method in the system process without a qualified user: android.app.ContextImpl.sendBroadcastMultiplePermissions:1272 android.content.Context.sendBroadcastMultiplePermissions:2273 com.android.server.TelephonyRegistry.broadcastServiceStateChanged:3107 com.android.server.TelephonyRegistry.notifyServiceStateForPhoneId:1618 com.android.internal.telephony.ITelephonyRegistry$Stub.onTransact:492 
09-13 18:08:42.040  1859  1905 W BroadcastQueue: Appop Denial: receiving Intent { act=android.intent.action.SERVICE_STATE flg=0x1000010 (has extras) } to ProcessRecord{9883f40 2525:com.android.systemui/u0a389} (pid=2525, uid=10389) excludes appop android:read_phone_state due to sender android (uid 1000)
09-13 18:08:42.629  1859  2652 W ContextImpl: Calling a method in the system process without a qualified user: android.app.ContextImpl.sendBroadcastMultiplePermissions:1272 android.content.Context.sendBroadcastMultiplePermissions:2273 com.android.server.TelephonyRegistry.broadcastDataConnectionStateChanged:3288 com.android.server.TelephonyRegistry.notifyDataConnectionForSubscriber:2041 com.android.internal.telephony.ITelephonyRegistry$Stub.onTransact:571 
09-13 18:08:42.630  1859  1905 W BroadcastQueue: Appop Denial: receiving Intent { act=android.intent.action.ANY_DATA_STATE flg=0x10 (has extras) } to ProcessRecord{640ee8f 3041:.qtidataservices/u0a346} (pid=3041, uid=10346) excludes appop android:read_phone_state due to sender android (uid 1001)
09-13 18:08:42.633  1859  2652 W ContextImpl: Calling a method in the system process without a qualified user: android.app.ContextImpl.sendBroadcastMultiplePermissions:1272 android.content.Context.sendBroadcastMultiplePermissions:2273 com.android.server.TelephonyRegistry.broadcastDataConnectionStateChanged:3288 com.android.server.TelephonyRegistry.notifyDataConnectionForSubscriber:2041 com.android.internal.telephony.ITelephonyRegistry$Stub.onTransact:571 
09-13 18:08:42.635  1859  1905 W BroadcastQueue: Appop Denial: receiving Intent { act=android.intent.action.ANY_DATA_STATE flg=0x10 (has extras) } to ProcessRecord{640ee8f 3041:.qtidataservices/u0a346} (pid=3041, uid=10346) excludes appop android:read_phone_state due to sender android (uid 1001)
09-13 18:08:46.652  1859  2652 W ContextImpl: Calling a method in the system process without a qualified user: android.app.ContextImpl.sendBroadcastMultiplePermissions:1272 android.content.Context.sendBroadcastMultiplePermissions:2273 com.android.server.TelephonyRegistry.broadcastDataConnectionStateChanged:3288 com.android.server.TelephonyRegistry.notifyDataConnectionForSubscriber:2041 com.android.internal.telephony.ITelephonyRegistry$Stub.onTransact:571 
09-13 18:08:46.653  1859  1905 W BroadcastQueue: Appop Denial: receiving Intent { act=android.intent.action.ANY_DATA_STATE flg=0x10 (has extras) } to ProcessRecord{640ee8f 3041:.qtidataservices/u0a346} (pid=3041, uid=10346) excludes appop android:read_phone_state due to sender android (uid 1001)
09-13 18:08:46.656  1859  2652 W ContextImpl: Calling a method in the system process without a qualified user: android.app.ContextImpl.sendBroadcastMultiplePermissions:1272 android.content.Context.sendBroadcastMultiplePermissions:2273 com.android.server.TelephonyRegistry.broadcastDataConnectionStateChanged:3288 com.android.server.TelephonyRegistry.notifyDataConnectionForSubscriber:2041 com.android.internal.telephony.ITelephonyRegistry$Stub.onTransact:571 
09-13 18:08:46.657  1859  1905 W BroadcastQueue: Appop Denial: receiving Intent { act=android.intent.action.ANY_DATA_STATE flg=0x10 (has extras) } to ProcessRecord{640ee8f 3041:.qtidataservices/u0a346} (pid=3041, uid=10346) excludes appop android:read_phone_state due to sender android (uid 1001)
09-13 18:08:47.879  1859  1912 E KernelCpuSpeedReader: Failed to read cpu-freq: /sys/devices/system/cpu/cpu0/cpufreq/stats/time_in_state: open failed: ENOENT (No such file or directory)
09-13 18:08:47.880  1859  1912 E KernelCpuSpeedReader: Failed to read cpu-freq: /sys/devices/system/cpu/cpu4/cpufreq/stats/time_in_state: open failed: ENOENT (No such file or directory)
09-13 18:08:47.880  1859  1912 E KernelCpuSpeedReader: Failed to read cpu-freq: /sys/devices/system/cpu/cpu7/cpufreq/stats/time_in_state: open failed: ENOENT (No such file or directory)
09-13 18:08:49.245   673 17377 I keystore2: keystore2::watchdog: Watchdog thread idle -> terminating. Have a great day.
09-13 18:08:54.675  1859  4307 W ContextImpl: Calling a method in the system process without a qualified user: android.app.ContextImpl.sendBroadcastMultiplePermissions:1272 android.content.Context.sendBroadcastMultiplePermissions:2273 com.android.server.TelephonyRegistry.broadcastDataConnectionStateChanged:3288 com.android.server.TelephonyRegistry.notifyDataConnectionForSubscriber:2041 com.android.internal.telephony.ITelephonyRegistry$Stub.onTransact:571 
09-13 18:08:54.676  1859  1905 W BroadcastQueue: Appop Denial: receiving Intent { act=android.intent.action.ANY_DATA_STATE flg=0x10 (has extras) } to ProcessRecord{640ee8f 3041:.qtidataservices/u0a346} (pid=3041, uid=10346) excludes appop android:read_phone_state due to sender android (uid 1001)
09-13 18:08:54.679  1859  4307 W ContextImpl: Calling a method in the system process without a qualified user: android.app.ContextImpl.sendBroadcastMultiplePermissions:1272 android.content.Context.sendBroadcastMultiplePermissions:2273 com.android.server.TelephonyRegistry.broadcastDataConnectionStateChanged:3288 com.android.server.TelephonyRegistry.notifyDataConnectionForSubscriber:2041 com.android.internal.telephony.ITelephonyRegistry$Stub.onTransact:571 
09-13 18:08:54.681  1859  1905 W BroadcastQueue: Appop Denial: receiving Intent { act=android.intent.action.ANY_DATA_STATE flg=0x10 (has extras) } to ProcessRecord{640ee8f 3041:.qtidataservices/u0a346} (pid=3041, uid=10346) excludes appop android:read_phone_state due to sender android (uid 1001)
09-13 18:08:57.870  1859  1912 E KernelCpuSpeedReader: Failed to read cpu-freq: /sys/devices/system/cpu/cpu0/cpufreq/stats/time_in_state: open failed: ENOENT (No such file or directory)
09-13 18:08:57.870  1859  1912 E KernelCpuSpeedReader: Failed to read cpu-freq: /sys/devices/system/cpu/cpu4/cpufreq/stats/time_in_state: open failed: ENOENT (No such file or directory)
09-13 18:08:57.870  1859  1912 E KernelCpuSpeedReader: Failed to read cpu-freq: /sys/devices/system/cpu/cpu7/cpufreq/stats/time_in_state: open failed: ENOENT (No such file or directory)
09-13 18:08:58.035  1859  1912 E KernelCpuSpeedReader: Failed to read cpu-freq: /sys/devices/system/cpu/cpu0/cpufreq/stats/time_in_state: open failed: ENOENT (No such file or directory)
09-13 18:08:58.035  1859  1912 E KernelCpuSpeedReader: Failed to read cpu-freq: /sys/devices/system/cpu/cpu4/cpufreq/stats/time_in_state: open failed: ENOENT (No such file or directory)
09-13 18:08:58.035  1859  1912 E KernelCpuSpeedReader: Failed to read cpu-freq: /sys/devices/system/cpu/cpu7/cpufreq/stats/time_in_state: open failed: ENOENT (No such file or directory)
09-13 18:08:58.649  1859  4307 W AlarmManager: Alarms must either supply a PendingIntent or an AlarmReceiver
09-13 18:08:59.772  1502  1502 W wificond: Scan aborted
09-13 18:08:59.790  1859  3336 W AlarmManager: Alarms must either supply a PendingIntent or an AlarmReceiver
09-13 18:08:59.884  1859  1905 W BroadcastQueue: Background execution not allowed: receiving Intent { act=android.net.wifi.STATE_CHANGE flg=0x4000010 (has extras) } to de.telekom.android.customercenter/de.telekom.android.connectivitymanagement.wifi.connection.WifiNetworkReceiver
09-13 18:09:00.022  1859  1905 I DropBoxManagerService: add tag=system_server_wtf isTagEnabled=true flags=0x6
09-13 18:09:02.030  1859  1905 W BroadcastQueue: Background execution not allowed: receiving Intent { act=android.intent.action.DROPBOX_ENTRY_ADDED flg=0x10 (has extras) } to com.google.android.gms/.stats.service.DropBoxEntryAddedReceiver
09-13 18:09:02.031  1859  1905 W BroadcastQueue: Background execution not allowed: receiving Intent { act=android.intent.action.DROPBOX_ENTRY_ADDED flg=0x10 (has extras) } to com.google.android.gms/.chimera.GmsIntentOperationService$PersistentTrustedReceiver
09-13 18:09:02.085  1859  5530 I DropBoxManagerService: add tag=platform_stats_bookmark isTagEnabled=true flags=0x2
09-13 18:09:02.087  1859  1905 W BroadcastQueue: Background execution not allowed: receiving Intent { act=android.intent.action.DROPBOX_ENTRY_ADDED flg=0x10 (has extras) } to com.google.android.gms/.stats.service.DropBoxEntryAddedReceiver
09-13 18:09:02.088  1859  1905 W BroadcastQueue: Background execution not allowed: receiving Intent { act=android.intent.action.DROPBOX_ENTRY_ADDED flg=0x10 (has extras) } to com.google.android.gms/.chimera.GmsIntentOperationService$PersistentTrustedReceiver
09-13 18:09:10.693  1859  5540 W ContextImpl: Calling a method in the system process without a qualified user: android.app.ContextImpl.sendBroadcastMultiplePermissions:1272 android.content.Context.sendBroadcastMultiplePermissions:2273 com.android.server.TelephonyRegistry.broadcastDataConnectionStateChanged:3288 com.android.server.TelephonyRegistry.notifyDataConnectionForSubscriber:2041 com.android.internal.telephony.ITelephonyRegistry$Stub.onTransact:571 
09-13 18:09:10.695  1859  1905 W BroadcastQueue: Appop Denial: receiving Intent { act=android.intent.action.ANY_DATA_STATE flg=0x10 (has extras) } to ProcessRecord{640ee8f 3041:.qtidataservices/u0a346} (pid=3041, uid=10346) excludes appop android:read_phone_state due to sender android (uid 1001)
09-13 18:09:10.697  1859  5540 W ContextImpl: Calling a method in the system process without a qualified user: android.app.ContextImpl.sendBroadcastMultiplePermissions:1272 android.content.Context.sendBroadcastMultiplePermissions:2273 com.android.server.TelephonyRegistry.broadcastDataConnectionStateChanged:3288 com.android.server.TelephonyRegistry.notifyDataConnectionForSubscriber:2041 com.android.internal.telephony.ITelephonyRegistry$Stub.onTransact:571 
09-13 18:09:10.699  1859  1905 W BroadcastQueue: Appop Denial: receiving Intent { act=android.intent.action.ANY_DATA_STATE flg=0x10 (has extras) } to ProcessRecord{640ee8f 3041:.qtidataservices/u0a346} (pid=3041, uid=10346) excludes appop android:read_phone_state due to sender android (uid 1001)
09-13 18:09:10.707  1859  5530 W ContextImpl: Calling a method in the system process without a qualified user: android.app.ContextImpl.sendBroadcastMultiplePermissions:1272 android.content.Context.sendBroadcastMultiplePermissions:2273 com.android.server.TelephonyRegistry.broadcastDataConnectionStateChanged:3288 com.android.server.TelephonyRegistry.notifyDataConnectionForSubscriber:2041 com.android.internal.telephony.ITelephonyRegistry$Stub.onTransact:571 
09-13 18:09:10.709  1859  1905 W BroadcastQueue: Appop Denial: receiving Intent { act=android.intent.action.ANY_DATA_STATE flg=0x10 (has extras) } to ProcessRecord{640ee8f 3041:.qtidataservices/u0a346} (pid=3041, uid=10346) excludes appop android:read_phone_state due to sender android (uid 1001)
09-13 18:09:10.808  1859  5530 W ContextImpl: Calling a method in the system process without a qualified user: android.app.ContextImpl.sendBroadcastMultiplePermissions:1272 android.content.Context.sendBroadcastMultiplePermissions:2273 com.android.server.TelephonyRegistry.broadcastDataConnectionStateChanged:3288 com.android.server.TelephonyRegistry.notifyDataConnectionForSubscriber:2041 com.android.internal.telephony.ITelephonyRegistry$Stub.onTransact:571 
09-13 18:09:10.809  1859  1905 W BroadcastQueue: Appop Denial: receiving Intent { act=android.intent.action.ANY_DATA_STATE flg=0x10 (has extras) } to ProcessRecord{640ee8f 3041:.qtidataservices/u0a346} (pid=3041, uid=10346) excludes appop android:read_phone_state due to sender android (uid 1001)
09-13 18:09:13.798  1859  5524 I PowerGroup: Waking up power group from Dozing (groupId=0, uid=10389, reason=WAKE_REASON_LIFT, details=com.android.systemui:NODOZE pickup)...
09-13 18:09:13.799  1859  5524 I PowerManagerService: Waking up from Dozing (uid=10389, reason=WAKE_REASON_LIFT, details=com.android.systemui:NODOZE pickup)...
09-13 18:09:13.800  1859  1859 E ActivityManager: Cancel pending or running compactions as system is awake
09-13 18:09:13.803  1859  1953 I DisplayPowerController[0]: Blocking screen on until initial contents have been drawn.
09-13 18:09:13.814  1859  1953 V DisplayPowerController[0]: Brightness [0.0027703275] reason changing to: 'manual', previous reason: 'screen_off'.
09-13 18:09:13.814  1859  1953 I DisplayPowerController[0]: BrightnessEvent: disp=0, physDisp=local:4630946687422888065, brt=0.0027703275, initBrt=0.0, rcmdBrt=NaN, preBrt=NaN, lux=NaN, preLux=NaN, hbmMax=1.0, hbmMode=off, rbcStrength=50, powerFactor=1.0, thrmMax=1.0, wasShortTermModelActive=false, flags=invalid_lux , reason=manual, autoBrightness=true
09-13 18:09:13.815  1859  1953 I DisplayPowerController[0]: BrightnessEvent: disp=0, physDisp=local:4630946687422888065, brt=0.0027703275, initBrt=0.0027703275, rcmdBrt=NaN, preBrt=NaN, lux=NaN, preLux=NaN, hbmMax=1.0, hbmMode=off, rbcStrength=50, powerFactor=1.0, thrmMax=1.0, wasShortTermModelActive=false, flags=invalid_lux , reason=manual, autoBrightness=true
09-13 18:09:13.815  1859  1898 I DisplayDeviceRepository: Display device changed state: "Integrierter Bildschirm", ON
09-13 18:09:13.821  1859  1899 I DisplayDevice: [0] Layerstack set to 0 for local:4630946687422888065
09-13 18:09:13.829  1859  1912 E KernelCpuSpeedReader: Failed to read cpu-freq: /sys/devices/system/cpu/cpu0/cpufreq/stats/time_in_state: open failed: ENOENT (No such file or directory)
