09-13 18:17:33.149  1859  2564 D CompatibilityChangeReporter: Compat change id reported: 168419799; UID 10361; state: DISABLED
09-13 18:17:33.150  1859  2564 D CompatibilityChangeReporter: Compat change id reported: 273564678; UID 10361; state: DISABLED
09-13 18:17:33.169  1859  2564 D CompatibilityChangeReporter: Compat change id reported: 161145287; UID 10454; state: DISABLED
09-13 18:17:33.211  1859  3165 D CompatibilityChangeReporter: Compat change id reported: 135634846; UID 10422; state: DISABLED
09-13 18:17:33.212  1859  3165 D CompatibilityChangeReporter: Compat change id reported: 177438394; UID 10422; state: DISABLED
09-13 18:17:33.212  1859  3165 D CompatibilityChangeReporter: Compat change id reported: 135772972; UID 10422; state: DISABLED
09-13 18:17:33.212  1859  3165 D CompatibilityChangeReporter: Compat change id reported: 135754954; UID 10422; state: ENABLED
09-13 18:17:33.212  1859  1906 D CompatibilityChangeReporter: Compat change id reported: 143937733; UID 10422; state: ENABLED
09-13 18:17:33.222  1859  1906 I ActivityManager: Start proc 18187:com.facebook.katana/u0a422 for content provider {com.facebook.katana/com.facebook.platform.common.provider.PlatformProviderBase}
09-13 18:17:33.231  1859  3165 D CompatibilityChangeReporter: Compat change id reported: 194532703; UID 10454; state: ENABLED
09-13 18:17:33.239  1859  3165 D CompatibilityChangeReporter: Compat change id reported: 161145287; UID 10429; state: DISABLED
09-13 18:17:33.342  1859  3165 D CompatibilityChangeReporter: Compat change id reported: 194532703; UID 10430; state: ENABLED
09-13 18:17:33.369  1859  1905 W BroadcastQueue: Exported Denial: sending Intent { act=android.net.conn.CONNECTIVITY_CHANGE flg=0x4200010 (has extras) }, action: android.net.conn.CONNECTIVITY_CHANGE from null (uid=-1) due to receiver ProcessRecord{4e0d59 18004:com.google.android.youtube/u0a429} (uid 10429) not specifying RECEIVER_EXPORTED
09-13 18:17:33.668  1859  5267 D CompatibilityChangeReporter: Compat change id reported: 161145287; UID 10435; state: DISABLED
09-13 18:17:33.722  1859  5517 E AppOps  : package audioserver not found, can't check for attributionTag null
09-13 18:17:33.723  1859  5517 E AppOps  : package audioserver not found, can't check for attributionTag null
09-13 18:17:33.725  1859  5547 E AppOps  : package audioserver not found, can't check for attributionTag null
09-13 18:17:33.726  1859  5517 E AppOps  : package audioserver not found, can't check for attributionTag null
09-13 18:17:33.826  1859  1956 E VerityUtils: Failed to measure fs-verity, errno 1: /data/app/~~_w3UbtM2oWGiwrSuTvVlmQ==/com.google.android.youtube-bkUkY_ECY83vFxMcHGpELg==/base.apk
09-13 18:17:33.929  1859  5517 D CompatibilityChangeReporter: Compat change id reported: 135634846; UID 99172; state: DISABLED
09-13 18:17:33.929  1859  1906 D CompatibilityChangeReporter: Compat change id reported: 143937733; UID 10454; state: ENABLED
09-13 18:17:33.937  1859  1906 I ActivityManager: Start proc 18436:com.android.webview:sandboxed_process0:org.chromium.content.app.SandboxedProcessService0:0/u0i172 for  {de.mobilesoftwareag.clevertanken/org.chromium.content.app.SandboxedProcessService0:0}
09-13 18:17:33.957  1859  5547 D CompatibilityChangeReporter: Compat change id reported: 168419799; UID 10454; state: DISABLED
09-13 18:17:33.957  1859  5547 D CompatibilityChangeReporter: Compat change id reported: 273564678; UID 10454; state: DISABLED
09-13 18:17:33.963  1859  2564 E AppOps  : package audioserver not found, can't check for attributionTag null
09-13 18:17:34.092  1859  5547 D CompatibilityChangeReporter: Compat change id reported: 161145287; UID 10422; state: DISABLED
09-13 18:17:34.184  1859  2564 D CompatibilityChangeReporter: Compat change id reported: 135634846; UID 10377; state: DISABLED
09-13 18:17:34.185  1859  1906 D CompatibilityChangeReporter: Compat change id reported: 143937733; UID 10377; state: ENABLED
09-13 18:17:34.192  1859  1906 I ActivityManager: Start proc 18518:com.android.webview:webview_service/u0a377 for service {com.android.webview/org.chromium.android_webview.services.ComponentsProviderService}
09-13 18:17:34.238  1859  2564 W JobScheduler: Job didn't exist in JobStore: c808e37 #u0a429/764 com.google.android.youtube/androidx.work.impl.background.systemjob.SystemJobService
09-13 18:17:34.269  1859  5267 W JobScheduler: Job didn't exist in JobStore: 2fbb4f #u0a429/761 com.google.android.youtube/androidx.work.impl.background.systemjob.SystemJobService
09-13 18:17:34.384  1859  5267 D CompatibilityChangeReporter: Compat change id reported: 194532703; UID 10429; state: ENABLED
09-13 18:17:34.563  1859  2652 D CompatibilityChangeReporter: Compat change id reported: 201794303; UID 10428; state: ENABLED
09-13 18:17:34.678  1859  2652 D CompatibilityChangeReporter: Compat change id reported: 168419799; UID 10429; state: DISABLED
09-13 18:17:34.678  1859  2652 D CompatibilityChangeReporter: Compat change id reported: 273564678; UID 10429; state: DISABLED
09-13 18:17:34.914  1859  3165 D CompatibilityChangeReporter: Compat change id reported: 183164979; UID 10422; state: ENABLED
09-13 18:17:35.074  1859  2652 D CompatibilityChangeReporter: Compat change id reported: 161252188; UID 10377; state: DISABLED
09-13 18:17:35.123  1859  1859 W JobScheduler: Job didn't exist in JobStore: 8d572af #u0a454/192 de.mobilesoftwareag.clevertanken/androidx.work.impl.background.systemjob.SystemJobService
09-13 18:17:35.127  1859  1859 W JobScheduler: Job didn't exist in JobStore: 44feff6 #u0a454/190 de.mobilesoftwareag.clevertanken/androidx.work.impl.background.systemjob.SystemJobService
09-13 18:17:35.166  1859  3165 W JobScheduler: Job didn't exist in JobStore: ab2d217 #u0a429/761 com.google.android.youtube/androidx.work.impl.background.systemjob.SystemJobService
09-13 18:17:35.391  1859  5547 D CompatibilityChangeReporter: Compat change id reported: 194532703; UID 10454; state: ENABLED
09-13 18:17:36.009  1859  2564 D CompatibilityChangeReporter: Compat change id reported: 183164979; UID 10435; state: ENABLED
09-13 18:17:36.102  1859  2564 D CompatibilityChangeReporter: Compat change id reported: 168419799; UID 10357; state: DISABLED
09-13 18:17:36.102  1859  2564 D CompatibilityChangeReporter: Compat change id reported: 273564678; UID 10357; state: DISABLED
09-13 18:17:36.235  1859  2564 D CompatibilityChangeReporter: Compat change id reported: 135634846; UID 10564; state: DISABLED
09-13 18:17:36.236  1859  1906 D CompatibilityChangeReporter: Compat change id reported: 143937733; UID 10564; state: ENABLED
09-13 18:17:36.248  1859  1906 I ActivityManager: Start proc 18740:com.android.chrome/u0a564 for service {com.android.chrome/org.chromium.chrome.browser.customtabs.CustomTabsConnectionService}
09-13 18:17:36.289  1859  2564 D CompatibilityChangeReporter: Compat change id reported: 168419799; UID 10564; state: DISABLED
09-13 18:17:36.289  1859  2564 D CompatibilityChangeReporter: Compat change id reported: 273564678; UID 10564; state: DISABLED
09-13 18:17:36.426  1859  2564 W ActivityManager: Background start not allowed: service Intent { cmp=com.facebook.orca/com.facebook.mqtt.service.MqttServiceV2 (has extras) } to com.facebook.orca/com.facebook.mqtt.service.MqttServiceV2 from pid=17995 uid=10435 pkg=com.facebook.orca startFg?=false
09-13 18:17:36.432  1859  2564 D CompatibilityChangeReporter: Compat change id reported: 168419799; UID 10435; state: DISABLED
09-13 18:17:36.433  1859  2564 D CompatibilityChangeReporter: Compat change id reported: 273564678; UID 10435; state: DISABLED
09-13 18:17:36.440  1859  2564 W ActivityManager: Background start not allowed: service Intent { cmp=com.facebook.orca/com.facebook.mqtt.service.MqttServiceV2 (has extras) } to com.facebook.orca/com.facebook.mqtt.service.MqttServiceV2 from pid=17995 uid=10435 pkg=com.facebook.orca startFg?=false
09-13 18:17:36.486  1859  2564 D CompatibilityChangeReporter: Compat change id reported: 161145287; UID 10564; state: DISABLED
09-13 18:17:36.724  1859  5637 E AppOps  : package audioserver not found, can't check for attributionTag null
09-13 18:17:36.725  1859  3165 E AppOps  : package audioserver not found, can't check for attributionTag null
09-13 18:17:36.727  1859  5637 E AppOps  : package audioserver not found, can't check for attributionTag null
09-13 18:17:36.731  1859  3165 E AppOps  : package audioserver not found, can't check for attributionTag null
09-13 18:17:36.812  1859  3165 D BiometricService: canAuthenticate: User=0, Caller=0, Authenticators=255
09-13 18:17:36.812  1859  3165 D BiometricService/PreAuthInfo: Package: com.android.vending Sensor ID: 0 Modality: 2 Status: 1
09-13 18:17:36.812  1859  3165 D BiometricService/PreAuthInfo: Package: com.android.vending Sensor ID: 1008 Modality: 8 Status: 7
09-13 18:17:36.812  1859  3165 D BiometricService/PreAuthInfo: getCanAuthenticateInternal Modality: 2 AuthenticatorStatus: 1
09-13 18:17:36.812  1859  3165 D AuthService: canAuthenticate, userId: 0, callingUserId: 0, authenticators: 255, result: 0
09-13 18:17:36.830  1859  3165 D BiometricService: canAuthenticate: User=0, Caller=0, Authenticators=15
09-13 18:17:36.830  1859  3165 D BiometricService/PreAuthInfo: Package: com.android.vending Sensor ID: 0 Modality: 2 Status: 1
09-13 18:17:36.830  1859  3165 D BiometricService/PreAuthInfo: Package: com.android.vending Sensor ID: 1008 Modality: 8 Status: 4
09-13 18:17:36.830  1859  3165 D BiometricService/PreAuthInfo: getCanAuthenticateInternal Modality: 2 AuthenticatorStatus: 1
09-13 18:17:36.830  1859  3165 D AuthService: canAuthenticate, userId: 0, callingUserId: 0, authenticators: 15, result: 0
09-13 18:17:36.833  1859  3165 D BiometricService: canAuthenticate: User=0, Caller=0, Authenticators=255
09-13 18:17:36.833  1859  3165 D BiometricService/PreAuthInfo: Package: com.android.vending Sensor ID: 0 Modality: 2 Status: 1
09-13 18:17:36.833  1859  3165 D BiometricService/PreAuthInfo: Package: com.android.vending Sensor ID: 1008 Modality: 8 Status: 7
09-13 18:17:36.833  1859  3165 D BiometricService/PreAuthInfo: getCanAuthenticateInternal Modality: 2 AuthenticatorStatus: 1
09-13 18:17:36.833  1859  3165 D AuthService: canAuthenticate, userId: 0, callingUserId: 0, authenticators: 255, result: 0
09-13 18:17:36.833  1859  3165 D BiometricService: canAuthenticate: User=0, Caller=0, Authenticators=15
09-13 18:17:36.834  1859  3165 D BiometricService/PreAuthInfo: Package: com.android.vending Sensor ID: 0 Modality: 2 Status: 1
09-13 18:17:36.834  1859  3165 D BiometricService/PreAuthInfo: Package: com.android.vending Sensor ID: 1008 Modality: 8 Status: 4
09-13 18:17:36.834  1859  3165 D BiometricService/PreAuthInfo: getCanAuthenticateInternal Modality: 2 AuthenticatorStatus: 1
09-13 18:17:36.834  1859  3165 D AuthService: canAuthenticate, userId: 0, callingUserId: 0, authenticators: 15, result: 0
09-13 18:17:36.960  1859  2652 D CompatibilityChangeReporter: Compat change id reported: 135634846; UID 10564; state: DISABLED
09-13 18:17:36.960  1859  1906 D CompatibilityChangeReporter: Compat change id reported: 143937733; UID 10564; state: ENABLED
09-13 18:17:36.969  1859  1906 I ActivityManager: Start proc 18832:com.android.chrome:privileged_process0/u0a564 for service {com.android.chrome/org.chromium.content.app.PrivilegedProcessService0}
09-13 18:17:37.170  1859  1906 D CompatibilityChangeReporter: Compat change id reported: 143937733; UID 10564; state: ENABLED
09-13 18:17:37.174  1859  1906 D CompatibilityChangeReporter: Compat change id reported: 135634846; UID 10564; state: DISABLED
09-13 18:17:37.175  1859  1906 D CompatibilityChangeReporter: Compat change id reported: 207557677; UID 10564; state: ENABLED
09-13 18:17:37.287  1859  1906 W ActivityManager: Slow operation: 117ms so far, now at startProcess: returned from zygote!
09-13 18:17:37.287  1859  1906 W ActivityManager: Slow operation: 117ms so far, now at startProcess: done updating battery stats
09-13 18:17:37.287  1859  1906 W ActivityManager: Slow operation: 117ms so far, now at startProcess: building log message
09-13 18:17:37.287  1859  1906 I ActivityManager: Start proc 18882:com.android.chrome:sandboxed_process0:org.chromium.content.app.SandboxedProcessService0:0/u0ai0 for  {com.android.chrome/org.chromium.content.app.SandboxedProcessService0:0}
09-13 18:17:37.287  1859  1906 W ActivityManager: Slow operation: 117ms so far, now at startProcess: starting to update pids map
09-13 18:17:37.287  1859  1906 W ActivityManager: Slow operation: 117ms so far, now at startProcess: done updating pids map
09-13 18:17:37.965  1859  5637 D CompatibilityChangeReporter: Compat change id reported: 149924527; UID 10564; state: ENABLED
09-13 18:17:37.965  1859  5637 D CompatibilityChangeReporter: Compat change id reported: 132649864; UID 10564; state: DISABLED
09-13 18:17:37.966  1859  5637 D CompatibilityChangeReporter: Compat change id reported: 182734110; UID 10564; state: ENABLED
09-13 18:17:38.579  1859  1905 W BroadcastQueue: Permission Denial: broadcasting Intent { act=android.net.conn.CONNECTIVITY_CHANGE flg=0x4200010 (has extras) } from null (pid=-1, uid=-1) requires com.facebook.permission.prod.FB_APP_COMMUNICATION due to registered receiver BroadcastFilter{2b02b0d 10435/u0 ReceiverList{5e291a4 17995 com.facebook.orca/10435/u0 remote:210a837}}
09-13 18:17:38.632  1859  2564 D CompatibilityChangeReporter: Compat change id reported: 194532703; UID 10435; state: ENABLED
09-13 18:17:39.272  1859  5517 D CompatibilityChangeReporter: Compat change id reported: 171306433; UID 10422; state: ENABLED
09-13 18:17:39.272  1859  5517 D CompatibilityChangeReporter: Compat change id reported: 218533173; UID 10422; state: ENABLED
09-13 18:17:39.279  1859  5517 W ActivityManager: Background start not allowed: service Intent { cmp=com.facebook.katana/com.facebook.mqtt.service.MqttServiceV2 (has extras) } to com.facebook.katana/com.facebook.mqtt.service.MqttServiceV2 from pid=18187 uid=10422 pkg=com.facebook.katana startFg?=false
09-13 18:17:39.283  1859  5517 D CompatibilityChangeReporter: Compat change id reported: 168419799; UID 10422; state: DISABLED
09-13 18:17:39.284  1859  5517 D CompatibilityChangeReporter: Compat change id reported: 273564678; UID 10422; state: DISABLED
09-13 18:17:39.792  1859  1905 W BroadcastQueue: Permission Denial: broadcasting Intent { act=android.net.conn.CONNECTIVITY_CHANGE flg=0x4200010 (has extras) } from null (pid=-1, uid=-1) requires com.facebook.permission.prod.FB_APP_COMMUNICATION due to registered receiver BroadcastFilter{6f4a4f4 10422/u0 ReceiverList{abcb6c7 18187 com.facebook.katana/10422/u0 remote:c837006}}
09-13 18:17:39.956  1859  2652 D CompatibilityChangeReporter: Compat change id reported: 194532703; UID 10422; state: ENABLED
09-13 18:17:45.465  1859  2652 I ActivityManager: Killing 18436:com.android.webview:sandboxed_process0:org.chromium.content.app.SandboxedProcessService0:0/u0a454i172 (adj 0): isolated not needed
09-13 18:17:45.517  1859  5547 E AppOps  : package audioserver not found, can't check for attributionTag null
09-13 18:17:45.521  1859  1912 E KernelCpuSpeedReader: Failed to read cpu-freq: /sys/devices/system/cpu/cpu0/cpufreq/stats/time_in_state: open failed: ENOENT (No such file or directory)
09-13 18:17:45.521  1859  1912 E KernelCpuSpeedReader: Failed to read cpu-freq: /sys/devices/system/cpu/cpu4/cpufreq/stats/time_in_state: open failed: ENOENT (No such file or directory)
09-13 18:17:45.522  1859  1912 E KernelCpuSpeedReader: Failed to read cpu-freq: /sys/devices/system/cpu/cpu7/cpufreq/stats/time_in_state: open failed: ENOENT (No such file or directory)
09-13 18:17:47.956  1859  5547 I PowerGroup: Waking up power group from Dozing (groupId=0, uid=10389, reason=WAKE_REASON_LIFT, details=com.android.systemui:NODOZE pickup)...
09-13 18:17:47.957  1859  5547 I PowerManagerService: Waking up from Dozing (uid=10389, reason=WAKE_REASON_LIFT, details=com.android.systemui:NODOZE pickup)...
09-13 18:17:47.958  1859  1859 E ActivityManager: Cancel pending or running compactions as system is awake
09-13 18:17:47.964  1859  1953 I DisplayPowerController[0]: Blocking screen on until initial contents have been drawn.
09-13 18:17:47.978  1859  1953 V DisplayPowerController[0]: Brightness [0.0027703275] reason changing to: 'manual', previous reason: 'screen_off'.
09-13 18:17:47.978  1859  1953 I DisplayPowerController[0]: BrightnessEvent: disp=0, physDisp=local:4630946687422888065, brt=0.0027703275, initBrt=0.0, rcmdBrt=NaN, preBrt=NaN, lux=NaN, preLux=NaN, hbmMax=1.0, hbmMode=off, rbcStrength=50, powerFactor=1.0, thrmMax=1.0, wasShortTermModelActive=false, flags=invalid_lux , reason=manual, autoBrightness=true
09-13 18:17:47.978  1859  1953 I DisplayPowerController[0]: BrightnessEvent: disp=0, physDisp=local:4630946687422888065, brt=0.0027703275, initBrt=0.0027703275, rcmdBrt=NaN, preBrt=NaN, lux=NaN, preLux=NaN, hbmMax=1.0, hbmMode=off, rbcStrength=50, powerFactor=1.0, thrmMax=1.0, wasShortTermModelActive=false, flags=invalid_lux , reason=manual, autoBrightness=true
09-13 18:17:47.978  1859  1898 I DisplayDeviceRepository: Display device changed state: "Integrierter Bildschirm", ON
09-13 18:17:47.982  1859  1899 I DisplayDevice: [0] Layerstack set to 0 for local:4630946687422888065
09-13 18:17:47.996  1859  1859 D CompatibilityChangeReporter: Compat change id reported: 135634846; UID 10563; state: DISABLED
09-13 18:17:47.996  1859  1859 D CompatibilityChangeReporter: Compat change id reported: 177438394; UID 10563; state: DISABLED
09-13 18:17:47.996  1859  1859 D CompatibilityChangeReporter: Compat change id reported: 135772972; UID 10563; state: DISABLED
09-13 18:17:47.996  1859  1859 D CompatibilityChangeReporter: Compat change id reported: 135754954; UID 10563; state: ENABLED
09-13 18:17:47.996  1859  1906 D CompatibilityChangeReporter: Compat change id reported: 143937733; UID 10563; state: ENABLED
09-13 18:17:47.997  1859  3165 W ActivityManager: Background start not allowed: service Intent { cmp=com.facebook.orca/com.facebook.mqtt.service.MqttServiceV2 (has extras) } to com.facebook.orca/com.facebook.mqtt.service.MqttServiceV2 from pid=17995 uid=10435 pkg=com.facebook.orca startFg?=false
09-13 18:17:48.007  1859  1912 E KernelCpuSpeedReader: Failed to read cpu-freq: /sys/devices/system/cpu/cpu0/cpufreq/stats/time_in_state: open failed: ENOENT (No such file or directory)
09-13 18:17:48.009  1859  1906 I ActivityManager: Start proc 19046:com.google.android.apps.wellbeing/u0a563 for service {com.google.android.apps.wellbeing/androidx.work.impl.background.systemjob.SystemJobService}
09-13 18:17:48.010  1859  1912 E KernelCpuSpeedReader: Failed to read cpu-freq: /sys/devices/system/cpu/cpu4/cpufreq/stats/time_in_state: open failed: ENOENT (No such file or directory)
09-13 18:17:48.010  1859  1912 E KernelCpuSpeedReader: Failed to read cpu-freq: /sys/devices/system/cpu/cpu7/cpufreq/stats/time_in_state: open failed: ENOENT (No such file or directory)
09-13 18:17:48.016  1859  5530 D CompatibilityChangeReporter: Compat change id reported: 181658987; UID 1000; state: ENABLED
09-13 18:17:48.016  1859  5530 D CompatibilityChangeReporter: Compat change id reported: 181658987; UID 10422; state: ENABLED
09-13 18:17:48.016  1859  5530 D CompatibilityChangeReporter: Compat change id reported: 181658987; UID 10435; state: ENABLED
09-13 18:17:48.019  1859  3165 W ActivityManager: Background start not allowed: service Intent { cmp=com.facebook.katana/com.facebook.mqtt.service.MqttServiceV2 (has extras) } to com.facebook.katana/com.facebook.mqtt.service.MqttServiceV2 from pid=18187 uid=10422 pkg=com.facebook.katana startFg?=false
09-13 18:17:48.061  1859  5267 D CompatibilityChangeReporter: Compat change id reported: 168419799; UID 10563; state: DISABLED
09-13 18:17:48.061  1859  5267 D CompatibilityChangeReporter: Compat change id reported: 273564678; UID 10563; state: DISABLED
09-13 18:17:48.125  1859  1859 W Looper  : Slow dispatch took 104ms main h=android.app.ActivityThread$H c=android.app.LoadedApk$ReceiverDispatcher$Args$$ExternalSyntheticLambda0@7f28c03 m=0
09-13 18:17:48.130  1859  1898 I DisplayDeviceRepository: Display device changed state: "Integrierter Bildschirm", ON
09-13 18:17:48.131  1859  1953 I DisplayPowerController[0]: Unblocked screen on after 167 ms
09-13 18:17:48.132  1859  1953 I DisplayPowerController[0]: BrightnessEvent: disp=0, physDisp=local:4630946687422888065, brt=0.0027703275, initBrt=0.0027703275, rcmdBrt=NaN, preBrt=NaN, lux=NaN, preLux=NaN, hbmMax=1.0, hbmMode=off, rbcStrength=50, powerFactor=1.0, thrmMax=1.0, wasShortTermModelActive=false, flags=invalid_lux , reason=manual, autoBrightness=true
09-13 18:17:48.133  1859  1953 I DisplayPowerController[0]: BrightnessEvent: disp=0, physDisp=local:4630946687422888065, brt=0.0027703275, initBrt=0.0027703275, rcmdBrt=NaN, preBrt=NaN, lux=NaN, preLux=NaN, hbmMax=1.0, hbmMode=off, rbcStrength=50, powerFactor=1.0, thrmMax=1.0, wasShortTermModelActive=false, flags=invalid_lux , reason=manual, autoBrightness=true
09-13 18:17:48.134  1859  1953 I DreamManagerService: Gently waking up from dream.
09-13 18:17:48.138  1859  1898 I DisplayDeviceRepository: Display device changed: DisplayDeviceInfo{"Integrierter Bildschirm": uniqueId="local:4630946687422888065", 1080 x 2400, modeId 1, defaultModeId 1, supportedModes [{id=1, width=1080, height=2400, fps=144.00002, alternativeRefreshRates=[60.000004, 90.0, 120.00001]}, {id=2, width=1080, height=2400, fps=120.00001, alternativeRefreshRates=[60.000004, 90.0, 144.00002]}, {id=3, width=1080, height=2400, fps=90.0, alternativeRefreshRates=[60.000004, 120.00001, 144.00002]}, {id=4, width=1080, height=2400, fps=60.000004, alternativeRefreshRates=[90.0, 120.00001, 144.00002]}], colorMode 0, supportedColorModes [0, 7, 9], hdrCapabilities HdrCapabilities{mSupportedHdrTypes=[2, 3, 4], mMaxLuminance=420.0, mMaxAverageLuminance=210.1615, mMinLuminance=0.323}, allmSupported false, gameContentTypeSupported false, density 440, 391.885 x 395.844 dpi, appVsyncOff 1000000, presDeadline 11944444, cutout DisplayCutout{insets=Rect(0, 117 - 0, 0) waterfall=Insets{left=0, top=0, right=0, bottom=0} boundingRect={Bounds=[Rect(0, 0 - 0, 0), Rect(0, 0 - 145, 117), Rect(0, 0 - 0, 0), Rect(0, 0 - 0, 0)]} cutoutPathParserInfo={CutoutPathParserInfo{displayWidth=1080 displayHeight=2400 physicalDisplayWidth=1080 physicalDisplayHeight=2400 density={2.75} cutoutSpec={M 60,60 a 30,30 0 1 0 60,0 a 30,30 0 1 0 -60,0 Z @left} rotation={0} scale={1.0} physicalPixelDisplaySizeRatio={1.0}}}}, touch INTERNAL, rotation 0, type INTERNAL, address {port=129, model=0x40446d79f59cf8}, deviceProductInfo DeviceProductInfo{name=, manufacturerPnpId=QCM, productId=1, modelYear=null, manufactureDate=ManufactureDate{week=27, year=2006}, connectionToSinkType=0}, state ON, committedState ON, frameRateOverride , brightnessMinimum 0.0, brightnessMaximum 1.0, brightnessDefault 0.72047246, roundedCorners RoundedCorners{[RoundedCorner{position=TopLeft, radius=90, center=Point(90, 90)}, RoundedCorner{position=TopRight, radius=90, center=Point(990, 90)}, RoundedCorner{position=BottomRight, radius=90, center=Point(990, 2310)}, RoundedCorner{position=BottomLeft, radius=90, center=Point(90, 2310)}]}, FLAG_ALLOWED_TO_BE_DEFAULT_DISPLAY, FLAG_ROTATES_WITH_CONTENT, FLAG_SECURE, FLAG_SUPPORTS_PROTECTED_BUFFERS, installOrientation 0}
09-13 18:17:48.142  1859  3165 I DreamManagerService: Leaving dreamland.
09-13 18:17:48.143  1859  1895 I DreamController: Stopping dream: name=ComponentInfo{com.android.systemui/com.android.systemui.doze.DozeService}, isPreviewMode=false, canDoze=true, userId=0, reason='finished self'(from 'power manager request')
09-13 18:17:48.148  1859  3165 D CompatibilityChangeReporter: Compat change id reported: 161145287; UID 10361; state: DISABLED
09-13 18:17:48.164  1859  1953 V DisplayPowerController[0]: Brightness [0.0027703275] reason changing to: 'automatic', previous reason: 'manual'.
09-13 18:17:48.164  1859  1953 I DisplayPowerController[0]: BrightnessEvent: disp=0, physDisp=local:4630946687422888065, brt=0.0027703275, initBrt=0.0027703275, rcmdBrt=0.0027703275, preBrt=NaN, lux=1.6662499, preLux=NaN, hbmMax=1.0, hbmMode=off, rbcStrength=50, powerFactor=1.0, thrmMax=1.0, wasShortTermModelActive=false, flags=, reason=automatic, autoBrightness=true
09-13 18:17:48.191  1859  5637 W JobScheduler: Job didn't exist in JobStore: b7f3bbd #u0a563/31 com.google.android.apps.wellbeing/androidx.work.impl.background.systemjob.SystemJobService
09-13 18:17:48.197  1859  5637 D CompatibilityChangeReporter: Compat change id reported: 161145287; UID 10563; state: DISABLED
09-13 18:17:48.210  1859  3165 D CompatibilityChangeReporter: Compat change id reported: 194532703; UID 10563; state: ENABLED
09-13 18:17:48.224   673 18645 I keystore2: keystore2::watchdog: Watchdog thread idle -> terminating. Have a great day.
09-13 18:17:48.267  1859  2564 E ThermalHalWrapper: Couldn't get temperatures because of HAL error: ThermalHAL not initialized properly.
09-13 18:17:48.375  1859  1895 I UsbPortManager: USB HAL HIDL version: 13
09-13 18:17:49.307  1859  1953 I DisplayPowerController[0]: BrightnessEvent: disp=0, physDisp=local:4630946687422888065, brt=0.014821443, initBrt=0.0027703275, rcmdBrt=0.014821443, preBrt=0.0027703275, lux=3.0716436, preLux=1.4475839, hbmMax=1.0, hbmMode=off, rbcStrength=50, powerFactor=1.0, thrmMax=1.0, wasShortTermModelActive=false, flags=, reason=automatic, autoBrightness=true
09-13 18:17:49.308  1859  1859 I BrightnessSynchronizer: [1454] New Update 0.014821443(f) set brightness values:  5(i)
09-13 18:17:49.308  1859  1953 I DisplayPowerController[0]: BrightnessEvent: disp=0, physDisp=local:4630946687422888065, brt=0.014821443, initBrt=0.014821443, rcmdBrt=0.014821443, preBrt=0.0027703275, lux=3.0716436, preLux=1.4475839, hbmMax=1.0, hbmMode=off, rbcStrength=50, powerFactor=1.0, thrmMax=1.0, wasShortTermModelActive=false, flags=, reason=automatic, autoBrightness=true
09-13 18:17:49.309  1859  1859 I BrightnessSynchronizer: New PendingUpdate: {[1455] 0.014821443(f), mUpdatedTypes=0, mConfirmedTypes=0, mTimeUpdated=0}, prev=null
09-13 18:17:49.309  1859  1859 I BrightnessSynchronizer: Swallowing update of 5(i) by update: {[1454] 0.014821443(f), mUpdatedTypes=1, mConfirmedTypes=1, mTimeUpdated=75413492}
09-13 18:17:49.309  1859  1859 I BrightnessSynchronizer: Completed Update: {[1454] 0.014821443(f), mUpdatedTypes=1, mConfirmedTypes=1, mTimeUpdated=75413492}
09-13 18:17:49.409  1859  1953 I DisplayPowerController[0]: BrightnessEvent: disp=0, physDisp=local:4630946687422888065, brt=0.041042835, initBrt=0.014821443, rcmdBrt=0.041042835, preBrt=0.014821443, lux=5.406825, preLux=3.0716436, hbmMax=1.0, hbmMode=off, rbcStrength=50, powerFactor=1.0, thrmMax=1.0, wasShortTermModelActive=false, flags=, reason=automatic, autoBrightness=true
09-13 18:17:49.410  1859  1953 I DisplayPowerController[0]: BrightnessEvent: disp=0, physDisp=local:4630946687422888065, brt=0.041042835, initBrt=0.041042835, rcmdBrt=0.041042835, preBrt=0.014821443, lux=5.406825, preLux=3.0716436, hbmMax=1.0, hbmMode=off, rbcStrength=50, powerFactor=1.0, thrmMax=1.0, wasShortTermModelActive=false, flags=, reason=automatic, autoBrightness=true
09-13 18:17:49.410  1859  1859 I BrightnessSynchronizer: [1456] New Update 0.041042835(f) set brightness values:  11(i)
09-13 18:17:49.411  1859  1859 I BrightnessSynchronizer: New PendingUpdate: {[1457] 0.041042835(f), mUpdatedTypes=0, mConfirmedTypes=0, mTimeUpdated=0}, prev=null
09-13 18:17:49.411  1859  1859 I BrightnessSynchronizer: Swallowing update of 11(i) by update: {[1456] 0.041042835(f), mUpdatedTypes=1, mConfirmedTypes=1, mTimeUpdated=75413594}
09-13 18:17:49.411  1859  1859 I BrightnessSynchronizer: Completed Update: {[1456] 0.041042835(f), mUpdatedTypes=1, mConfirmedTypes=1, mTimeUpdated=75413594}
09-13 18:17:49.512  1859  1953 I DisplayPowerController[0]: BrightnessEvent: disp=0, physDisp=local:4630946687422888065, brt=0.06158156, initBrt=0.041042835, rcmdBrt=0.06158156, preBrt=0.041042835, lux=8.102467, preLux=5.406825, hbmMax=1.0, hbmMode=off, rbcStrength=50, powerFactor=1.0, thrmMax=1.0, wasShortTermModelActive=false, flags=, reason=automatic, autoBrightness=true
09-13 18:17:49.513  1859  1859 I BrightnessSynchronizer: [1458] New Update 0.06158156(f) set brightness values:  17(i)
09-13 18:17:49.513  1859  1953 I DisplayPowerController[0]: BrightnessEvent: disp=0, physDisp=local:4630946687422888065, brt=0.06158156, initBrt=0.06158156, rcmdBrt=0.06158156, preBrt=0.041042835, lux=8.102467, preLux=5.406825, hbmMax=1.0, hbmMode=off, rbcStrength=50, powerFactor=1.0, thrmMax=1.0, wasShortTermModelActive=false, flags=, reason=automatic, autoBrightness=true
09-13 18:17:49.514  1859  1859 I BrightnessSynchronizer: New PendingUpdate: {[1459] 0.06158156(f), mUpdatedTypes=0, mConfirmedTypes=0, mTimeUpdated=0}, prev=null
09-13 18:17:49.514  1859  1859 I BrightnessSynchronizer: Swallowing update of 17(i) by update: {[1458] 0.06158156(f), mUpdatedTypes=1, mConfirmedTypes=1, mTimeUpdated=75413696}
09-13 18:17:49.514  1859  1859 I BrightnessSynchronizer: Completed Update: {[1458] 0.06158156(f), mUpdatedTypes=1, mConfirmedTypes=1, mTimeUpdated=75413696}
09-13 18:17:49.762  1859  1953 I DisplayPowerController[0]: BrightnessEvent: disp=0, physDisp=local:4630946687422888065, brt=0.0852782, initBrt=0.06158156, rcmdBrt=0.0852782, preBrt=0.06158156, lux=13.356362, preLux=8.102467, hbmMax=1.0, hbmMode=off, rbcStrength=50, powerFactor=1.0, thrmMax=1.0, wasShortTermModelActive=false, flags=, reason=automatic, autoBrightness=true
09-13 18:17:49.762  1859  1859 V Biometrics/AcquisitionClient: Acquired: 6 22, shouldSend: true
09-13 18:17:49.763  1859  1859 I BrightnessSynchronizer: [1460] New Update 0.0852782(f) set brightness values:  23(i)
09-13 18:17:49.763  1859  1953 I DisplayPowerController[0]: BrightnessEvent: disp=0, physDisp=local:4630946687422888065, brt=0.0852782, initBrt=0.0852782, rcmdBrt=0.0852782, preBrt=0.06158156, lux=13.356362, preLux=8.102467, hbmMax=1.0, hbmMode=off, rbcStrength=50, powerFactor=1.0, thrmMax=1.0, wasShortTermModelActive=false, flags=, reason=automatic, autoBrightness=true
09-13 18:17:49.763  2525  2525 W FingerprintManager: Invalid acquired message: 6, 22
09-13 18:17:49.764  1859  1859 I BrightnessSynchronizer: New PendingUpdate: {[1461] 0.0852782(f), mUpdatedTypes=0, mConfirmedTypes=0, mTimeUpdated=0}, prev=null
09-13 18:17:49.764  1859  1859 I BrightnessSynchronizer: Swallowing update of 23(i) by update: {[1460] 0.0852782(f), mUpdatedTypes=1, mConfirmedTypes=1, mTimeUpdated=75413946}
09-13 18:17:49.764  1859  1859 I BrightnessSynchronizer: Completed Update: {[1460] 0.0852782(f), mUpdatedTypes=1, mConfirmedTypes=1, mTimeUpdated=75413946}
09-13 18:17:49.899  1859  1859 V Biometrics/AcquisitionClient: Acquired: 0 0, shouldSend: true
09-13 18:17:49.900  1859  1859 V BiometricLogger: Authentication latency: -1
09-13 18:17:49.905  1859  1859 V ALSProbe: Enable ALS: 254576203
09-13 18:17:49.906  1859  1859 V Biometrics/AuthenticationClient: onAuthenticated(true), ID:-835684306, Owner: com.android.systemui, isBP: false, listener: com.android.server.biometrics.sensors.ClientMonitorCallbackConverter@fe23828, requireConfirmation: false, user: 0, clientMonitor: {[182] com.android.server.biometrics.sensors.fingerprint.hidl.FingerprintAuthenticationClient, proto=3, owner=com.android.systemui, cookie=0, requestId=86, userId=0}
09-13 18:17:49.906  1859  1859 W Biometrics/AuthenticationClient: Allowing background authentication, this is allowed only for platform or test invocations
09-13 18:17:49.906  1859  1859 D BaseClientMonitor: marking operation as done: {[182] com.android.server.biometrics.sensors.fingerprint.hidl.FingerprintAuthenticationClient, proto=3, owner=com.android.systemui, cookie=0, requestId=86, userId=0}
09-13 18:17:49.906  1859  1859 D BiometricService: resetLockout from: 0, for: 1008, userId: 0
09-13 18:17:49.909  1859  1859 D Biometrics/AuthenticationClient: addAuthToken: 0
09-13 18:17:49.909  1859  1859 D BiometricStateCallback: Client finished, state updated to 0, client {[182] com.android.server.biometrics.sensors.fingerprint.hidl.FingerprintAuthenticationClient, proto=3, owner=com.android.systemui, cookie=0, requestId=86, userId=0}
09-13 18:17:49.909  1859  1859 D BiometricSchedulerOperation: [Finished / destroy]: {[182] com.android.server.biometrics.sensors.fingerprint.hidl.FingerprintAuthenticationClient, proto=3, owner=com.android.systemui, cookie=0, requestId=86, userId=0}
09-13 18:17:49.911  1859  1859 W CustomFaceProvider: Ignoring lockout reset, no templates enrolled for user: 0
09-13 18:17:49.912  1859  1859 D BiometricScheduler/Fingerprint21: [Finishing] {[182] com.android.server.biometrics.sensors.fingerprint.hidl.FingerprintAuthenticationClient, proto=3, owner=com.android.systemui, cookie=0, requestId=86, userId=0}, success: true
09-13 18:17:49.912  1859  1859 D BiometricCoexCoordinator: removeAuthenticationClient(OtherFp), client: {[182] com.android.server.biometrics.sensors.fingerprint.hidl.FingerprintAuthenticationClient, proto=3, owner=com.android.systemui, cookie=0, requestId=86, userId=0}
09-13 18:17:49.912  1859  1859 D GestureAvailabilityTracker: Notifying gesture availability, active=true
09-13 18:17:49.912  1859  1859 D BiometricScheduler/Fingerprint21: No operations, returning to idle
09-13 18:17:49.915  1859  1859 D BiometricService: Sensor ID(1008), oemStrength: 255, updatedStrength: 255, modality 8, state: 0, cookie: 0, sensorId 1008, hasEnrollments: false cannot participate in Keystore operations
09-13 18:17:49.916   673 11058 I keystore2: keystore2::authorization: on_lock_screen_event(LockScreenEvent(0), user_id=0, password.is_some()=false, unlocking_sids=Some([4316982805036002648]))
09-13 18:17:49.918  1859  1953 I DisplayPowerController[0]: BrightnessEvent: disp=0, physDisp=local:4630946687422888065, brt=0.099639274, initBrt=0.0852782, rcmdBrt=0.099639274, preBrt=0.0852782, lux=15.900032, preLux=13.356362, hbmMax=1.0, hbmMode=off, rbcStrength=50, powerFactor=1.0, thrmMax=1.0, wasShortTermModelActive=false, flags=, reason=automatic, autoBrightness=true
09-13 18:17:49.921  1859  5517 D ActivityTaskManager: Top Process State changed to PROCESS_STATE_TOP
09-13 18:17:49.949   673 11058 I keystore2: keystore2::super_key: In try_unlock_user_with_biometric: Successfully unlocked with biometric
09-13 18:17:49.949  1859  1859 V ALSProbe: Finishing next consumer
09-13 18:17:49.950  1859  1859 V ALSProbe: Disable ALS: 254576203
09-13 18:17:49.950  1859  1859 W BiometricFrameworkStatsLogger: found a negative latency : -1
09-13 18:17:49.951  1859  1859 I BrightnessSynchronizer: [1462] New Update 0.099639274(f) set brightness values:  26(i)
09-13 18:17:49.951  1859  1859 I BrightnessSynchronizer: New PendingUpdate: {[1463] 0.099639274(f), mUpdatedTypes=0, mConfirmedTypes=0, mTimeUpdated=0}, prev=null
09-13 18:17:49.951  1859  1953 I DisplayPowerController[0]: BrightnessEvent: disp=0, physDisp=local:4630946687422888065, brt=0.099639274, initBrt=0.099639274, rcmdBrt=0.099639274, preBrt=0.0852782, lux=15.900032, preLux=13.356362, hbmMax=1.0, hbmMode=off, rbcStrength=50, powerFactor=1.0, thrmMax=1.0, wasShortTermModelActive=false, flags=, reason=automatic, autoBrightness=true
09-13 18:17:49.953  1859  1859 D CompatibilityChangeReporter: Compat change id reported: 135634846; UID 10550; state: DISABLED
09-13 18:17:49.953  1859  1859 D CompatibilityChangeReporter: Compat change id reported: 177438394; UID 10550; state: DISABLED
09-13 18:17:49.953  1859  1859 D CompatibilityChangeReporter: Compat change id reported: 135772972; UID 10550; state: DISABLED
09-13 18:17:49.954  1859  1859 D CompatibilityChangeReporter: Compat change id reported: 135754954; UID 10550; state: ENABLED
09-13 18:17:49.954  1859  1906 D CompatibilityChangeReporter: Compat change id reported: 143937733; UID 10550; state: ENABLED
09-13 18:17:49.955  1859  1859 D CompatibilityChangeReporter: Compat change id reported: 135634846; UID 10531; state: DISABLED
09-13 18:17:49.955  1859  1859 D CompatibilityChangeReporter: Compat change id reported: 177438394; UID 10531; state: DISABLED
09-13 18:17:49.955  1859  1859 D CompatibilityChangeReporter: Compat change id reported: 135772972; UID 10531; state: DISABLED
09-13 18:17:49.955  1859  1859 D CompatibilityChangeReporter: Compat change id reported: 135754954; UID 10531; state: ENABLED
09-13 18:17:49.956  1859  1859 I BrightnessSynchronizer: Swallowing update of 26(i) by update: {[1462] 0.099639274(f), mUpdatedTypes=1, mConfirmedTypes=1, mTimeUpdated=75414134}
09-13 18:17:49.956  1859  1859 I BrightnessSynchronizer: Completed Update: {[1462] 0.099639274(f), mUpdatedTypes=1, mConfirmedTypes=1, mTimeUpdated=75414134}
09-13 18:17:49.962  1859  1906 I ActivityManager: Start proc 19123:com.google.android.apps.chromecast.app/u0a550 for service {com.google.android.apps.chromecast.app/androidx.work.impl.background.systemjob.SystemJobService}
09-13 18:17:49.962  1859  1906 D CompatibilityChangeReporter: Compat change id reported: 143937733; UID 10531; state: ENABLED
09-13 18:17:49.970  1859  1906 I ActivityManager: Start proc 19125:com.google.android.apps.work.clouddpc/u0a531 for service {com.google.android.apps.work.clouddpc/com.google.android.apps.work.clouddpc.base.services.HealthCheckJobService}
09-13 18:17:49.999  1859  5267 D CompatibilityChangeReporter: Compat change id reported: 168419799; UID 10531; state: DISABLED
09-13 18:17:49.999  1859  5267 D CompatibilityChangeReporter: Compat change id reported: 273564678; UID 10531; state: DISABLED
09-13 18:17:50.019  1859  1859 D CompatibilityChangeReporter: Compat change id reported: 218533173; UID 10550; state: ENABLED
09-13 18:17:50.074  1859  5530 D CoreBackPreview: Window{27372d2 u0 com.android.launcher3/com.android.launcher3.uioverrides.QuickstepLauncher}: Setting back callback OnBackInvokedCallbackInfo{mCallback=android.window.IOnBackInvokedCallback$Stub$Proxy@78a02ff, mPriority=0}
09-13 18:17:50.083  1859  5530 D CompatibilityChangeReporter: Compat change id reported: 161145287; UID 10550; state: DISABLED
09-13 18:17:50.125  1859  5508 W ActivityManager: Unable to start service Intent { act=com.google.android.gms.homegraph.service.START pkg=com.google.android.gms } U=0: not found
09-13 18:17:50.150  1859  2564 W ActivityManager: Unbind failed: could not find connection for android.os.BinderProxy@c34b1e1
09-13 18:17:50.169  1859  1953 I DisplayPowerController[0]: BrightnessEvent: disp=0, physDisp=local:4630946687422888065, brt=0.1198794, initBrt=0.099639274, rcmdBrt=0.1198794, preBrt=0.099639274, lux=19.403688, preLux=15.900032, hbmMax=1.0, hbmMode=off, rbcStrength=50, powerFactor=1.0, thrmMax=1.0, wasShortTermModelActive=false, flags=, reason=automatic, autoBrightness=true
09-13 18:17:50.173  1859  1859 I BrightnessSynchronizer: [1464] New Update 0.1198794(f) set brightness values:  31(i)
09-13 18:17:50.173  1859  1859 I BrightnessSynchronizer: New PendingUpdate: {[1465] 0.1198794(f), mUpdatedTypes=0, mConfirmedTypes=0, mTimeUpdated=0}, prev=null
09-13 18:17:50.173  1859  1859 I BrightnessSynchronizer: Swallowing update of 31(i) by update: {[1464] 0.1198794(f), mUpdatedTypes=1, mConfirmedTypes=1, mTimeUpdated=75414356}
09-13 18:17:50.173  1859  1859 I BrightnessSynchronizer: Completed Update: {[1464] 0.1198794(f), mUpdatedTypes=1, mConfirmedTypes=1, mTimeUpdated=75414356}
09-13 18:17:50.173  1859  1953 I DisplayPowerController[0]: BrightnessEvent: disp=0, physDisp=local:4630946687422888065, brt=0.1198794, initBrt=0.1198794, rcmdBrt=0.1198794, preBrt=0.099639274, lux=19.403688, preLux=15.900032, hbmMax=1.0, hbmMode=off, rbcStrength=50, powerFactor=1.0, thrmMax=1.0, wasShortTermModelActive=false, flags=, reason=automatic, autoBrightness=true
09-13 18:17:50.279  1859  2133 D CompatibilityChangeReporter: Compat change id reported: 161145287; UID 10531; state: DISABLED
09-13 18:17:50.297  1859  2564 E AppOps  : package audioserver not found, can't check for attributionTag null
09-13 18:17:50.297  1859  2564 E AppOps  : package audioserver not found, can't check for attributionTag null
09-13 18:17:50.298  1859  5267 D CompatibilityChangeReporter: Compat change id reported: 218533173; UID 10531; state: ENABLED
09-13 18:17:50.304  1859  1905 W BroadcastQueue: Exported Denial: sending Intent { act=android.intent.action.USER_PRESENT flg=0x24200010 }, action: android.intent.action.USER_PRESENT from com.android.systemui (uid=10389) due to receiver ProcessRecord{8a588 18000:de.mobilesoftwareag.clevertanken/u0a454} (uid 10454) not specifying RECEIVER_EXPORTED
09-13 18:17:50.304  1859  1905 W BroadcastQueue: Exported Denial: sending Intent { act=android.intent.action.USER_PRESENT flg=0x24200010 }, action: android.intent.action.USER_PRESENT from com.android.systemui (uid=10389) due to receiver ProcessRecord{8a588 18000:de.mobilesoftwareag.clevertanken/u0a454} (uid 10454) not specifying RECEIVER_EXPORTED
09-13 18:17:50.310  1859  1905 W BroadcastQueue: Background execution not allowed: receiving Intent { act=android.intent.action.USER_PRESENT flg=0x24200010 } to com.google.android.gms/.auth.setup.devicesignals.LockScreenReceiver
09-13 18:17:50.312  1859  1905 W BroadcastQueue: Background execution not allowed: receiving Intent { act=android.intent.action.USER_PRESENT flg=0x24200010 } to com.google.android.gms/.chimera.GmsIntentOperationService$PersistentTrustedReceiver
09-13 18:17:50.315  1859  1905 W BroadcastQueue: Background execution not allowed: receiving Intent { act=android.intent.action.USER_PRESENT flg=0x24200010 } to com.android.chrome/org.chromium.chrome.browser.sharing.click_to_call.ClickToCallMessageHandler$PhoneUnlockedReceiver
09-13 18:17:50.315  1859  1905 W BroadcastQueue: Permission Denial: broadcasting Intent { act=android.intent.action.USER_PRESENT flg=0x24200010 } from com.android.systemui (pid=2525, uid=10389) to com.gameloft.android.ANMP.GloftDOHM/io.adjoe.sdk.DeviceStatusTracker is not exported from uid 10423
09-13 18:17:50.315  1859  1905 W BroadcastQueue: Background execution not allowed: receiving Intent { act=android.intent.action.USER_PRESENT flg=0x24200010 } to com.google.android.apps.work.clouddpc/.base.receivers.UserPresentReceiver
09-13 18:17:50.315  1859  1905 W BroadcastQueue: Background execution not allowed: receiving Intent { act=android.intent.action.USER_PRESENT flg=0x24200010 } to com.instagram.android/com.instagram.push.FbnsInitBroadcastReceiver
09-13 18:17:50.315  1859  1905 W BroadcastQueue: Background execution not allowed: receiving Intent { act=android.intent.action.USER_PRESENT flg=0x24200010 } to com.microsoft.emmx/org.chromium.chrome.browser.sharing.click_to_call.ClickToCallMessageHandler$PhoneUnlockedReceiver
09-13 18:17:50.315  1859  1905 W BroadcastQueue: Background execution not allowed: receiving Intent { act=android.intent.action.USER_PRESENT flg=0x24200010 } to com.zhiliaoapp.musically/com.ss.android.push.window.oppo.ScreenReceiver
09-13 18:17:50.315  1859  1905 W BroadcastQueue: Permission Denial: broadcasting Intent { act=android.intent.action.USER_PRESENT flg=0x24200010 } from com.android.systemui (pid=2525, uid=10389) to de.avm.android.myfritz2/de.avm.android.one.receiver.SimpleScreenUnlockedReceiver is not exported from uid 10470
09-13 18:17:50.315  1859  1905 W BroadcastQueue: Permission Denial: broadcasting Intent { act=android.intent.action.USER_PRESENT flg=0x24200010 } from com.android.systemui (pid=2525, uid=10389) to de.payback.client.android/io.adjoe.sdk.DeviceStatusTracker is not exported from uid 10445
09-13 18:17:50.315  1859  1905 W BroadcastQueue: Permission Denial: broadcasting Intent { act=android.intent.action.USER_PRESENT flg=0x24200010 } from com.android.systemui (pid=2525, uid=10389) to net.zedge.android/io.adjoe.sdk.DeviceStatusTracker is not exported from uid 10419
09-13 18:17:50.358  1859  1859 E Fingerprint21: onAcquired for non-acquisition client: null
09-13 18:17:50.359  1859  2652 D CompatibilityChangeReporter: Compat change id reported: 194532703; UID 10531; state: ENABLED
09-13 18:17:50.426  1859  1953 I DisplayPowerController[0]: BrightnessEvent: disp=0, physDisp=local:4630946687422888065, brt=0.16684467, initBrt=0.1198794, rcmdBrt=0.16684467, preBrt=0.1198794, lux=26.269678, preLux=19.403688, hbmMax=1.0, hbmMode=off, rbcStrength=50, powerFactor=1.0, thrmMax=1.0, wasShortTermModelActive=false, flags=, reason=automatic, autoBrightness=true
09-13 18:17:50.426  1859  1953 I DisplayPowerController[0]: BrightnessEvent: disp=0, physDisp=local:4630946687422888065, brt=0.16684467, initBrt=0.16684467, rcmdBrt=0.16684467, preBrt=0.1198794, lux=26.269678, preLux=19.403688, hbmMax=1.0, hbmMode=off, rbcStrength=50, powerFactor=1.0, thrmMax=1.0, wasShortTermModelActive=false, flags=, reason=automatic, autoBrightness=true
09-13 18:17:50.428  1859  1859 I BrightnessSynchronizer: [1466] New Update 0.16684467(f) set brightness values:  43(i)
09-13 18:17:50.428  1859  1859 I BrightnessSynchronizer: New PendingUpdate: {[1467] 0.16684467(f), mUpdatedTypes=0, mConfirmedTypes=0, mTimeUpdated=0}, prev=null
09-13 18:17:50.428  1859  1859 I BrightnessSynchronizer: Swallowing update of 43(i) by update: {[1466] 0.16684467(f), mUpdatedTypes=1, mConfirmedTypes=1, mTimeUpdated=75414611}
09-13 18:17:50.428  1859  1859 I BrightnessSynchronizer: Completed Update: {[1466] 0.16684467(f), mUpdatedTypes=1, mConfirmedTypes=1, mTimeUpdated=75414611}
09-13 18:17:50.478  1859  2652 D SystemServerTiming: getUserSwitchability-0
09-13 18:17:50.478  1859  2652 D SystemServerTiming: TM.isInCall
09-13 18:17:50.480  1859  2652 D SystemServerTiming: hasUserRestriction-DISALLOW_USER_SWITCH
09-13 18:17:50.480  1859  2652 D SystemServerTiming: getInt-ALLOW_USER_SWITCHING_WHEN_SYSTEM_USER_LOCKED
09-13 18:17:50.480  1859  2652 D SystemServerTiming: isUserUnlocked-USER_SYSTEM
09-13 18:17:50.512  1859  5540 D CompatibilityChangeReporter: Compat change id reported: 161252188; UID 1000; state: DISABLED
09-13 18:17:50.555  1859  5540 D CompatibilityChangeReporter: Compat change id reported: 194532703; UID 10550; state: ENABLED
09-13 18:17:50.565  1859  1895 I UsbPortManager: USB HAL HIDL version: 13
09-13 18:17:50.642  1859  3336 E AppOps  : package audioserver not found, can't check for attributionTag null
09-13 18:17:51.747  1859  1953 I DisplayPowerController[0]: BrightnessEvent: disp=0, physDisp=local:4630946687422888065, brt=0.16684467, initBrt=0.16684467, rcmdBrt=0.16684467, preBrt=0.1198794, lux=71.90207, preLux=40.34264, hbmMax=1.0, hbmMode=off, rbcStrength=50, powerFactor=1.0, thrmMax=1.0, wasShortTermModelActive=false, flags=, reason=automatic, autoBrightness=true
09-13 18:17:51.790  1859  1953 I DisplayPowerController[0]: BrightnessEvent: disp=0, physDisp=local:4630946687422888065, brt=0.18711704, initBrt=0.16684467, rcmdBrt=0.18711704, preBrt=0.16684467, lux=123.072136, preLux=71.90207, hbmMax=1.0, hbmMode=off, rbcStrength=50, powerFactor=1.0, thrmMax=1.0, wasShortTermModelActive=false, flags=, reason=automatic, autoBrightness=true
09-13 18:17:51.791  1859  1859 I BrightnessSynchronizer: [1468] New Update 0.18711704(f) set brightness values:  49(i)
09-13 18:17:51.791  1859  1953 I DisplayPowerController[0]: BrightnessEvent: disp=0, physDisp=local:4630946687422888065, brt=0.18711704, initBrt=0.18711704, rcmdBrt=0.18711704, preBrt=0.16684467, lux=123.072136, preLux=71.90207, hbmMax=1.0, hbmMode=off, rbcStrength=50, powerFactor=1.0, thrmMax=1.0, wasShortTermModelActive=false, flags=, reason=automatic, autoBrightness=true
09-13 18:17:51.791  1859  1859 I BrightnessSynchronizer: New PendingUpdate: {[1469] 0.18711704(f), mUpdatedTypes=0, mConfirmedTypes=0, mTimeUpdated=0}, prev=null
09-13 18:17:51.792  1859  1859 I BrightnessSynchronizer: Swallowing update of 49(i) by update: {[1468] 0.18711704(f), mUpdatedTypes=1, mConfirmedTypes=1, mTimeUpdated=75415974}
09-13 18:17:51.792  1859  1859 I BrightnessSynchronizer: Completed Update: {[1468] 0.18711704(f), mUpdatedTypes=1, mConfirmedTypes=1, mTimeUpdated=75415974}
09-13 18:17:51.894  1859  1953 I DisplayPowerController[0]: BrightnessEvent: disp=0, physDisp=local:4630946687422888065, brt=0.18711704, initBrt=0.18711704, rcmdBrt=0.18711704, preBrt=0.16684467, lux=123.072136, preLux=71.90207, hbmMax=1.0, hbmMode=off, rbcStrength=50, powerFactor=1.0, thrmMax=1.0, wasShortTermModelActive=false, flags=, reason=automatic, autoBrightness=true
09-13 18:17:51.979  1859  3336 W ActivityManager: Unable to start service Intent { act=grpc.io.action.BIND cmp=com.google.android.googlequicksearchbox/com.google.android.apps.search.assistant.surfaces.dictation.service.endpoint.AssistantDictationService } U=0: not found
09-13 18:17:51.981  1859  2696 W ActivityManager: Unbind failed: could not find connection for android.os.BinderProxy@abb87d7
09-13 18:17:51.986  1859  5540 D CoreBackPreview: Window{f84663c u0 com.android.launcher3/com.android.launcher3.uioverrides.QuickstepLauncher}: Setting back callback OnBackInvokedCallbackInfo{mCallback=android.window.IOnBackInvokedCallback$Stub$Proxy@5c56d30, mPriority=0}
09-13 18:17:52.022  1859  1912 E KernelCpuSpeedReader: Failed to read cpu-freq: /sys/devices/system/cpu/cpu0/cpufreq/stats/time_in_state: open failed: ENOENT (No such file or directory)
09-13 18:17:52.022  1859  1912 E KernelCpuSpeedReader: Failed to read cpu-freq: /sys/devices/system/cpu/cpu4/cpufreq/stats/time_in_state: open failed: ENOENT (No such file or directory)
09-13 18:17:52.022  1859  1912 E KernelCpuSpeedReader: Failed to read cpu-freq: /sys/devices/system/cpu/cpu7/cpufreq/stats/time_in_state: open failed: ENOENT (No such file or directory)
09-13 18:17:53.077  1859  2652 W ActivityManager: Unable to start service Intent { act=grpc.io.action.BIND cmp=com.google.android.googlequicksearchbox/com.google.android.apps.search.assistant.surfaces.dictation.service.endpoint.AssistantDictationService } U=0: not found
