--------- beginning of crash
09-12 17:52:54.584 19218 19218 E AndroidRuntime: FATAL EXCEPTION: main
09-12 17:52:54.584 19218 19218 E AndroidRuntime: Process: de.payback.client.android, PID: 19218
09-12 17:52:54.584 19218 19218 E AndroidRuntime: java.lang.RuntimeException: Unable to create application de.payback.app.ProtectedApp: de.payback.app.MessageGuardException_RFA6IDQxMDQgWzIwMjMwMjE2LTIwMjMwODE0MTYzNiBiNzphcm02NC12OGEgMzMgWGlhb21pL2Fwb2xsb3Byb19nbG9iYWwvYXBvbGxvOjEyL1JLUTEuMjExMDAxLjAwMS9WMTQuMC40LjAuU0pETUlYTTp1c2VyL3JlbGVhc2Uta2V5cyBibG9ja2VkXQ: DP: 4104
09-12 17:52:54.584 19218 19218 E AndroidRuntime: 	at android.app.ActivityThread.handleBindApplication(ActivityThread.java:6833)
09-12 17:52:54.584 19218 19218 E AndroidRuntime: 	at android.app.ActivityThread.-$$Nest$mhandleBindApplication(Unknown Source:0)
09-12 17:52:54.584 19218 19218 E AndroidRuntime: 	at android.app.ActivityThread$H.handleMessage(ActivityThread.java:2137)
09-12 17:52:54.584 19218 19218 E AndroidRuntime: 	at android.os.Handler.dispatchMessage(Handler.java:106)
09-12 17:52:54.584 19218 19218 E AndroidRuntime: 	at android.os.Looper.loopOnce(Looper.java:201)
09-12 17:52:54.584 19218 19218 E AndroidRuntime: 	at android.os.Looper.loop(Looper.java:288)
09-12 17:52:54.584 19218 19218 E AndroidRuntime: 	at android.app.ActivityThread.main(ActivityThread.java:7942)
09-12 17:52:54.584 19218 19218 E AndroidRuntime: 	at java.lang.reflect.Method.invoke(Native Method)
09-12 17:52:54.584 19218 19218 E AndroidRuntime: 	at com.android.internal.os.RuntimeInit$MethodAndArgsCaller.run(RuntimeInit.java:548)
09-12 17:52:54.584 19218 19218 E AndroidRuntime: 	at com.android.internal.os.ZygoteInit.main(ZygoteInit.java:848)
09-12 17:52:54.584 19218 19218 E AndroidRuntime: Caused by: de.payback.app.MessageGuardException_RFA6IDQxMDQgWzIwMjMwMjE2LTIwMjMwODE0MTYzNiBiNzphcm02NC12OGEgMzMgWGlhb21pL2Fwb2xsb3Byb19nbG9iYWwvYXBvbGxvOjEyL1JLUTEuMjExMDAxLjAwMS9WMTQuMC40LjAuU0pETUlYTTp1c2VyL3JlbGVhc2Uta2V5cyBibG9ja2VkXQ: DP: 4104
09-12 17:52:54.584 19218 19218 E AndroidRuntime: 	at de.payback.app.ProtectedApp.pFzntdh(Unknown Source:78)
09-12 17:52:54.584 19218 19218 E AndroidRuntime: 	at de.payback.app.ProtectedApp.onCreate(Unknown Source:51)
09-12 17:52:54.584 19218 19218 E AndroidRuntime: 	at android.app.Instrumentation.callApplicationOnCreate(Instrumentation.java:1280)
09-12 17:52:54.584 19218 19218 E AndroidRuntime: 	at android.app.ActivityThread.handleBindApplication(ActivityThread.java:6828)
09-12 17:52:54.584 19218 19218 E AndroidRuntime: 	... 9 more
09-12 17:52:54.584 19218 19218 E AndroidRuntime: Caused by: java.lang.RuntimeException: DP: 4104
09-12 17:52:54.584 19218 19218 E AndroidRuntime: 	at de.payback.app.ProtectedApp.ozv(Native Method)
09-12 17:52:54.584 19218 19218 E AndroidRuntime: 	at java.lang.reflect.Method.invoke(Native Method)
09-12 17:52:54.584 19218 19218 E AndroidRuntime: 	at de.payback.app.ProtectedApp$App_HiltComponents$FragmentCBuilderModule.u(Unknown Source:31)
09-12 17:52:54.584 19218 19218 E AndroidRuntime: 	at de.payback.app.ProtectedApp$App_HiltComponents$FragmentCBuilderModule.f(Unknown Source:472)
09-12 17:52:54.584 19218 19218 E AndroidRuntime: 	at de.payback.app.ProtectedApp.ozv(Native Method)
09-12 17:52:54.584 19218 19218 E AndroidRuntime: 	at de.payback.app.ProtectedApp.onCreate(Unknown Source:46)
09-12 17:52:54.584 19218 19218 E AndroidRuntime: 	... 11 more
09-12 17:53:08.430 21645 21645 E AndroidRuntime: FATAL EXCEPTION: main
09-12 17:53:08.430 21645 21645 E AndroidRuntime: Process: de.payback.client.android, PID: 21645
09-12 17:53:08.430 21645 21645 E AndroidRuntime: java.lang.RuntimeException: Unable to create application de.payback.app.ProtectedApp: de.payback.app.MessageGuardException_RFA6IDQxMDQgWzIwMjMwMjE2LTIwMjMwODE0MTYzNiBiNzphcm02NC12OGEgMzMgWGlhb21pL2Fwb2xsb3Byb19nbG9iYWwvYXBvbGxvOjEyL1JLUTEuMjExMDAxLjAwMS9WMTQuMC40LjAuU0pETUlYTTp1c2VyL3JlbGVhc2Uta2V5cyBibG9ja2VkXQ: DP: 4104
09-12 17:53:08.430 21645 21645 E AndroidRuntime: 	at android.app.ActivityThread.handleBindApplication(ActivityThread.java:6833)
09-12 17:53:08.430 21645 21645 E AndroidRuntime: 	at android.app.ActivityThread.-$$Nest$mhandleBindApplication(Unknown Source:0)
09-12 17:53:08.430 21645 21645 E AndroidRuntime: 	at android.app.ActivityThread$H.handleMessage(ActivityThread.java:2137)
09-12 17:53:08.430 21645 21645 E AndroidRuntime: 	at android.os.Handler.dispatchMessage(Handler.java:106)
09-12 17:53:08.430 21645 21645 E AndroidRuntime: 	at android.os.Looper.loopOnce(Looper.java:201)
09-12 17:53:08.430 21645 21645 E AndroidRuntime: 	at android.os.Looper.loop(Looper.java:288)
09-12 17:53:08.430 21645 21645 E AndroidRuntime: 	at android.app.ActivityThread.main(ActivityThread.java:7942)
09-12 17:53:08.430 21645 21645 E AndroidRuntime: 	at java.lang.reflect.Method.invoke(Native Method)
09-12 17:53:08.430 21645 21645 E AndroidRuntime: 	at com.android.internal.os.RuntimeInit$MethodAndArgsCaller.run(RuntimeInit.java:548)
09-12 17:53:08.430 21645 21645 E AndroidRuntime: 	at com.android.internal.os.ZygoteInit.main(ZygoteInit.java:848)
09-12 17:53:08.430 21645 21645 E AndroidRuntime: Caused by: de.payback.app.MessageGuardException_RFA6IDQxMDQgWzIwMjMwMjE2LTIwMjMwODE0MTYzNiBiNzphcm02NC12OGEgMzMgWGlhb21pL2Fwb2xsb3Byb19nbG9iYWwvYXBvbGxvOjEyL1JLUTEuMjExMDAxLjAwMS9WMTQuMC40LjAuU0pETUlYTTp1c2VyL3JlbGVhc2Uta2V5cyBibG9ja2VkXQ: DP: 4104
09-12 17:53:08.430 21645 21645 E AndroidRuntime: 	at de.payback.app.ProtectedApp.pFzntdh(Unknown Source:78)
09-12 17:53:08.430 21645 21645 E AndroidRuntime: 	at de.payback.app.ProtectedApp.onCreate(Unknown Source:51)
09-12 17:53:08.430 21645 21645 E AndroidRuntime: 	at android.app.Instrumentation.callApplicationOnCreate(Instrumentation.java:1280)
09-12 17:53:08.430 21645 21645 E AndroidRuntime: 	at android.app.ActivityThread.handleBindApplication(ActivityThread.java:6828)
09-12 17:53:08.430 21645 21645 E AndroidRuntime: 	... 9 more
09-12 17:53:08.430 21645 21645 E AndroidRuntime: Caused by: java.lang.RuntimeException: DP: 4104
09-12 17:53:08.430 21645 21645 E AndroidRuntime: 	at de.payback.app.ProtectedApp.ozv(Native Method)
09-12 17:53:08.430 21645 21645 E AndroidRuntime: 	at java.lang.reflect.Method.invoke(Native Method)
09-12 17:53:08.430 21645 21645 E AndroidRuntime: 	at de.payback.app.ProtectedApp$App_HiltComponents$FragmentCBuilderModule.u(Unknown Source:31)
09-12 17:53:08.430 21645 21645 E AndroidRuntime: 	at de.payback.app.ProtectedApp$App_HiltComponents$FragmentCBuilderModule.f(Unknown Source:472)
09-12 17:53:08.430 21645 21645 E AndroidRuntime: 	at de.payback.app.ProtectedApp.ozv(Native Method)
09-12 17:53:08.430 21645 21645 E AndroidRuntime: 	at de.payback.app.ProtectedApp.onCreate(Unknown Source:46)
09-12 17:53:08.430 21645 21645 E AndroidRuntime: 	... 11 more
09-12 17:53:09.486 21860 21860 E AndroidRuntime: FATAL EXCEPTION: main
09-12 17:53:09.486 21860 21860 E AndroidRuntime: Process: de.payback.client.android:adjoe, PID: 21860
09-12 17:53:09.486 21860 21860 E AndroidRuntime: java.lang.RuntimeException: Unable to create application de.payback.app.ProtectedApp: de.payback.app.MessageGuardException_RFA6IDQxMDQgWzIwMjMwMjE2LTIwMjMwODE0MTYzNiBiNzphcm02NC12OGEgMzMgWGlhb21pL2Fwb2xsb3Byb19nbG9iYWwvYXBvbGxvOjEyL1JLUTEuMjExMDAxLjAwMS9WMTQuMC40LjAuU0pETUlYTTp1c2VyL3JlbGVhc2Uta2V5cyBibG9ja2VkXQ: DP: 4104
09-12 17:53:09.486 21860 21860 E AndroidRuntime: 	at android.app.ActivityThread.handleBindApplication(ActivityThread.java:6833)
09-12 17:53:09.486 21860 21860 E AndroidRuntime: 	at android.app.ActivityThread.-$$Nest$mhandleBindApplication(Unknown Source:0)
09-12 17:53:09.486 21860 21860 E AndroidRuntime: 	at android.app.ActivityThread$H.handleMessage(ActivityThread.java:2137)
09-12 17:53:09.486 21860 21860 E AndroidRuntime: 	at android.os.Handler.dispatchMessage(Handler.java:106)
09-12 17:53:09.486 21860 21860 E AndroidRuntime: 	at android.os.Looper.loopOnce(Looper.java:201)
09-12 17:53:09.486 21860 21860 E AndroidRuntime: 	at android.os.Looper.loop(Looper.java:288)
09-12 17:53:09.486 21860 21860 E AndroidRuntime: 	at android.app.ActivityThread.main(ActivityThread.java:7942)
09-12 17:53:09.486 21860 21860 E AndroidRuntime: 	at java.lang.reflect.Method.invoke(Native Method)
09-12 17:53:09.486 21860 21860 E AndroidRuntime: 	at com.android.internal.os.RuntimeInit$MethodAndArgsCaller.run(RuntimeInit.java:548)
09-12 17:53:09.486 21860 21860 E AndroidRuntime: 	at com.android.internal.os.ZygoteInit.main(ZygoteInit.java:848)
09-12 17:53:09.486 21860 21860 E AndroidRuntime: Caused by: de.payback.app.MessageGuardException_RFA6IDQxMDQgWzIwMjMwMjE2LTIwMjMwODE0MTYzNiBiNzphcm02NC12OGEgMzMgWGlhb21pL2Fwb2xsb3Byb19nbG9iYWwvYXBvbGxvOjEyL1JLUTEuMjExMDAxLjAwMS9WMTQuMC40LjAuU0pETUlYTTp1c2VyL3JlbGVhc2Uta2V5cyBibG9ja2VkXQ: DP: 4104
09-12 17:53:09.486 21860 21860 E AndroidRuntime: 	at de.payback.app.ProtectedApp.pFzntdh(Unknown Source:78)
09-12 17:53:09.486 21860 21860 E AndroidRuntime: 	at de.payback.app.ProtectedApp.onCreate(Unknown Source:51)
09-12 17:53:09.486 21860 21860 E AndroidRuntime: 	at android.app.Instrumentation.callApplicationOnCreate(Instrumentation.java:1280)
09-12 17:53:09.486 21860 21860 E AndroidRuntime: 	at android.app.ActivityThread.handleBindApplication(ActivityThread.java:6828)
09-12 17:53:09.486 21860 21860 E AndroidRuntime: 	... 9 more
09-12 17:53:09.486 21860 21860 E AndroidRuntime: Caused by: java.lang.RuntimeException: DP: 4104
09-12 17:53:09.486 21860 21860 E AndroidRuntime: 	at de.payback.app.ProtectedApp.ozv(Native Method)
09-12 17:53:09.486 21860 21860 E AndroidRuntime: 	at java.lang.reflect.Method.invoke(Native Method)
09-12 17:53:09.486 21860 21860 E AndroidRuntime: 	at de.payback.app.ProtectedApp$App_HiltComponents$FragmentCBuilderModule.u(Unknown Source:31)
09-12 17:53:09.486 21860 21860 E AndroidRuntime: 	at de.payback.app.ProtectedApp$App_HiltComponents$FragmentCBuilderModule.f(Unknown Source:472)
09-12 17:53:09.486 21860 21860 E AndroidRuntime: 	at de.payback.app.ProtectedApp.ozv(Native Method)
09-12 17:53:09.486 21860 21860 E AndroidRuntime: 	at de.payback.app.ProtectedApp.onCreate(Unknown Source:46)
09-12 17:53:09.486 21860 21860 E AndroidRuntime: 	... 11 more
--------- beginning of system
09-13 17:38:52.712  1859  3165 D CompatibilityChangeReporter: Compat change id reported: 161252188; UID 10377; state: DISABLED
09-13 17:38:52.813  1502  1502 I wificond: Regulatory domain changed to country: DE on wiphy_index: 0
09-13 17:38:52.813  1502  1502 I wificond: UpdateBandInfo
09-13 17:38:52.815  1502  1502 I wificond: 2.4Ghz frequencies: 2412 2417 2422 2427 2432 2437 2442 2447 2452 2457 2462 2467 2472
09-13 17:38:52.815  1502  1502 I wificond: 5Ghz non-DFS frequencies: 5180 5200 5220 5240 5745 5765 5785 5805 5825 5845 5865
09-13 17:38:52.815  1502  1502 I wificond: 5Ghz DFS frequencies: 5260 5280 5300 5320 5500 5520 5540 5560 5580 5600 5620 5640 5660 5680 5700 5720
09-13 17:38:52.815  1502  1502 I wificond: 6Ghz frequencies:
09-13 17:38:52.818  1502  1502 I wificond: 60Ghz frequencies:
09-13 17:38:52.829  1859  5532 D CoreBackPreview: Window{9168918 u0 com.google.android.googlequicksearchbox/com.google.android.apps.lens.MainActivity}: Setting back callback null
09-13 17:38:52.831  1859  1904 W UsageStatsService: Unexpected activity event reported! (com.google.android.googlequicksearchbox/com.google.android.apps.search.lens.LensExportedActivity event : 23 instanceId : 152417551)
09-13 17:38:53.020  1859  5547 D CompatibilityChangeReporter: Compat change id reported: 161252188; UID 10361; state: DISABLED
09-13 17:38:53.055  1859  3165 D CompatibilityChangeReporter: Compat change id reported: 194532703; UID 10361; state: ENABLED
09-13 17:38:53.223  1859  2838 I ActivityManager: Killing 5910:com.google.android.googlequicksearchbox:train/u0a362 (adj 0): remove task
09-13 17:38:53.267  1859  5560 D CompatibilityChangeReporter: Compat change id reported: 201794303; UID 10517; state: ENABLED
09-13 17:38:53.590  1859  2838 I ActivityTaskManager: START u0 {dat=google://lens/... flg=0x10000000 pkg=com.google.android.googlequicksearchbox cmp=com.google.android.googlequicksearchbox/com.google.android.apps.lens.MainActivity (has extras)} from uid 10398
09-13 17:38:53.598  1859  5560 W ActivityTaskManager: Tried to set launchTime (0) < mLastActivityLaunchTime (73074620)
09-13 17:38:53.606  1859  5560 D CoreBackPreview: Window{b103c86 u0 Splash Screen com.google.android.googlequicksearchbox}: Setting back callback OnBackInvokedCallbackInfo{mCallback=android.window.IOnBackInvokedCallback$Stub$Proxy@ab98574, mPriority=0}
09-13 17:38:53.664  1859  2742 W AlarmManager: Alarms must either supply a PendingIntent or an AlarmReceiver
09-13 17:38:53.681  1859  3165 D CoreBackPreview: Window{d39130e u0 com.google.android.googlequicksearchbox/com.google.android.apps.lens.MainActivity}: Setting back callback OnBackInvokedCallbackInfo{mCallback=android.window.IOnBackInvokedCallback$Stub$Proxy@97533c, mPriority=0}
09-13 17:38:54.069  1859  5560 D CoreBackPreview: Window{b103c86 u0 Splash Screen com.google.android.googlequicksearchbox EXITING}: Setting back callback null
09-13 17:38:54.956  1859  1898 V WindowManager: Unknown focus tokens, dropping reportFocusChanged
09-13 17:38:55.126  1859  2564 D CompatibilityChangeReporter: Compat change id reported: 168419799; UID 10357; state: DISABLED
09-13 17:38:55.126  1859  2564 D CompatibilityChangeReporter: Compat change id reported: 273564678; UID 10357; state: DISABLED
09-13 17:38:55.430  1859  2742 D CoreBackPreview: Window{d39130e u0 com.google.android.googlequicksearchbox/com.google.android.apps.lens.MainActivity}: Setting back callback null
09-13 17:38:55.432  1859  1904 W UsageStatsService: Unexpected activity event reported! (com.google.android.googlequicksearchbox/com.google.android.apps.search.lens.LensExportedActivity event : 23 instanceId : 220954987)
09-13 17:38:55.720  1859  2838 D CompatibilityChangeReporter: Compat change id reported: 168419799; UID 10472; state: DISABLED
09-13 17:38:55.720  1859  2838 D CompatibilityChangeReporter: Compat change id reported: 273564678; UID 10472; state: DISABLED
09-13 17:38:57.373  1859  1898 I DisplayDeviceRepository: Display device changed: DisplayDeviceInfo{"Integrierter Bildschirm": uniqueId="local:4630946687422888065", 1080 x 2400, modeId 2, defaultModeId 1, supportedModes [{id=1, width=1080, height=2400, fps=144.00002, alternativeRefreshRates=[60.000004, 90.0, 120.00001]}, {id=2, width=1080, height=2400, fps=120.00001, alternativeRefreshRates=[60.000004, 90.0, 144.00002]}, {id=3, width=1080, height=2400, fps=90.0, alternativeRefreshRates=[60.000004, 120.00001, 144.00002]}, {id=4, width=1080, height=2400, fps=60.000004, alternativeRefreshRates=[90.0, 120.00001, 144.00002]}], colorMode 0, supportedColorModes [0, 7, 9], hdrCapabilities HdrCapabilities{mSupportedHdrTypes=[2, 3, 4], mMaxLuminance=420.0, mMaxAverageLuminance=210.1615, mMinLuminance=0.323}, allmSupported false, gameContentTypeSupported false, density 440, 391.885 x 395.844 dpi, appVsyncOff 1000000, presDeadline 13333333, cutout DisplayCutout{insets=Rect(0, 117 - 0, 0) waterfall=Insets{left=0, top=0, right=0, bottom=0} boundingRect={Bounds=[Rect(0, 0 - 0, 0), Rect(0, 0 - 145, 117), Rect(0, 0 - 0, 0), Rect(0, 0 - 0, 0)]} cutoutPathParserInfo={CutoutPathParserInfo{displayWidth=1080 displayHeight=2400 physicalDisplayWidth=1080 physicalDisplayHeight=2400 density={2.75} cutoutSpec={M 60,60 a 30,30 0 1 0 60,0 a 30,30 0 1 0 -60,0 Z @left} rotation={0} scale={1.0} physicalPixelDisplaySizeRatio={1.0}}}}, touch INTERNAL, rotation 0, type INTERNAL, address {port=129, model=0x40446d79f59cf8}, deviceProductInfo DeviceProductInfo{name=, manufacturerPnpId=QCM, productId=1, modelYear=null, manufactureDate=ManufactureDate{week=27, year=2006}, connectionToSinkType=0}, state ON, committedState ON, frameRateOverride , brightnessMinimum 0.0, brightnessMaximum 1.0, brightnessDefault 0.72047246, roundedCorners RoundedCorners{[RoundedCorner{position=TopLeft, radius=90, center=Point(90, 90)}, RoundedCorner{position=TopRight, radius=90, center=Point(990, 90)}, RoundedCorner{position=BottomRight, radius=90, center=Point(990, 2310)}, RoundedCorner{position=BottomLeft, radius=90, center=Point(90, 2310)}]}, FLAG_ALLOWED_TO_BE_DEFAULT_DISPLAY, FLAG_ROTATES_WITH_CONTENT, FLAG_SECURE, FLAG_SUPPORTS_PROTECTED_BUFFERS, installOrientation 0}
09-13 17:38:57.542  1859  1898 I DisplayDeviceRepository: Display device changed: DisplayDeviceInfo{"Integrierter Bildschirm": uniqueId="local:4630946687422888065", 1080 x 2400, modeId 1, defaultModeId 1, supportedModes [{id=1, width=1080, height=2400, fps=144.00002, alternativeRefreshRates=[60.000004, 90.0, 120.00001]}, {id=2, width=1080, height=2400, fps=120.00001, alternativeRefreshRates=[60.000004, 90.0, 144.00002]}, {id=3, width=1080, height=2400, fps=90.0, alternativeRefreshRates=[60.000004, 120.00001, 144.00002]}, {id=4, width=1080, height=2400, fps=60.000004, alternativeRefreshRates=[90.0, 120.00001, 144.00002]}], colorMode 0, supportedColorModes [0, 7, 9], hdrCapabilities HdrCapabilities{mSupportedHdrTypes=[2, 3, 4], mMaxLuminance=420.0, mMaxAverageLuminance=210.1615, mMinLuminance=0.323}, allmSupported false, gameContentTypeSupported false, density 440, 391.885 x 395.844 dpi, appVsyncOff 1000000, presDeadline 11944444, cutout DisplayCutout{insets=Rect(0, 117 - 0, 0) waterfall=Insets{left=0, top=0, right=0, bottom=0} boundingRect={Bounds=[Rect(0, 0 - 0, 0), Rect(0, 0 - 145, 117), Rect(0, 0 - 0, 0), Rect(0, 0 - 0, 0)]} cutoutPathParserInfo={CutoutPathParserInfo{displayWidth=1080 displayHeight=2400 physicalDisplayWidth=1080 physicalDisplayHeight=2400 density={2.75} cutoutSpec={M 60,60 a 30,30 0 1 0 60,0 a 30,30 0 1 0 -60,0 Z @left} rotation={0} scale={1.0} physicalPixelDisplaySizeRatio={1.0}}}}, touch INTERNAL, rotation 0, type INTERNAL, address {port=129, model=0x40446d79f59cf8}, deviceProductInfo DeviceProductInfo{name=, manufacturerPnpId=QCM, productId=1, modelYear=null, manufactureDate=ManufactureDate{week=27, year=2006}, connectionToSinkType=0}, state ON, committedState ON, frameRateOverride , brightnessMinimum 0.0, brightnessMaximum 1.0, brightnessDefault 0.72047246, roundedCorners RoundedCorners{[RoundedCorner{position=TopLeft, radius=90, center=Point(90, 90)}, RoundedCorner{position=TopRight, radius=90, center=Point(990, 90)}, RoundedCorner{position=BottomRight, radius=90, center=Point(990, 2310)}, RoundedCorner{position=BottomLeft, radius=90, center=Point(90, 2310)}]}, FLAG_ALLOWED_TO_BE_DEFAULT_DISPLAY, FLAG_ROTATES_WITH_CONTENT, FLAG_SECURE, FLAG_SUPPORTS_PROTECTED_BUFFERS, installOrientation 0}
09-13 17:38:57.650  1859  2564 W ActivityManager: Unable to start service Intent { act=grpc.io.action.BIND cmp=com.google.android.googlequicksearchbox/com.google.android.apps.search.assistant.surfaces.dictation.service.endpoint.AssistantDictationService } U=0: not found
09-13 17:38:57.650  1859  2564 W ActivityManager: Unbind failed: could not find connection for android.os.BinderProxy@8b660eb
09-13 17:38:57.657  1859  2726 D CoreBackPreview: Window{f84663c u0 com.android.launcher3/com.android.launcher3.uioverrides.QuickstepLauncher}: Setting back callback OnBackInvokedCallbackInfo{mCallback=android.window.IOnBackInvokedCallback$Stub$Proxy@1e24206, mPriority=0}
09-13 17:38:57.694  1859  1912 E KernelCpuSpeedReader: Failed to read cpu-freq: /sys/devices/system/cpu/cpu0/cpufreq/stats/time_in_state: open failed: ENOENT (No such file or directory)
09-13 17:38:57.694  1859  1912 E KernelCpuSpeedReader: Failed to read cpu-freq: /sys/devices/system/cpu/cpu4/cpufreq/stats/time_in_state: open failed: ENOENT (No such file or directory)
09-13 17:38:57.694  1859  1912 E KernelCpuSpeedReader: Failed to read cpu-freq: /sys/devices/system/cpu/cpu7/cpufreq/stats/time_in_state: open failed: ENOENT (No such file or directory)
09-13 17:38:58.704  1859  3165 W ActivityManager: Unable to start service Intent { act=grpc.io.action.BIND cmp=com.google.android.googlequicksearchbox/com.google.android.apps.search.assistant.surfaces.dictation.service.endpoint.AssistantDictationService } U=0: not found
09-13 17:38:58.704  1859  3165 W ActivityManager: Unbind failed: could not find connection for android.os.BinderProxy@c9113d5
09-13 17:38:59.028   673 12865 I keystore2: keystore2::watchdog: Watchdog thread idle -> terminating. Have a great day.
09-13 17:38:59.782  1859  3165 I ActivityTaskManager: START u0 {act=android.intent.action.MAIN cat=[android.intent.category.LAUNCHER] flg=0x10200000 cmp=com.google.android.googlequicksearchbox/.SearchActivity bnds=[643,347][850,677]} from uid 10398
09-13 17:38:59.792  1859  3165 D CompatibilityChangeReporter: Compat change id reported: 194833441; UID 10362; state: ENABLED
09-13 17:38:59.799  1859  2564 D CoreBackPreview: Window{2b150a8 u0 Splash Screen com.google.android.googlequicksearchbox}: Setting back callback OnBackInvokedCallbackInfo{mCallback=android.window.IOnBackInvokedCallback$Stub$Proxy@36b3b66, mPriority=0}
09-13 17:38:59.800  1859  2726 W ActivityTaskManager: Tried to set launchTime (0) < mLastActivityLaunchTime (73077782)
09-13 17:38:59.878  1859  3165 D CoreBackPreview: Window{4126e43 u0 com.google.android.googlequicksearchbox/com.google.android.googlequicksearchbox.SearchActivity}: Setting back callback OnBackInvokedCallbackInfo{mCallback=android.window.IOnBackInvokedCallback$Stub$Proxy@2259df9, mPriority=0}
09-13 17:39:00.057  1859  2726 D CoreBackPreview: Window{f84663c u0 com.android.launcher3/com.android.launcher3.uioverrides.QuickstepLauncher}: Setting back callback OnBackInvokedCallbackInfo{mCallback=android.window.IOnBackInvokedCallback$Stub$Proxy@3507e38, mPriority=0}
09-13 17:39:00.272  1859  1877 D CoreBackPreview: Window{2b150a8 u0 Splash Screen com.google.android.googlequicksearchbox EXITING}: Setting back callback null
09-13 17:39:00.377  1859  1877 W ActivityManager: Unable to start service Intent { act=grpc.io.action.BIND cmp=com.google.android.googlequicksearchbox/com.google.android.apps.search.assistant.surfaces.dictation.service.endpoint.AssistantDictationService } U=0: not found
09-13 17:39:00.377  1859  1877 W ActivityManager: Unbind failed: could not find connection for android.os.BinderProxy@47d8f5f
09-13 17:39:00.668  1859  1877 W JobScheduler: Job didn't exist in JobStore: f3eb584 #u0a362/-447 com.google.android.googlequicksearchbox/com.google.android.apps.gsa.tasks.BackgroundTasksJobService
09-13 17:39:00.738  1859  1877 D CompatibilityChangeReporter: Compat change id reported: 135634846; UID 10564; state: DISABLED
09-13 17:39:00.738  1859  1906 D CompatibilityChangeReporter: Compat change id reported: 143937733; UID 10564; state: ENABLED
09-13 17:39:00.747  1859  1906 I ActivityManager: Start proc 13468:com.android.chrome/u0a564 for service {com.android.chrome/org.chromium.chrome.browser.customtabs.CustomTabsConnectionService}
09-13 17:39:00.834  1859  2726 D CompatibilityChangeReporter: Compat change id reported: 161145287; UID 10564; state: DISABLED
09-13 17:39:00.897  1859  5560 D CompatibilityChangeReporter: Compat change id reported: 135634846; UID 99169; state: DISABLED
09-13 17:39:00.898  1859  1906 D CompatibilityChangeReporter: Compat change id reported: 143937733; UID 10362; state: ENABLED
09-13 17:39:00.914  1859  1906 I ActivityManager: Start proc 13508:com.android.webview:sandboxed_process0:org.chromium.content.app.SandboxedProcessService0:0/u0i169 for  {com.google.android.googlequicksearchbox/org.chromium.content.app.SandboxedProcessService0:0}
09-13 17:39:00.928  1859  3166 D CompatibilityChangeReporter: Compat change id reported: 161252188; UID 10428; state: DISABLED
09-13 17:39:00.930  1859  3166 D CompatibilityChangeReporter: Compat change id reported: 168419799; UID 10377; state: DISABLED
09-13 17:39:00.930  1859  3166 D CompatibilityChangeReporter: Compat change id reported: 273564678; UID 10377; state: DISABLED
09-13 17:39:00.933  1859  3165 E AppOps  : package audioserver not found, can't check for attributionTag null
09-13 17:39:00.934  1859  2405 D CompatibilityChangeReporter: Compat change id reported: 161252188; UID 10362; state: DISABLED
09-13 17:39:00.995  1859  3166 D CoreBackPreview: Window{4126e43 u0 com.google.android.googlequicksearchbox/com.google.android.googlequicksearchbox.SearchActivity}: Setting back callback OnBackInvokedCallbackInfo{mCallback=android.window.IOnBackInvokedCallback$Stub$Proxy@5817901, mPriority=0}
09-13 17:39:01.944  1859  5560 I ActivityManager: Killing 13508:com.android.webview:sandboxed_process0:org.chromium.content.app.SandboxedProcessService0:0/u0a362i169 (adj 0): isolated not needed
09-13 17:39:01.992  1859  5560 E AppOps  : package audioserver not found, can't check for attributionTag null
09-13 17:39:01.995  1859  1912 E KernelCpuSpeedReader: Failed to read cpu-freq: /sys/devices/system/cpu/cpu0/cpufreq/stats/time_in_state: open failed: ENOENT (No such file or directory)
09-13 17:39:01.996  1859  1912 E KernelCpuSpeedReader: Failed to read cpu-freq: /sys/devices/system/cpu/cpu4/cpufreq/stats/time_in_state: open failed: ENOENT (No such file or directory)
09-13 17:39:01.996  1859  1912 E KernelCpuSpeedReader: Failed to read cpu-freq: /sys/devices/system/cpu/cpu7/cpufreq/stats/time_in_state: open failed: ENOENT (No such file or directory)
09-13 17:39:02.585  1859  3166 W ActivityManager: Unable to start service Intent { act=grpc.io.action.BIND cmp=com.google.android.googlequicksearchbox/com.google.android.apps.search.assistant.surfaces.dictation.service.endpoint.AssistantDictationService } U=0: not found
09-13 17:39:02.585  1859  3166 W ActivityManager: Unbind failed: could not find connection for android.os.BinderProxy@dd638b7
09-13 17:39:05.540  1859  1898 I DisplayDeviceRepository: Display device changed: DisplayDeviceInfo{"Integrierter Bildschirm": uniqueId="local:4630946687422888065", 1080 x 2400, modeId 4, defaultModeId 1, supportedModes [{id=1, width=1080, height=2400, fps=144.00002, alternativeRefreshRates=[60.000004, 90.0, 120.00001]}, {id=2, width=1080, height=2400, fps=120.00001, alternativeRefreshRates=[60.000004, 90.0, 144.00002]}, {id=3, width=1080, height=2400, fps=90.0, alternativeRefreshRates=[60.000004, 120.00001, 144.00002]}, {id=4, width=1080, height=2400, fps=60.000004, alternativeRefreshRates=[90.0, 120.00001, 144.00002]}], colorMode 0, supportedColorModes [0, 7, 9], hdrCapabilities HdrCapabilities{mSupportedHdrTypes=[2, 3, 4], mMaxLuminance=420.0, mMaxAverageLuminance=210.1615, mMinLuminance=0.323}, allmSupported false, gameContentTypeSupported false, density 440, 391.885 x 395.844 dpi, appVsyncOff 1000000, presDeadline 16666666, cutout DisplayCutout{insets=Rect(0, 117 - 0, 0) waterfall=Insets{left=0, top=0, right=0, bottom=0} boundingRect={Bounds=[Rect(0, 0 - 0, 0), Rect(0, 0 - 145, 117), Rect(0, 0 - 0, 0), Rect(0, 0 - 0, 0)]} cutoutPathParserInfo={CutoutPathParserInfo{displayWidth=1080 displayHeight=2400 physicalDisplayWidth=1080 physicalDisplayHeight=2400 density={2.75} cutoutSpec={M 60,60 a 30,30 0 1 0 60,0 a 30,30 0 1 0 -60,0 Z @left} rotation={0} scale={1.0} physicalPixelDisplaySizeRatio={1.0}}}}, touch INTERNAL, rotation 0, type INTERNAL, address {port=129, model=0x40446d79f59cf8}, deviceProductInfo DeviceProductInfo{name=, manufacturerPnpId=QCM, productId=1, modelYear=null, manufactureDate=ManufactureDate{week=27, year=2006}, connectionToSinkType=0}, state ON, committedState ON, frameRateOverride , brightnessMinimum 0.0, brightnessMaximum 1.0, brightnessDefault 0.72047246, roundedCorners RoundedCorners{[RoundedCorner{position=TopLeft, radius=90, center=Point(90, 90)}, RoundedCorner{position=TopRight, radius=90, center=Point(990, 90)}, RoundedCorner{position=BottomRight, radius=90, center=Point(990, 2310)}, RoundedCorner{position=BottomLeft, radius=90, center=Point(90, 2310)}]}, FLAG_ALLOWED_TO_BE_DEFAULT_DISPLAY, FLAG_ROTATES_WITH_CONTENT, FLAG_SECURE, FLAG_SUPPORTS_PROTECTED_BUFFERS, installOrientation 0}
09-13 17:39:05.809  1859  1898 I DisplayDeviceRepository: Display device changed: DisplayDeviceInfo{"Integrierter Bildschirm": uniqueId="local:4630946687422888065", 1080 x 2400, modeId 1, defaultModeId 1, supportedModes [{id=1, width=1080, height=2400, fps=144.00002, alternativeRefreshRates=[60.000004, 90.0, 120.00001]}, {id=2, width=1080, height=2400, fps=120.00001, alternativeRefreshRates=[60.000004, 90.0, 144.00002]}, {id=3, width=1080, height=2400, fps=90.0, alternativeRefreshRates=[60.000004, 120.00001, 144.00002]}, {id=4, width=1080, height=2400, fps=60.000004, alternativeRefreshRates=[90.0, 120.00001, 144.00002]}], colorMode 0, supportedColorModes [0, 7, 9], hdrCapabilities HdrCapabilities{mSupportedHdrTypes=[2, 3, 4], mMaxLuminance=420.0, mMaxAverageLuminance=210.1615, mMinLuminance=0.323}, allmSupported false, gameContentTypeSupported false, density 440, 391.885 x 395.844 dpi, appVsyncOff 1000000, presDeadline 11944444, cutout DisplayCutout{insets=Rect(0, 117 - 0, 0) waterfall=Insets{left=0, top=0, right=0, bottom=0} boundingRect={Bounds=[Rect(0, 0 - 0, 0), Rect(0, 0 - 145, 117), Rect(0, 0 - 0, 0), Rect(0, 0 - 0, 0)]} cutoutPathParserInfo={CutoutPathParserInfo{displayWidth=1080 displayHeight=2400 physicalDisplayWidth=1080 physicalDisplayHeight=2400 density={2.75} cutoutSpec={M 60,60 a 30,30 0 1 0 60,0 a 30,30 0 1 0 -60,0 Z @left} rotation={0} scale={1.0} physicalPixelDisplaySizeRatio={1.0}}}}, touch INTERNAL, rotation 0, type INTERNAL, address {port=129, model=0x40446d79f59cf8}, deviceProductInfo DeviceProductInfo{name=, manufacturerPnpId=QCM, productId=1, modelYear=null, manufactureDate=ManufactureDate{week=27, year=2006}, connectionToSinkType=0}, state ON, committedState ON, frameRateOverride , brightnessMinimum 0.0, brightnessMaximum 1.0, brightnessDefault 0.72047246, roundedCorners RoundedCorners{[RoundedCorner{position=TopLeft, radius=90, center=Point(90, 90)}, RoundedCorner{position=TopRight, radius=90, center=Point(990, 90)}, RoundedCorner{position=BottomRight, radius=90, center=Point(990, 2310)}, RoundedCorner{position=BottomLeft, radius=90, center=Point(90, 2310)}]}, FLAG_ALLOWED_TO_BE_DEFAULT_DISPLAY, FLAG_ROTATES_WITH_CONTENT, FLAG_SECURE, FLAG_SUPPORTS_PROTECTED_BUFFERS, installOrientation 0}
09-13 17:39:06.328  1859  2564 W ActivityManager: Unable to start service Intent { act=grpc.io.action.BIND cmp=com.google.android.googlequicksearchbox/com.google.android.apps.search.assistant.surfaces.dictation.service.endpoint.AssistantDictationService } U=0: not found
09-13 17:39:06.329  1859  2564 W ActivityManager: Unbind failed: could not find connection for android.os.BinderProxy@ce3877d
09-13 17:39:07.875  1859  1905 W BroadcastQueue: Background execution not allowed: receiving Intent { act=android.net.wifi.SCAN_RESULTS flg=0x4000010 (has extras) } to de.payback.client.android/net.payback.proximity.sdk.wifi.receiver.WifiScanReceiver
09-13 17:39:08.818  1859  2726 D CompatibilityChangeReporter: Compat change id reported: 135634846; UID 99170; state: DISABLED
09-13 17:39:08.818  1859  1906 D CompatibilityChangeReporter: Compat change id reported: 143937733; UID 10362; state: ENABLED
09-13 17:39:08.832  1859  1906 I ActivityManager: Start proc 13588:com.android.webview:sandboxed_process0:org.chromium.content.app.SandboxedProcessService0:1/u0i170 for  {com.google.android.googlequicksearchbox/org.chromium.content.app.SandboxedProcessService0:1}
09-13 17:39:08.842  1859  2564 D CoreBackPreview: Window{4126e43 u0 com.google.android.googlequicksearchbox/com.google.android.googlequicksearchbox.SearchActivity}: Setting back callback OnBackInvokedCallbackInfo{mCallback=android.window.IOnBackInvokedCallback$Stub$Proxy@48e97e9, mPriority=0}
09-13 17:39:08.857  1859  2726 E AppOps  : package audioserver not found, can't check for attributionTag null
09-13 17:39:10.114  1859  2564 D CompatibilityChangeReporter: Compat change id reported: 135634846; UID 10564; state: DISABLED
09-13 17:39:10.115  1859  1906 D CompatibilityChangeReporter: Compat change id reported: 143937733; UID 10564; state: ENABLED
09-13 17:39:10.121  1859  1906 I ActivityManager: Start proc 13639:com.android.chrome:privileged_process0/u0a564 for service {com.android.chrome/org.chromium.content.app.PrivilegedProcessService0}
09-13 17:39:10.160  1859  3166 D CompatibilityChangeReporter: Compat change id reported: 168419799; UID 10564; state: DISABLED
09-13 17:39:10.160  1859  3166 D CompatibilityChangeReporter: Compat change id reported: 273564678; UID 10564; state: DISABLED
09-13 17:39:10.325  1859  1906 D CompatibilityChangeReporter: Compat change id reported: 143937733; UID 10564; state: ENABLED
09-13 17:39:10.326  1859  1906 D CompatibilityChangeReporter: Compat change id reported: 135634846; UID 10564; state: DISABLED
09-13 17:39:10.326  1859  1906 D CompatibilityChangeReporter: Compat change id reported: 207557677; UID 10564; state: ENABLED
09-13 17:39:10.418  1859  1906 W ActivityManager: Slow operation: 94ms so far, now at startProcess: returned from zygote!
09-13 17:39:10.418  1859  1906 W ActivityManager: Slow operation: 94ms so far, now at startProcess: done updating battery stats
09-13 17:39:10.418  1859  1906 W ActivityManager: Slow operation: 94ms so far, now at startProcess: building log message
09-13 17:39:10.418  1859  1906 I ActivityManager: Start proc 13703:com.android.chrome:sandboxed_process0:org.chromium.content.app.SandboxedProcessService0:0/u0ai0 for  {com.android.chrome/org.chromium.content.app.SandboxedProcessService0:0}
09-13 17:39:10.418  1859  1906 W ActivityManager: Slow operation: 94ms so far, now at startProcess: starting to update pids map
09-13 17:39:10.418  1859  1906 W ActivityManager: Slow operation: 94ms so far, now at startProcess: done updating pids map
09-13 17:39:10.668  1859  3166 D CompatibilityChangeReporter: Compat change id reported: 149924527; UID 10564; state: ENABLED
09-13 17:39:10.668  1859  3166 D CompatibilityChangeReporter: Compat change id reported: 132649864; UID 10564; state: DISABLED
09-13 17:39:10.670  1859  3166 D CompatibilityChangeReporter: Compat change id reported: 182734110; UID 10564; state: ENABLED
09-13 17:39:10.923  1859  2564 D CompatibilityChangeReporter: Compat change id reported: 214016041; UID 10362; state: ENABLED
09-13 17:39:12.376  1859  2405 D CompatibilityChangeReporter: Compat change id reported: 194532703; UID 10440; state: ENABLED
09-13 17:39:12.378  1859  5560 W JobScheduler: Job didn't exist in JobStore: ff1daca #u0a440/1163 de.wetteronline.wetterapp/androidx.work.impl.background.systemjob.SystemJobService
09-13 17:39:12.914  1859  2564 W AppOps  : Noting op not finished: uid 10361 pkg com.google.android.gms code 79 startTime of in progress event=1694615388358
09-13 17:39:12.917  1859  2564 W AppOps  : Noting op not finished: uid 10361 pkg com.google.android.gms code 79 startTime of in progress event=1694619178710
09-13 17:39:12.919  1859  5560 W AppOps  : Noting op not finished: uid 10361 pkg com.google.android.gms code 113 startTime of in progress event=1694615388358
09-13 17:39:12.922  1859  2405 W AppOps  : Noting op not finished: uid 10361 pkg com.google.android.gms code 113 startTime of in progress event=1694615388358
09-13 17:39:12.925  1859  2564 W AppOps  : Noting op not finished: uid 10361 pkg com.google.android.gms code 113 startTime of in progress event=1694615388358
09-13 17:39:12.927  1859  5560 W AppOps  : Noting op not finished: uid 10361 pkg com.google.android.gms code 113 startTime of in progress event=1694615388358
09-13 17:39:12.929  1859  2564 W AppOps  : Noting op not finished: uid 10361 pkg com.google.android.gms code 79 startTime of in progress event=1694615388358
09-13 17:39:12.932  1859  5560 W AppOps  : Noting op not finished: uid 10361 pkg com.google.android.gms code 79 startTime of in progress event=1694619178710
09-13 17:39:12.934  1859  2564 W AppOps  : Noting op not finished: uid 10361 pkg com.google.android.gms code 113 startTime of in progress event=1694615388358
09-13 17:39:12.937  1859  2726 W AppOps  : Noting op not finished: uid 10361 pkg com.google.android.gms code 113 startTime of in progress event=1694615388358
09-13 17:39:12.940  1859  2405 W AppOps  : Noting op not finished: uid 10361 pkg com.google.android.gms code 113 startTime of in progress event=1694615388358
09-13 17:39:12.943  1859  2405 W AppOps  : Noting op not finished: uid 10361 pkg com.google.android.gms code 113 startTime of in progress event=1694615388358
09-13 17:39:13.009  1859  2405 W AlarmManager: Alarms must either supply a PendingIntent or an AlarmReceiver
09-13 17:39:13.165  1859  2564 W ActivityManager: Unable to start service Intent { act=grpc.io.action.BIND cmp=com.google.android.googlequicksearchbox/com.google.android.apps.search.assistant.surfaces.dictation.service.endpoint.AssistantDictationService } U=0: not found
09-13 17:39:13.165  1859  2564 W ActivityManager: Unbind failed: could not find connection for android.os.BinderProxy@4a6de88
09-13 17:39:13.754  1859  2564 W AlarmManager: Alarms must either supply a PendingIntent or an AlarmReceiver
09-13 17:39:22.131  1859  1859 D CompatibilityChangeReporter: Compat change id reported: 168419799; UID 10440; state: DISABLED
09-13 17:39:22.132  1859  1859 D CompatibilityChangeReporter: Compat change id reported: 273564678; UID 10440; state: DISABLED
09-13 17:39:25.060  1859  2564 W ActivityManager: Unable to start service Intent { act=grpc.io.action.BIND cmp=com.google.android.googlequicksearchbox/com.google.android.apps.search.assistant.surfaces.dictation.service.endpoint.AssistantDictationService } U=0: not found
09-13 17:39:25.061  1859  2564 W ActivityManager: Unbind failed: could not find connection for android.os.BinderProxy@f3f5e2a
09-13 17:39:29.334  1859  5560 D CompatibilityChangeReporter: Compat change id reported: 197654537; UID 10362; state: ENABLED
09-13 17:39:29.341  1859  5560 D CompatibilityChangeReporter: Compat change id reported: 181136395; UID 10362; state: DISABLED
09-13 17:39:29.341  1859  5560 D CompatibilityChangeReporter: Compat change id reported: 174042936; UID 10362; state: DISABLED
09-13 17:39:29.387  1859  1898 V WindowManager: Unknown focus tokens, dropping reportFocusChanged
09-13 17:39:29.742  1859  1898 V WindowManager: Unknown focus tokens, dropping reportFocusChanged
09-13 17:39:30.674  1859  2838 D CoreBackPreview: Window{4126e43 u0 com.google.android.googlequicksearchbox/com.google.android.googlequicksearchbox.SearchActivity}: Setting back callback null
09-13 17:39:30.676  1859  1904 W UsageStatsService: Unexpected activity event reported! (com.google.android.googlequicksearchbox/com.google.android.apps.search.googleapp.activity.GoogleAppActivity event : 23 instanceId : 159358021)
09-13 17:39:30.681  1859  5560 I ActivityManager: Killing 13588:com.android.webview:sandboxed_process0:org.chromium.content.app.SandboxedProcessService0:1/u0a362i170 (adj 905): remove task
09-13 17:39:30.706  1859  2838 W ActivityManager: Scheduling restart of crashed service com.google.android.googlequicksearchbox/org.chromium.content.app.SandboxedProcessService0:1 in 10000ms for connection
09-13 17:39:30.710  1859  2405 E AppOps  : package audioserver not found, can't check for attributionTag null
09-13 17:39:30.720  1859  1912 E KernelCpuSpeedReader: Failed to read cpu-freq: /sys/devices/system/cpu/cpu0/cpufreq/stats/time_in_state: open failed: ENOENT (No such file or directory)
09-13 17:39:30.720  1859  1912 E KernelCpuSpeedReader: Failed to read cpu-freq: /sys/devices/system/cpu/cpu4/cpufreq/stats/time_in_state: open failed: ENOENT (No such file or directory)
09-13 17:39:30.720  1859  1912 E KernelCpuSpeedReader: Failed to read cpu-freq: /sys/devices/system/cpu/cpu7/cpufreq/stats/time_in_state: open failed: ENOENT (No such file or directory)
09-13 17:39:34.964  1859  1953 I DisplayPowerController[0]: BrightnessEvent: disp=0, physDisp=local:4630946687422888065, brt=0.0027703275, initBrt=0.17017186, rcmdBrt=0.0027703275, preBrt=0.17017186, lux=0.0, preLux=27.21303, hbmMax=1.0, hbmMode=off, rbcStrength=50, powerFactor=1.0, thrmMax=1.0, wasShortTermModelActive=false, flags=, reason=automatic, autoBrightness=true
09-13 17:39:34.966  1859  1859 I BrightnessSynchronizer: [1444] New Update 0.0027703275(f) set brightness values:  2(i)
09-13 17:39:34.966  1859  1953 I DisplayPowerController[0]: BrightnessEvent: disp=0, physDisp=local:4630946687422888065, brt=0.0027703275, initBrt=0.0027703275, rcmdBrt=0.0027703275, preBrt=0.17017186, lux=0.0, preLux=27.21303, hbmMax=1.0, hbmMode=off, rbcStrength=50, powerFactor=1.0, thrmMax=1.0, wasShortTermModelActive=false, flags=, reason=automatic, autoBrightness=true
09-13 17:39:34.967  1859  1859 I BrightnessSynchronizer: New PendingUpdate: {[1445] 0.0027703275(f), mUpdatedTypes=0, mConfirmedTypes=0, mTimeUpdated=0}, prev=null
09-13 17:39:34.967  1859  1953 I DisplayPowerController[0]: BrightnessEvent: disp=0, physDisp=local:4630946687422888065, brt=0.0027703275, initBrt=0.0027703275, rcmdBrt=0.0027703275, preBrt=0.17017186, lux=0.0, preLux=27.21303, hbmMax=1.0, hbmMode=off, rbcStrength=50, powerFactor=1.0, thrmMax=1.0, wasShortTermModelActive=false, flags=, reason=automatic, autoBrightness=true
09-13 17:39:34.968  1859  1859 I BrightnessSynchronizer: Swallowing update of 2(i) by update: {[1444] 0.0027703275(f), mUpdatedTypes=1, mConfirmedTypes=1, mTimeUpdated=73119150}
09-13 17:39:34.968  1859  1859 I BrightnessSynchronizer: Completed Update: {[1444] 0.0027703275(f), mUpdatedTypes=1, mConfirmedTypes=1, mTimeUpdated=73119150}
09-13 17:39:37.421  1859  1953 I DisplayPowerController[0]: BrightnessEvent: disp=0, physDisp=local:4630946687422888065, brt=0.0027703275, initBrt=0.0027703275, rcmdBrt=0.0027703275, preBrt=0.17017186, lux=0.0, preLux=0.0, hbmMax=1.0, hbmMode=off, rbcStrength=50, powerFactor=1.0, thrmMax=1.0, wasShortTermModelActive=false, flags=, reason=automatic, autoBrightness=true
09-13 17:39:40.207  1859  5560 W ContextImpl: Calling a method in the system process without a qualified user: android.app.ContextImpl.sendBroadcastMultiplePermissions:1222 com.android.server.TelephonyRegistry.broadcastServiceStateChanged:3092 com.android.server.TelephonyRegistry.notifyServiceStateForPhoneId:1618 com.android.internal.telephony.ITelephonyRegistry$Stub.onTransact:492 android.os.Binder.execTransactInternal:1280 
09-13 17:39:40.207  1859  5560 W ContextImpl: Calling a method in the system process without a qualified user: android.app.ContextImpl.sendBroadcastMultiplePermissions:1272 android.content.Context.sendBroadcastMultiplePermissions:2273 com.android.server.TelephonyRegistry.broadcastServiceStateChanged:3096 com.android.server.TelephonyRegistry.notifyServiceStateForPhoneId:1618 com.android.internal.telephony.ITelephonyRegistry$Stub.onTransact:492 
09-13 17:39:40.207  1859  1905 W BroadcastQueue: Permission Denial: receiving Intent { act=android.intent.action.SERVICE_STATE flg=0x1000010 (has extras) } to ProcessRecord{9883f40 2525:com.android.systemui/u0a389} (pid=2525, uid=10389) requires android.permission.ACCESS_FINE_LOCATION due to sender android (uid 1000)
09-13 17:39:40.208  1859  1905 W BroadcastQueue: Permission Denial: receiving Intent { act=android.intent.action.SERVICE_STATE flg=0x1000010 (has extras) } to com.android.cellbroadcastreceiver.module/com.android.cellbroadcastreceiver.CellBroadcastReceiver requires android.permission.ACCESS_FINE_LOCATION due to sender android (uid 1000)
09-13 17:39:40.209  1859  1905 W BroadcastQueue: Permission Denial: receiving Intent { act=android.intent.action.SERVICE_STATE flg=0x1000010 (has extras) } to ProcessRecord{9883f40 2525:com.android.systemui/u0a389} (pid=2525, uid=10389) requires android.permission.ACCESS_FINE_LOCATION due to sender android (uid 1000)
09-13 17:39:40.209  1859  5560 W ContextImpl: Calling a method in the system process without a qualified user: android.app.ContextImpl.sendBroadcastMultiplePermissions:1272 android.content.Context.sendBroadcastMultiplePermissions:2273 com.android.server.TelephonyRegistry.broadcastServiceStateChanged:3103 com.android.server.TelephonyRegistry.notifyServiceStateForPhoneId:1618 com.android.internal.telephony.ITelephonyRegistry$Stub.onTransact:492 
09-13 17:39:40.210  1859  5560 W ContextImpl: Calling a method in the system process without a qualified user: android.app.ContextImpl.sendBroadcastMultiplePermissions:1272 android.content.Context.sendBroadcastMultiplePermissions:2273 com.android.server.TelephonyRegistry.broadcastServiceStateChanged:3107 com.android.server.TelephonyRegistry.notifyServiceStateForPhoneId:1618 com.android.internal.telephony.ITelephonyRegistry$Stub.onTransact:492 
09-13 17:39:40.215  1859  5560 W BroadcastQueue: Appop Denial: receiving Intent { act=android.intent.action.SERVICE_STATE flg=0x1000010 (has extras) } to ProcessRecord{9883f40 2525:com.android.systemui/u0a389} (pid=2525, uid=10389) excludes appop android:read_phone_state due to sender android (uid 1000)
09-13 17:39:43.204  1859  2838 W ActivityManager: Unable to start service Intent { act=grpc.io.action.BIND cmp=com.google.android.googlequicksearchbox/com.google.android.apps.search.assistant.surfaces.dictation.service.endpoint.AssistantDictationService } U=0: not found
09-13 17:39:43.204  1859  2838 W ActivityManager: Unbind failed: could not find connection for android.os.BinderProxy@34a2019
09-13 17:39:47.905  1859  1905 W BroadcastQueue: Background execution not allowed: receiving Intent { act=android.net.wifi.SCAN_RESULTS flg=0x4000010 (has extras) } to de.payback.client.android/net.payback.proximity.sdk.wifi.receiver.WifiScanReceiver
09-13 17:39:54.119  1859  1953 V DisplayPowerController[0]: Brightness [0.0] reason changing to: 'automatic [ dim ]', previous reason: 'automatic'.
09-13 17:39:54.119  1859  1953 I DisplayPowerController[0]: BrightnessEvent: disp=0, physDisp=local:4630946687422888065, brt=0.0, initBrt=0.0027703275, rcmdBrt=0.0027703275, preBrt=0.17017186, lux=0.0, preLux=0.0, hbmMax=1.0, hbmMode=off, rbcStrength=50, powerFactor=1.0, thrmMax=1.0, wasShortTermModelActive=false, flags=, reason=automatic [ dim ], autoBrightness=true
09-13 17:39:54.257  1859  1953 I DisplayPowerController[0]: BrightnessEvent: disp=0, physDisp=local:4630946687422888065, brt=0.0, initBrt=0.0, rcmdBrt=0.0027703275, preBrt=0.17017186, lux=0.0, preLux=0.0, hbmMax=1.0, hbmMode=off, rbcStrength=50, powerFactor=1.0, thrmMax=1.0, wasShortTermModelActive=false, flags=, reason=automatic [ dim ], autoBrightness=true
09-13 17:40:00.117  1859  1953 I PowerGroup: Powering off display group due to timeout (groupId= 0, uid= 1000, millisSinceLastUserActivity=30000, lastUserActivityEvent=touch)...
09-13 17:40:00.117  1859  1953 I PowerManagerService: Going to sleep due to timeout (uid 1000, screenOffTimeout=30000, activityTimeoutWM=-1, maxDimRatio=0.20000005, maxDimDur=7000)...
09-13 17:40:00.127  1859  2564 D BiometricUtils: isEncrypted: false isLockdown: false
09-13 17:40:00.127  1859  1859 D BiometricScheduler/Fingerprint21: [Added] {[181] com.android.server.biometrics.sensors.fingerprint.hidl.FingerprintUpdateActiveUserClient, proto=1, owner=android, cookie=0, requestId=-1, userId=0}, new queue size: 1
09-13 17:40:00.127  1859  1859 D BiometricScheduler/Fingerprint21: [Polled] {[181] com.android.server.biometrics.sensors.fingerprint.hidl.FingerprintUpdateActiveUserClient, proto=1, owner=android, cookie=0, requestId=-1, userId=0}, State: 0
09-13 17:40:00.127  1859  1859 D BiometricScheduler/Fingerprint21: [Started] {[181] com.android.server.biometrics.sensors.fingerprint.hidl.FingerprintUpdateActiveUserClient, proto=1, owner=android, cookie=0, requestId=-1, userId=0}
09-13 17:40:00.127  1859  1859 D FingerprintUpdateActiveUserClient: Already user: com.android.server.biometrics.sensors.fingerprint.hidl.Fingerprint21$$ExternalSyntheticLambda20@169c5b6, returning
09-13 17:40:00.127  1859  1859 D BiometricSchedulerOperation: [Finished / destroy]: {[181] com.android.server.biometrics.sensors.fingerprint.hidl.FingerprintUpdateActiveUserClient, proto=1, owner=android, cookie=0, requestId=-1, userId=0}
09-13 17:40:00.127  1859  1859 V BiometricSchedulerOperation: started: {[181] com.android.server.biometrics.sensors.fingerprint.hidl.FingerprintUpdateActiveUserClient, proto=1, owner=android, cookie=0, requestId=-1, userId=0}, State: 5
09-13 17:40:00.128  1859  1859 D BiometricScheduler/Fingerprint21: [Added] {[182] com.android.server.biometrics.sensors.fingerprint.hidl.FingerprintAuthenticationClient, proto=3, owner=com.android.systemui, cookie=0, requestId=86, userId=0}, new queue size: 1
09-13 17:40:00.128  1859  1859 V BiometricScheduler/Fingerprint21: Not idle, current operation: {[181] com.android.server.biometrics.sensors.fingerprint.hidl.FingerprintUpdateActiveUserClient, proto=1, owner=android, cookie=0, requestId=-1, userId=0}, State: 5
09-13 17:40:00.128  1859  1859 D BiometricScheduler/Fingerprint21: [Finishing] {[181] com.android.server.biometrics.sensors.fingerprint.hidl.FingerprintUpdateActiveUserClient, proto=1, owner=android, cookie=0, requestId=-1, userId=0}, success: true
09-13 17:40:00.128  1859  1859 D BiometricScheduler/Fingerprint21: [Polled] {[182] com.android.server.biometrics.sensors.fingerprint.hidl.FingerprintAuthenticationClient, proto=3, owner=com.android.systemui, cookie=0, requestId=86, userId=0}, State: 0
09-13 17:40:00.128  1859  1859 D GestureAvailabilityTracker: Notifying gesture availability, active=false
09-13 17:40:00.128  1859  1859 D BiometricScheduler/Fingerprint21: [Started] {[182] com.android.server.biometrics.sensors.fingerprint.hidl.FingerprintAuthenticationClient, proto=3, owner=com.android.systemui, cookie=0, requestId=86, userId=0}
09-13 17:40:00.128  1859  1859 D BiometricCoexCoordinator: addAuthenticationClient(OtherFp), client: {[182] com.android.server.biometrics.sensors.fingerprint.hidl.FingerprintAuthenticationClient, proto=3, owner=com.android.systemui, cookie=0, requestId=86, userId=0}
